******************************************************************************
            TI ARM Clang Linker PC v3.2.2                      
******************************************************************************
>> Linked Sun Oct 20 19:07:03 2024

OUTPUT FILE NAME:   <gpiointerrupt_CC3220S_LAUNCHXL_nortos_ticlang.out>
ENTRY POINT SYMBOL: "resetISR"  address: 20011481


MEMORY CONFIGURATION

         name            origin    length      used     unused   attr    fill
----------------------  --------  ---------  --------  --------  ----  --------
  SRAM2                 20000000   00004000  0000130c  00002cf4  RW X
  SRAM                  20004000   0003c000  0000f49d  0002cb63  RW X
  LOG_DATA              90000000   00040000  00000000  00040000  R   
  LOG_PTR               94000008   00040000  00000000  00040000  R   


SEGMENT ALLOCATION MAP

run origin  load origin   length   init length attrs members
----------  ----------- ---------- ----------- ----- -------
20003000    20003000    00001000   00000000    rw-
  20003000    20003000    00001000   00000000    rw- .stack
20004000    20004000    00000040   00000040    r--
  20004000    20004000    00000040   00000040    r-- .resetVecs
20004040    20004040    00008000   00000000    rw-
  20004040    20004040    00008000   00000000    rw- .sysmem
2000c040    2000c040    00005b94   00005b94    r-x
  2000c040    2000c040    00005b94   00005b94    r-x .text
20011c00    20011c00    00000a13   00000000    rw-
  20011c00    20011c00    00000a13   00000000    rw- .bss
20012620    20012620    00000721   00000721    r--
  20012620    20012620    00000721   00000721    r-- .rodata
20012d48    20012d48    0000069d   00000000    rw-
  20012d48    20012d48    0000069d   00000000    rw- .data
200133e8    200133e8    000000f8   000000f8    r--
  200133e8    200133e8    000000f8   000000f8    r-- .cinit


SECTION ALLOCATION MAP

 output                                  attributes/
section   page    origin      length       input sections
--------  ----  ----------  ----------   ----------------
.text      0    2000c040    00005b94     
                  2000c040    0000086c     libc.a : _printfi.c.obj (.text:__TI_printfi_nofloat)
                  2000c8ac    000004b8     driverlib.a : prcm.obj (.text.PRCMCC3200MCUInit)
                  2000cd64    000003e4     drivers_cc32xx.a : PowerCC32XX.c.obj (.text.Power_sleep)
                  2000d148    00000222                      : UART2CC32XX.c.obj (.text.UART2CC32XX_hwiIntFxn)
                  2000d36a    00000002     ti_drivers_config.o (.text.Board_initHook)
                  2000d36c    000001cc     drivers_cc32xx.a : UART2CC32XX.c.obj (.text.UART2_open)
                  2000d538    00000178     gpiointerrupt.o (.text.initI2C)
                  2000d6b0    00000174     drivers_cc32xx.a : UART2.c.obj (.text.UART2_writeTimeoutBlocking)
                  2000d824    00000150     nortos_cc32xx.a : PowerCC32XX_nortos.c.obj (.text.PowerCC32XX_sleepPolicy)
                  2000d974    00000148     drivers_cc32xx.a : TimerCC32XX.c.obj (.text.Timer_open)
                  2000dabc    00000140                      : GPIOCC32XX.c.obj (.text.GPIO_setConfig)
                  2000dbfc    00000138                      : I2CCC32XX.c.obj (.text.I2CCC32XX_hwiFxn)
                  2000dd34    00000126                      : I2C.c.obj (.text.I2C_transferTimeout)
                  2000de5a    00000002                      : I2C.c.obj (.text.I2C_init)
                  2000de5c    00000120     libc.a : memory.c.obj (.text.aligned_alloc)
                  2000df7c    0000011a     drivers_cc32xx.a : UART2.c.obj (.text.UART2_writeTimeoutNonblocking)
                  2000e096    00000112     driverlib.a : udma.obj (.text.uDMAChannelTransferSet)
                  2000e1a8    000000fc     libclang_rt.builtins.a : muldf3.S.obj (.text.__muldf3)
                  2000e2a4    000000f0     libc.a : memory.c.obj (.text.free)
                  2000e394    000000ec     gpiointerrupt.o (.text.mainThread)
                  2000e480    000000e8     drivers_cc32xx.a : I2CCC32XX.c.obj (.text.I2C_open)
                  2000e568    000000e8                      : UART2CC32XX.c.obj (.text.UART2_close)
                  2000e650    000000cc                      : UART2CC32XX.c.obj (.text.UART2Support_dmaStartRx)
                  2000e71c    000000c8     driverlib.a : interrupt.obj (.text.IntDisable)
                  2000e7e4    000000c8                 : interrupt.obj (.text.IntEnable)
                  2000e8ac    000000c4     drivers_cc32xx.a : UART2CC32XX.c.obj (.text.UART2CC32XX_initHw)
                  2000e970    000000b8                      : UART2CC32XX.c.obj (.text.UART2Support_dmaStartTx)
                  2000ea28    000000b0     libclang_rt.builtins.a : udivmoddi4.S.obj (.text)
                  2000ead8    000000ac     driverlib.a : gpio.obj (.text.GPIOIntTypeSet)
                  2000eb84    000000a4                 : interrupt.obj (.text.IntPendSet)
                  2000ec28    000000a2                 : pin.obj (.text.PinConfigSet)
                  2000ecca    0000009c     drivers_cc32xx.a : I2CCC32XX.c.obj (.text.I2CCC32XX_completeTransfer)
                  2000ed66    00000002     nortos_cc32xx.a : PowerCC32XX_nortos.c.obj (.text.PowerCC32XX_initPolicy)
                  2000ed68    0000009c     gpiointerrupt.o (.text.readTemp)
                  2000ee04    00000098     driverlib.a : i2c.obj (.text.I2CMasterInitExpClk)
                  2000ee9c    00000098     nortos_cc32xx.a : SemaphoreP_nortos.c.obj (.text.SemaphoreP_pend)
                  2000ef34    0000000c     driverlib.a : cpu.obj (.text.CPUwfi)
                  2000ef40    00000096     drivers_cc32xx.a : PowerCC32XX_ticlang.asm.obj (.text)
                  2000efd6    00000092     driverlib.a : udma.obj (.text.uDMAChannelAttributeDisable)
                  2000f068    00000090     drivers_cc32xx.a : GPIOCC32XX.c.obj (.text.GPIO_init)
                  2000f0f8    0000008e     driverlib.a : prcm.obj (.text.PRCMSysResetCauseGet)
                  2000f186    00000002     nortos_cc32xx.a : SemaphoreP_nortos.c.obj (.text.SemaphoreP_destruct)
                  2000f188    00000088     drivers_cc32xx.a : PowerCC32XX.c.obj (.text.PowerCC32XX_configureWakeup)
                  2000f210    0000007a                      : I2CCC32XX.c.obj (.text.I2CCC32XX_primeReadBurst)
                  2000f28a    00000002                      : Timer.c.obj (.text.Timer_init)
                  2000f28c    00000078                      : PowerCC32XX.c.obj (.text.Power_init)
                  2000f304    00000074     nortos_cc32xx.a : HwiPCC32XX_nortos.c.obj (.text.HwiP_construct)
                  2000f378    00000074     driverlib.a : prcm.obj (.text.PRCMHibernateWakeUpGPIOSelect)
                  2000f3ec    00000074                 : uart.obj (.text.UARTConfigSetExpClk)
                  2000f460    00000070     libc.a : copy_decompress_lzss.c.obj (.text:decompress:lzss)
                  2000f4d0    0000006c     driverlib.a : pin.obj (.text.PinLockLevelSet)
                  2000f53c    0000006c     drivers_cc32xx.a : PowerCC32XX.c.obj (.text.Power_setDependency)
                  2000f5a8    0000006c                      : UDMACC32XX.c.obj (.text.UDMACC32XX_open)
                  2000f614    0000006c     gpiointerrupt.o (.text.initTimer)
                  2000f680    0000006c     drivers_cc32xx.a : GPIOCC32XX.c.obj (.text.powerNotifyFxn)
                  2000f6ec    0000006c     libc.a : memory.c.obj (.text.split)
                  2000f758    0000006a     driverlib.a : prcm.obj (.text.PRCMPeripheralReset)
                  2000f7c2    00000002     drivers_cc32xx.a : UART2CC32XX.c.obj (.text.UART2CC32XX_eventCallback)
                  2000f7c4    00000068                      : I2CCC32XX.c.obj (.text.I2CCC32XX_initHw)
                  2000f82c    00000068     driverlib.a : interrupt.obj (.text.IntPendClear)
                  2000f894    00000066     drivers_cc32xx.a : I2CCC32XX.c.obj (.text.I2CCC32XX_primeWriteBurst)
                  2000f8fa    00000002     libclang_rt.builtins.a : aeabi_div0.c.obj (.text.__aeabi_ldiv0)
                  2000f8fc    00000060     drivers_cc32xx.a : GPIOCC32XX.c.obj (.text.GPIO_write)
                  2000f95c    00000060                      : UART2CC32XX.c.obj (.text.UART2Support_dmaStopTx)
                  2000f9bc    0000005c     driverlib.a : flash.obj (.text.FlashDisable)
                  2000fa18    0000005c     drivers_cc32xx.a : I2CCC32XX.c.obj (.text.I2CSupport_primeTransfer)
                  2000fa74    0000005c     driverlib.a : prcm.obj (.text.PRCMHibernateWakeupSourceDisable)
                  2000fad0    0000005c     drivers_cc32xx.a : TimerCC32XX.c.obj (.text.TimerCC32XX_allocateTimerResource)
                  2000fb2c    0000005a     driverlib.a : prcm.obj (.text.PRCMPeripheralClkEnable)
                  2000fb86    00000002     libc.a : _lock.c.obj (.text._nop)
                  2000fb88    00000058     nortos_cc32xx.a : ClockPSysTick_nortos.c.obj (.text.ClockP_startup)
                  2000fbe0    00000058     driverlib.a : interrupt.obj (.text.IntPrioritySet)
                  2000fc38    00000056                 : prcm.obj (.text.PRCMLPDSEnter)
                  2000fc8e    00000002     nortos_cc32xx.a : startup_cc32xx_ticlang.c.obj (.text.busFaultHandler)
                  2000fc90    00000054     drivers_cc32xx.a : PowerCC32XX.c.obj (.text.PowerCC32XX_setParkState)
                  2000fce4    00000054                      : PowerCC32XX.c.obj (.text.Power_releaseDependency)
                  2000fd38    00000054     gpiointerrupt.o (.text.timerCallback)
                  2000fd8c    00000050     drivers_cc32xx.a : GPIOCC32XX.c.obj (.text.GPIO_hwiIntFxn)
                  2000fddc    00000050     driverlib.a : prcm.obj (.text.PRCMHibernateWakeupSourceEnable)
                  2000fe2c    00000050     nortos_cc32xx.a : SemaphoreP_nortos.c.obj (.text.SemaphoreP_construct)
                  2000fe7c    0000004e     driverlib.a : udma.obj (.text.uDMAChannelAssign)
                  2000feca    00000002     nortos_cc32xx.a : SemaphoreP_nortos.c.obj (.text.clkFxn)
                  2000fecc    0000004c     drivers_cc32xx.a : GPIOCC32XX.c.obj (.text.GPIO_setInterruptConfig)
                  2000ff18    0000004c     driverlib.a : prcm.obj (.text.PRCMLPDSRestoreInfoSet)
                  2000ff64    0000004c     drivers_cc32xx.a : TimerCC32XX.c.obj (.text.initHw)
                  2000ffb0    0000004a                      : UART2CC32XX.c.obj (.text.UART2Support_dmaStopRx)
                  2000fffa    0000004a                      : TimerCC32XX.c.obj (.text.getPrescaler)
                  20010044    0000004a     driverlib.a : udma.obj (.text.uDMAChannelSizeGet)
                  2001008e    00000002     nortos_cc32xx.a : startup_cc32xx_ticlang.c.obj (.text.defaultHandler)
                  20010090    00000048                     : ClockPSysTick_nortos.c.obj (.text.ClockP_sysTickHandler)
                  200100d8    00000048     driverlib.a : prcm.obj (.text.PRCMIntEnable)
                  20010120    00000048                 : prcm.obj (.text.PRCMPeripheralStatusGet)
                  20010168    00000048                 : pin.obj (.text.PinConfigGet)
                  200101b0    00000048     libclang_rt.builtins.a : fixdfsi.S.obj (.text.__fixdfsi)
                  200101f8    00000046     drivers_cc32xx.a : I2CCC32XX.c.obj (.text.I2CCC32XX_fillTransmitFifo)
                  2001023e    00000046     driverlib.a : prcm.obj (.text.PRCMLPDSEnterKeepDebugIf)
                  20010284    00000046     drivers_cc32xx.a : RingBuf.c.obj (.text.RingBuf_put)
                  200102ca    00000044     driverlib.a : gpio.obj (.text.GPIODirModeSet)
                  2001030e    00000002     nortos_cc32xx.a : startup_cc32xx_ticlang.c.obj (.text.faultISR)
                  20010310    00000044     drivers_cc32xx.a : GPIOCC32XX.c.obj (.text.GPIO_disableInt)
                  20010354    00000044                      : GPIOCC32XX.c.obj (.text.GPIO_enableInt)
                  20010398    00000044                      : PowerCC32XX.c.obj (.text.Power_releaseConstraint)
                  200103dc    00000044                      : Timer.c.obj (.text.Timer_start)
                  20010420    00000044     nortos_cc32xx.a : ClockPSysTick_nortos.c.obj (.text.addToList)
                  20010464    00000044     libc.a : snprintf.c.obj (.text.snprintf)
                  200104a8    00000042     driverlib.a : pin.obj (.text.PinModeSet)
                  200104ea    00000042                 : timer.obj (.text.TimerControlStall)
                  2001052c    00000042     drivers_cc32xx.a : TimerCC32XX.c.obj (.text.Timer_close)
                  2001056e    00000042     nortos_cc32xx.a : PowerCC32XX_nortos.c.obj (.text.getCountsRTC)
                  200105b0    00000040                     : SemaphoreP_nortos.c.obj (.text.SemaphoreP_post)
                  200105f0    00000040     drivers_cc32xx.a : Timer.c.obj (.text.Timer_stop)
                  20010630    00000040     libc.a : atoi.c.obj (.text.atoi)
                  20010670    00000040     gpiointerrupt.o (.text.sendUARTMessage)
                  200106b0    00000040     driverlib.a : udma.obj (.text.uDMAChannelControlSet)
                  200106f0    0000003e                 : pin.obj (.text.PinDirModeSet)
                  2001072e    00000002     nortos_cc32xx.a : startup_cc32xx_ticlang.c.obj (.text.nmiISR)
                  20010730    0000003c                     : ClockPSysTick_nortos.c.obj (.text.ClockP_stop)
                  2001076c    0000003c     drivers_cc32xx.a : UDMACC32XX.c.obj (.text.UDMACC32XX_init)
                  200107a8    0000003a                      : TimerCC32XX.c.obj (.text.TimerSupport_timerEnable)
                  200107e2    00000002     --HOLE-- [fill = 0]
                  200107e4    00000038     nortos_cc32xx.a : ClockPSysTick_nortos.c.obj (.text.ClockP_destruct)
                  2001081c    00000038     drivers_cc32xx.a : PowerCC32XX.c.obj (.text.Power_setConstraint)
                  20010854    00000038                      : RingBuf.c.obj (.text.RingBuf_putAdvance)
                  2001088c    00000038     nortos_cc32xx.a : SwiP_nortos.c.obj (.text.SwiP_restore)
                  200108c4    00000038     drivers_cc32xx.a : UDMACC32XX.c.obj (.text.UDMACC32XX_close)
                  200108fc    00000038     libc.a : autoinit.c.obj (.text:__TI_auto_init_nobinit_nopinit)
                  20010934    00000036     driverlib.a : pin.obj (.text.PinLock)
                  2001096a    00000036     drivers_cc32xx.a : TimerCC32XX.c.obj (.text.TimerCC32XX_hwiIntFunction)
                  200109a0    00000036     driverlib.a : uart.obj (.text.UARTCharPutNonBlocking)
                  200109d6    00000002     --HOLE-- [fill = 0]
                  200109d8    00000034     nortos_cc32xx.a : ClockPSysTick_nortos.c.obj (.text.ClockP_start)
                  20010a0c    00000034     driverlib.a : i2c.obj (.text.I2CFIFODataPutNonBlocking)
                  20010a40    00000034                 : pin.obj (.text.PinDirModeGet)
                  20010a74    00000034                 : pin.obj (.text.PinModeGet)
                  20010aa8    00000034     drivers_cc32xx.a : PowerCC32XX.c.obj (.text.PowerCC32XX_parkPin)
                  20010adc    00000034                      : TimerCC32XX.c.obj (.text.TimerCC32XX_freeTimerResource)
                  20010b10    00000034                      : UART2.c.obj (.text.UART2_rxDisable)
                  20010b44    00000034     nortos_cc32xx.a : startup_cc32xx_ticlang.c.obj (.text.initVectors)
                  20010b78    00000030                     : ClockPSysTick_nortos.c.obj (.text.ClockP_getTicksUntilInterrupt)
                  20010ba8    00000030     driverlib.a : i2c.obj (.text.I2CFIFODataGetNonBlocking)
                  20010bd8    00000030                 : prcm.obj (.text.PRCMLPDSIntervalSet)
                  20010c08    00000030                 : prcm.obj (.text.PRCMSlowClkCtrFastGet)
                  20010c38    00000030                 : timer.obj (.text.TimerLoadSet)
                  20010c68    00000030                 : timer.obj (.text.TimerPrescaleSet)
                  20010c98    00000030     libc.a : snprintf.c.obj (.text._outs)
                  20010cc8    00000030     drivers_cc32xx.a : PowerCC32XX.c.obj (.text.notify)
                  20010cf8    0000002e     driverlib.a : gpio.obj (.text.GPIOIntStatus)
                  20010d26    0000002e     drivers_cc32xx.a : RingBuf.c.obj (.text.RingBuf_getConsume)
                  20010d54    0000002e                      : RingBuf.c.obj (.text.RingBuf_putPointer)
                  20010d82    0000002e     driverlib.a : uart.obj (.text.UARTDisable)
                  20010db0    0000002e     libclang_rt.builtins.a : floatsidf.S.obj (.text.__floatsidf)
                  20010dde    0000002c     driverlib.a : i2c.obj (.text.I2CMasterIntStatusEx)
                  20010e0a    0000002c     drivers_cc32xx.a : UART2CC32XX.c.obj (.text.UART2CC32XX_getRxData)
                  20010e36    00000002     --HOLE-- [fill = 0]
                  20010e38    0000002c     gpiointerrupt.o (.text.initUART)
                  20010e64    0000002a     nortos_cc32xx.a : HwiPCC32XX_nortos.c.obj (.text.HwiP_create)
                  20010e8e    0000002a     driverlib.a : prcm.obj (.text.PRCMLPDSWakeUpGPIOSelect)
                  20010eb8    0000002a                 : prcm.obj (.text.PRCMPeripheralClkDisable)
                  20010ee2    0000002a                 : uart.obj (.text.UARTIntStatus)
                  20010f0c    00000028                 : i2c.obj (.text.I2CMasterBusBusy)
                  20010f34    00000028                 : i2c.obj (.text.I2CMasterSlaveAddrSet)
                  20010f5c    00000028                 : i2c.obj (.text.I2CTxFIFOConfigSet)
                  20010f84    00000028     drivers_cc32xx.a : I2C.c.obj (.text.I2C_cancel)
                  20010fac    00000028                      : List.c.obj (.text.List_remove)
                  20010fd4    00000028     driverlib.a : prcm.obj (.text.PRCMSRAMRetentionEnable)
                  20010ffc    00000028     drivers_cc32xx.a : PowerCC32XX.c.obj (.text.PowerCC32XX_getParkState)
                  20011024    00000028                      : TimerCC32XX.c.obj (.text.TimerSupport_timerDisable)
                  2001104c    00000028     libc.a : memory.c.obj (.text.free_list_insert)
                  20011074    00000024     driverlib.a : i2c.obj (.text.I2CRxFIFOConfigSet)
                  20011098    00000024                 : interrupt.obj (.text.IntUnregister)
                  200110bc    00000024     drivers_cc32xx.a : List.c.obj (.text.List_put)
                  200110e0    00000024     driverlib.a : prcm.obj (.text.PRCMLPDSWakeupSourceEnable)
                  20011104    00000024     drivers_cc32xx.a : PowerCC32XX.c.obj (.text.PowerCC32XX_restoreParkState)
                  20011128    00000024                      : PowerCC32XX.c.obj (.text.PowerCC32XX_restoreParkedPin)
                  2001114c    00000024                      : PowerCC32XX.c.obj (.text.Power_registerNotify)
                  20011170    00000024                      : UART2CC32XX.c.obj (.text.UART2Support_disableRx)
                  20011194    00000024     libc.a : boot_cortex_m.c.obj (.text:_c_int00_noargs)
                  200111b8    00000022     driverlib.a : gpio.obj (.text.GPIOPinWrite)
                  200111da    00000022                 : pin.obj (.text.PinUnlock)
                  200111fc    00000022     drivers_cc32xx.a : RingBuf.c.obj (.text.RingBuf_getPointer)
                  2001121e    00000022                      : UART2CC32XX.c.obj (.text.UART2Support_sendData)
                  20011240    00000020     driverlib.a : interrupt.obj (.text.IntRegister)
                  20011260    00000020                 : pin.obj (.text.PinTypeI2C)
                  20011280    00000020     drivers_cc32xx.a : PowerCC32XX.c.obj (.text.PowerCC32XX_reset)
                  200112a0    00000020                      : PowerCC32XX.c.obj (.text.Power_unregisterNotify)
                  200112c0    00000020     nortos_cc32xx.a : SemaphoreP_nortos.c.obj (.text.SemaphoreP_constructBinary)
                  200112e0    00000020                     : SemaphoreP_nortos.c.obj (.text.SemaphoreP_createBinary)
                  20011300    00000020     driverlib.a : timer.obj (.text.TimerDisable)
                  20011320    0000001e                 : pin.obj (.text.PinTypeUART)
                  2001133e    0000001e     drivers_cc32xx.a : UART2.c.obj (.text.UART2_writeTimeout)
                  2001135c    0000001e     driverlib.a : uart.obj (.text.UARTEnable)
                  2001137a    0000001e     libc.a : memccpy.c.obj (.text.memccpy)
                  20011398    0000001e     driverlib.a : udma.obj (.text.uDMAChannelDisable)
                  200113b6    0000001e                 : udma.obj (.text.uDMAChannelEnable)
                  200113d4    0000001e                 : udma.obj (.text.uDMAChannelIsEnabled)
                  200113f2    00000002     --HOLE-- [fill = 0]
                  200113f4    0000001c     drivers_cc32xx.a : GPIO.c.obj (.text.GPIO_setCallback)
                  20011410    0000001c     nortos_cc32xx.a : HwiPCC32XX_nortos.c.obj (.text.HwiP_dispatch)
                  2001142c    0000001c                     : SwiP_nortos.c.obj (.text.SwiP_disable)
                  20011448    0000001c     libc.a : memory.c.obj (.text.free_list_remove)
                  20011464    0000001c     drivers_cc32xx.a : TimerCC32XX.c.obj (.text.getPowerMgrId)
                  20011480    0000001c     nortos_cc32xx.a : startup_cc32xx_ticlang.c.obj (.text.resetISR)
                  2001149c    0000001a     driverlib.a : gpio.obj (.text.GPIOIntDisable)
                  200114b6    0000001a                 : prcm.obj (.text.PRCMHIBRegRead)
                  200114d0    0000001a                 : prcm.obj (.text.PRCMHIBRegWrite)
                  200114ea    0000001a                 : prcm.obj (.text.PRCMLPDSWakeupSourceDisable)
                  20011504    0000001a                 : pin.obj (.text.PinToPadGet)
                  2001151e    0000001a                 : timer.obj (.text.TimerEnable)
                  20011538    0000001a                 : uart.obj (.text.UARTFlowControlSet)
                  20011552    00000018                 : gpio.obj (.text.GPIOIntEnable)
                  2001156a    00000018     nortos_cc32xx.a : SemaphoreP_nortos.c.obj (.text.SemaphoreP_create)
                  20011582    00000018     libc.a : snprintf.c.obj (.text._outc)
                  2001159a    00000002     --HOLE-- [fill = 0]
                  2001159c    00000018     gpiointerrupt.o (.text.controlHeater)
                  200115b4    00000016     ti_drivers_config.o (.text.Board_init)
                  200115ca    00000016     driverlib.a : i2c.obj (.text.I2CMasterBurstLengthSet)
                  200115e0    00000016                 : i2c.obj (.text.I2CMasterIntDisableEx)
                  200115f6    00000016                 : i2c.obj (.text.I2CRxFIFOFlush)
                  2001160c    00000016                 : i2c.obj (.text.I2CTxFIFOFlush)
                  20011622    00000016                 : systick.obj (.text.SysTickPeriodSet)
                  20011638    00000016                 : timer.obj (.text.TimerIntDisable)
                  2001164e    00000016                 : uart.obj (.text.UARTCharsAvail)
                  20011664    00000016                 : uart.obj (.text.UARTDMADisable)
                  2001167a    00000016                 : uart.obj (.text.UARTFIFOLevelSet)
                  20011690    00000016                 : uart.obj (.text.UARTIntDisable)
                  200116a6    00000014                 : cpu.obj (.text.CPUcpsid)
                  200116ba    00000014                 : cpu.obj (.text.CPUcpsie)
                  200116ce    00000014     nortos_cc32xx.a : HwiPCC32XX_nortos.c.obj (.text.HwiP_destruct)
                  200116e2    00000014     driverlib.a : i2c.obj (.text.I2CMasterIntEnableEx)
                  200116f6    00000014                 : interrupt.obj (.text.IntVTableBaseSet)
                  2001170a    00000002     --HOLE-- [fill = 0]
                  2001170c    00000014     drivers_cc32xx.a : PowerCC32XX.c.obj (.text.Power_disablePolicy)
                  20011720    00000014                      : PowerCC32XX.c.obj (.text.Power_getTransitionLatency)
                  20011734    00000014                      : PowerCC32XX.c.obj (.text.Power_idleFunc)
                  20011748    00000014     driverlib.a : timer.obj (.text.TimerIntEnable)
                  2001175c    00000014                 : uart.obj (.text.UARTDMAEnable)
                  20011770    00000014                 : uart.obj (.text.UARTIntEnable)
                  20011784    00000014     libclang_rt.builtins.a : aeabi_uldivmod.S.obj (.text.__aeabi_uldivmod)
                  20011798    00000014     driverlib.a : udma.obj (.text.uDMAControlBaseSet)
                  200117ac    00000014                 : udma.obj (.text.uDMAIntClear)
                  200117c0    00000012     nortos_cc32xx.a : ClockPSysTick_nortos.c.obj (.text.ClockP_add)
                  200117d2    00000012     driverlib.a : gpio.obj (.text.GPIOIntClear)
                  200117e4    00000012     nortos_cc32xx.a : HwiPCC32XX_nortos.c.obj (.text.HwiP_Params_init)
                  200117f6    00000012                     : HwiPCC32XX_nortos.c.obj (.text.HwiP_delete)
                  20011808    00000012     driverlib.a : i2c.obj (.text.I2CMasterDisable)
                  2001181a    00000012                 : i2c.obj (.text.I2CMasterEnable)
                  2001182c    00000012     drivers_cc32xx.a : I2C.c.obj (.text.I2C_transfer)
                  2001183e    00000012     driverlib.a : systick.obj (.text.SysTickEnable)
                  20011850    00000012                 : systick.obj (.text.SysTickIntDisable)
                  20011862    00000012                 : systick.obj (.text.SysTickIntEnable)
                  20011874    00000012     drivers_cc32xx.a : UDMACC32XX.c.obj (.text.postNotifyFxn)
                  20011886    00000012     libc.a : memcpy_t2.S.obj (.text:TI_memcpy_small)
                  20011898    00000010     nortos_cc32xx.a : ClockPSysTick_nortos.c.obj (.text.ClockP_getCpuFreq)
                  200118a8    00000010                     : ClockPSysTick_nortos.c.obj (.text.ClockP_getSystemTicks)
                  200118b8    00000010                     : ClockPSysTick_nortos.c.obj (.text.ClockP_setTicks)
                  200118c8    00000010                     : HwiPCC32XX_nortos.c.obj (.text.HwiP_inISR)
                  200118d8    00000010     driverlib.a : i2c.obj (.text.I2CMasterControl)
                  200118e8    00000010                 : i2c.obj (.text.I2CMasterIntClearEx)
                  200118f8    00000010                 : i2c.obj (.text.I2CMasterTimeoutSet)
                  20011908    00000010     drivers_cc32xx.a : PowerCC32XX.c.obj (.text.Power_enablePolicy)
                  20011918    00000010                      : RingBuf.c.obj (.text.RingBuf_construct)
                  20011928    00000010     driverlib.a : timer.obj (.text.TimerIntClear)
                  20011938    00000010     drivers_cc32xx.a : Timer.c.obj (.text.Timer_Params_init)
                  20011948    00000010                      : UART2CC32XX.c.obj (.text.UART2Support_txDone)
                  20011958    00000010     driverlib.a : uart.obj (.text.UARTBusy)
                  20011968    00000010                 : uart.obj (.text.UARTIntClear)
                  20011978    00000010                 : uart.obj (.text.UARTRxErrorGet)
                  20011988    00000010     main_nortos.o (.text.main)
                  20011998    00000010     libc.a : wcslen.c.obj (.text.wcslen)
                  200119a8    00000010            : copy_zero_init.c.obj (.text:decompress:ZI)
                  200119b8    0000000e     nortos_cc32xx.a : HwiPCC32XX_nortos.c.obj (.text.HwiP_interruptsEnabled)
                  200119c6    0000000e     driverlib.a : i2c.obj (.text.I2CFIFOStatus)
                  200119d4    0000000e     drivers_cc32xx.a : UART2.c.obj (.text.UART2_write)
                  200119e2    0000000e     libc.a : _printfi.c.obj (.text.strlen)
                  200119f0    0000000e     driverlib.a : udma.obj (.text.uDMAEnable)
                  200119fe    0000000e                 : udma.obj (.text.uDMAErrorStatusClear)
                  20011a0c    0000000e     libc.a : memset_t2.S.obj (.text:TI_memset_small)
                  20011a1a    0000000e            : copy_decompress_none.c.obj (.text:decompress:none)
                  20011a28    0000000c     drivers_cc32xx.a : I2CCC32XX.c.obj (.text.I2CCC32XX_postNotify)
                  20011a34    0000000c                      : I2C.c.obj (.text.I2C_Params_init)
                  20011a40    0000000c                      : I2CCC32XX.c.obj (.text.OUTLINED_FUNCTION_0)
                  20011a4c    0000000c                      : UART2CC32XX.c.obj (.text.OUTLINED_FUNCTION_0)
                  20011a58    0000000c     gpiointerrupt.o (.text.OUTLINED_FUNCTION_0)
                  20011a64    0000000c     gpiointerrupt.o (.text.OUTLINED_FUNCTION_1)
                  20011a70    0000000c     gpiointerrupt.o (.text.OUTLINED_FUNCTION_2)
                  20011a7c    0000000c     driverlib.a : prcm.obj (.text.PRCMLPDSWakeupCauseGet)
                  20011a88    0000000c     drivers_cc32xx.a : PowerCC32XX.c.obj (.text.Power_getConstraintMask)
                  20011a94    0000000c                      : UART2CC32XX.c.obj (.text.UART2CC32XX_postNotifyFxn)
                  20011aa0    0000000c                      : UART2CC32XX.c.obj (.text.UART2Support_disableTx)
                  20011aac    0000000c                      : UART2CC32XX.c.obj (.text.UART2Support_enableTx)
                  20011ab8    0000000c                      : UART2.c.obj (.text.UART2_Params_init)
                  20011ac4    0000000c     gpiointerrupt.o (.text.gpioButtonFxn0)
                  20011ad0    0000000c     gpiointerrupt.o (.text.gpioButtonFxn1)
                  20011adc    0000000c     drivers_cc32xx.a : TimerCC32XX.c.obj (.text.postNotifyFxn)
                  20011ae8    0000000c     driverlib.a : udma.obj (.text.uDMAErrorStatusGet)
                  20011af4    0000000a                 : cpu.obj (.text.CPUprimask)
                  20011afe    0000000a     nortos_cc32xx.a : ClockPSysTick_nortos.c.obj (.text.ClockP_isActive)
                  20011b08    0000000a     driverlib.a : interrupt.obj (.text.IntMasterDisable)
                  20011b12    0000000a                 : interrupt.obj (.text.IntMasterEnable)
                  20011b1c    0000000a     drivers_cc32xx.a : UART2CC32XX.c.obj (.text.OUTLINED_FUNCTION_1)
                  20011b26    0000000a                      : UART2CC32XX.c.obj (.text.OUTLINED_FUNCTION_2)
                  20011b30    0000000a     libclang_rt.builtins.a : aeabi_memset.S.obj (.text.__aeabi_memset)
                  20011b3a    0000000a     ti_drivers_config.o (.text.dmaErrorFxn)
                  20011b44    00000008     nortos_cc32xx.a : HwiPCC32XX_nortos.c.obj (.text.HwiP_disable)
                  20011b4c    00000008                     : HwiPCC32XX_nortos.c.obj (.text.HwiP_restore)
                  20011b54    00000008     drivers_cc32xx.a : I2CCC32XX.c.obj (.text.I2CCC32XX_blockingCallback)
                  20011b5c    00000008                      : I2CCC32XX.c.obj (.text.I2CSupport_controllerFinish)
                  20011b64    00000008     driverlib.a : prcm.obj (.text.PRCMSleepEnter)
                  20011b6c    00000008                 : utils.obj (.text.UtilsDelay)
                  20011b74    00000008     libc.a : aeabi_portable.c.obj (.text.__aeabi_errno_addr)
                  20011b7c    00000008     libclang_rt.builtins.a : aeabi_memset.S.obj (.text.__aeabi_memclr)
                  20011b84    00000008     libc.a : memory.c.obj (.text.malloc)
                  20011b8c    00000006     drivers_cc32xx.a : I2CCC32XX.c.obj (.text.I2CSupport_powerRelConstraint)
                  20011b92    00000006                      : I2CCC32XX.c.obj (.text.I2CSupport_powerSetConstraint)
                  20011b98    00000006                      : UART2CC32XX.c.obj (.text.UART2Support_powerRelConstraint)
                  20011b9e    00000004     nortos_cc32xx.a : ClockPSysTick_nortos.c.obj (.text.ClockP_doTick)
                  20011ba2    00000004                     : HwiPCC32XX_nortos.c.obj (.text.HwiP_clearInterrupt)
                  20011ba6    00000004                     : HwiPCC32XX_nortos.c.obj (.text.HwiP_disableInterrupt)
                  20011baa    00000004                     : HwiPCC32XX_nortos.c.obj (.text.HwiP_enable)
                  20011bae    00000004                     : HwiPCC32XX_nortos.c.obj (.text.HwiP_enableInterrupt)
                  20011bb2    00000004                     : HwiPCC32XX_nortos.c.obj (.text.HwiP_post)
                  20011bb6    00000004     driverlib.a : interrupt.obj (.text.IntDefaultHandler)
                  20011bba    00000004     nortos_cc32xx.a : NoRTOS.c.obj (.text.NoRTOS_start)
                  20011bbe    00000004     drivers_cc32xx.a : RingBuf.c.obj (.text.RingBuf_getCount)
                  20011bc2    00000004     nortos_cc32xx.a : SemaphoreP_nortos.c.obj (.text.SemaphoreP_delete)
                  20011bc6    00000002     --HOLE-- [fill = 0]
                  20011bc8    00000004     libclang_rt.builtins.a : aeabi_memcpy.S.obj (.text.__aeabi_memcpy)
                  20011bcc    00000004     libc.a : pre_init.c.obj (.text._system_pre_init)
                  20011bd0    00000004            : exit.c.obj (.text:abort)

.ramVecs   0    20000000    0000030c     NOLOAD SECTION
                  20000000    0000030c     nortos_cc32xx.a : startup_cc32xx_ticlang.c.obj (.ramVecs)

.stack     0    20003000    00001000     UNINITIALIZED
                  20003000    00000004     libc.a : boot_cortex_m.c.obj (.stack)
                  20003004    00000ffc     --HOLE--

.resetVecs 
*          0    20004000    00000040     
                  20004000    00000040     nortos_cc32xx.a : startup_cc32xx_ticlang.c.obj (.resetVecs)

.sysmem    0    20004040    00008000     UNINITIALIZED
                  20004040    00000010     libc.a : memory.c.obj (.sysmem)
                  20004050    00007ff0     --HOLE--

.bss       0    20011c00    00000a13     UNINITIALIZED
                  20011c00    00000400     ti_drivers_config.o (.bss.dmaControlTable)
                  20012000    00000178     (.common:uart2CC32XXObjects0)
                  20012178    0000012c     (.common:PowerCC32XX_contextSave)
                  200122a4    000000fc     (.common:i2cCC32XXObjects)
                  200123a0    00000084     (.common:gpioCallbackFunctions)
                  20012424    00000084     (.common:gpioUserArgs)
                  200124a8    00000084     (.common:timerCC32XXObjects)
                  2001252c    00000040     (.common:output)
                  2001256c    00000020     ti_drivers_config.o (.bss.uart2RxRingBuffer0)
                  2001258c    00000020     ti_drivers_config.o (.bss.uart2TxRingBuffer0)
                  200125ac    00000020     (.common:i2cTransaction)
                  200125cc    00000014     drivers_cc32xx.a : UDMACC32XX.c.obj (.bss.postNotifyObj)
                  200125e0    00000010     (.common:ClockP_ctrl)
                  200125f0    00000008     (.common:udmaCC3220SObject)
                  200125f8    00000004     nortos_cc32xx.a : ClockPSysTick_nortos.c.obj (.bss.sysTickPeriod)
                  200125fc    00000004     libc.a : memory.c.obj (.bss.sys_free)
                  20012600    00000004     drivers_cc32xx.a : TimerCC32XX.c.obj (.bss.timerState.0)
                  20012604    00000004     (.common:i2c)
                  20012608    00000004     (.common:timer0)
                  2001260c    00000004     (.common:uart)
                  20012610    00000002     (.common:rxBuffer)
                  20012612    00000001     (.common:txBuffer)

.rodata    0    20012620    00000721     
                  20012620    00000101     libc.a : aeabi_ctype.S.obj (.rodata:__aeabi_ctype_table_)
                  20012721    00000002     drivers_cc32xx.a : UART2CC32XX.c.obj (.rodata.stopBits)
                  20012723    00000001     ti_drivers_config.o (.rodata.GPIO_pinUpperBound)
                  20012724    00000100     driverlib.a : pin.obj (.rodata.g_ulPinToPadMap)
                  20012824    000000d4                 : interrupt.obj (.rodata.g_pulRegs)
                  200128f8    000000a8                 : prcm.obj (.rodata.PRCM_PeriphRegsList)
                  200129a0    00000048     gpiointerrupt.o (.rodata.str1.88141095010518599421)
                  200129e8    00000044     ti_drivers_config.o (.rodata.PowerCC32XX_config)
                  20012a2c    00000038     ti_drivers_config.o (.rodata.uart2CC32XXHWAttrs0)
                  20012a64    00000032     gpiointerrupt.o (.rodata.str1.59672170090002130734)
                  20012a96    00000001     ti_drivers_config.o (.rodata.I2C_count)
                  20012a97    00000001     ti_drivers_config.o (.rodata.Timer_count)
                  20012a98    00000028     drivers_cc32xx.a : GPIOCC32XX.c.obj (.rodata.portConfigs)
                  20012ac0    00000028     gpiointerrupt.o (.rodata.str1.117259490511853709771)
                  20012ae8    00000026     gpiointerrupt.o (.rodata.str1.75752999448730089091)
                  20012b0e    00000026     gpiointerrupt.o (.rodata.str1.99899187528894583921)
                  20012b34    00000024     drivers_cc32xx.a : UART2.c.obj (.rodata.UART2_defaultParams)
                  20012b58    00000021                      : GPIOCC32XX.c.obj (.rodata.pinTable)
                  20012b79    00000021     gpiointerrupt.o (.rodata.str1.172639838942318644741)
                  20012b9a    00000001     ti_drivers_config.o (.rodata.UART2_count)
                  20012b9b    00000001     --HOLE-- [fill = 0]
                  20012b9c    0000001b     gpiointerrupt.o (.rodata.str1.119337933097536889414)
                  20012bb7    00000001     --HOLE-- [fill = 0]
                  20012bb8    00000018     driverlib.a : interrupt.obj (.rodata.g_pulDisRegs)
                  20012bd0    00000018                 : interrupt.obj (.rodata.g_pulEnRegs)
                  20012be8    00000018                 : interrupt.obj (.rodata.g_pulPendRegs)
                  20012c00    00000018                 : interrupt.obj (.rodata.g_pulUnpendRegs)
                  20012c18    00000018     gpiointerrupt.o (.rodata.sensors)
                  20012c30    00000014     ti_drivers_config.o (.rodata.i2cCC32XXHWAttrs)
                  20012c44    00000014     gpiointerrupt.o (.rodata.str1.48557138690711581961)
                  20012c58    00000013     gpiointerrupt.o (.rodata.str1.2552335557485402984)
                  20012c6b    00000011     libc.a : _printfi.c.obj (.rodata.str1.11645776875810915891)
                  20012c7c    00000011            : _printfi.c.obj (.rodata.str1.44690500295887128011)
                  20012c8d    00000003     --HOLE-- [fill = 0]
                  20012c90    00000010     ti_drivers_config.o (.rodata.GPIO_config)
                  20012ca0    00000010     drivers_cc32xx.a : I2CCC32XX.c.obj (.rodata.cst16)
                  20012cb0    00000010     ti_drivers_config.o (.rodata.timerCC32XXHWAttrs)
                  20012cc0    0000000d     gpiointerrupt.o (.rodata.str1.8099049698717124711)
                  20012ccd    00000003     --HOLE-- [fill = 0]
                  20012cd0    0000000c     drivers_cc32xx.a : Timer.c.obj (.rodata.defaultParams)
                  20012cdc    0000000c                      : TimerCC32XX.c.obj (.rodata.defaultParams)
                  20012ce8    0000000c     ti_drivers_config.o (.rodata.udmaCC3220SHWAttrs)
                  20012cf4    00000009     gpiointerrupt.o (.rodata.str1.149745159178111864794)
                  20012cfd    00000003     --HOLE-- [fill = 0]
                  20012d00    00000009     gpiointerrupt.o (.rodata.str1.27667157146944505614)
                  20012d09    00000003     --HOLE-- [fill = 0]
                  20012d0c    00000008     ti_drivers_config.o (.rodata.I2C_config)
                  20012d14    00000008     ti_drivers_config.o (.rodata.Timer_config)
                  20012d1c    00000008     ti_drivers_config.o (.rodata.UART2_config)
                  20012d24    00000008     ti_drivers_config.o (.rodata.UDMACC32XX_config)
                  20012d2c    00000005     drivers_cc32xx.a : UART2CC32XX.c.obj (.rodata.parityType)
                  20012d31    00000004                      : UART2CC32XX.c.obj (.rodata.cst4)
                  20012d35    00000004     gpiointerrupt.o (.rodata.str1.74142311551570879921)
                  20012d39    00000004     gpiointerrupt.o (.rodata.str1.76852768311284507591)
                  20012d3d    00000004     gpiointerrupt.o (.rodata.str1.83244292559720334441)

.cinit     0    200133e8    000000f8     
                  200133e8    000000d4     (.cinit..data.load) [load image, compression = lzss]
                  200134bc    0000000c     (__TI_handler_table)
                  200134c8    00000008     (.cinit..bss.load) [load image, compression = zero_init]
                  200134d0    00000010     (__TI_cinit_table)

.init_array 
*          0    20004000    00000000     UNINITIALIZED

.data      0    20012d48    0000069d     UNINITIALIZED
                  20012d48    0000030c     nortos_cc32xx.a : HwiPCC32XX_nortos.c.obj (.data.HwiP_dispatchTable)
                  20013054    0000016c     drivers_cc32xx.a : PowerCC32XX.c.obj (.data.PowerCC32XX_module)
                  200131c0    000000f8     ti_drivers_config.o (.data.parkInfo)
                  200132b8    00000084     ti_drivers_config.o (.data.gpioPinConfigs)
                  2001333c    0000004c     nortos_cc32xx.a : SwiP_nortos.c.obj (.data..L_MergedGlobals)
                  20013388    00000018     drivers_cc32xx.a : GPIOCC32XX.c.obj (.data..L_MergedGlobals)
                  200133a0    00000010     gpiointerrupt.o (.data..L_MergedGlobals)
                  200133b0    00000010     nortos_cc32xx.a : SemaphoreP_nortos.c.obj (.data..L_MergedGlobals)
                  200133c0    00000008     drivers_cc32xx.a : UDMACC32XX.c.obj (.data..L_MergedGlobals)
                  200133c8    00000008     nortos_cc32xx.a : ClockPSysTick_nortos.c.obj (.data..L_MergedGlobals)
                  200133d0    00000004                     : HwiPCC32XX_nortos.c.obj (.data.HwiP_swiPIntNum)
                  200133d4    00000004     libc.a : aeabi_portable.c.obj (.data.__aeabi_errno)
                  200133d8    00000004            : _lock.c.obj (.data._lock)
                  200133dc    00000004            : _lock.c.obj (.data._unlock)
                  200133e0    00000001     drivers_cc32xx.a : GPIOCC32XX.c.obj (.data.initCalled)
                  200133e1    00000001                      : GPIOCC32XX.c.obj (.data.portHwiCreatedBitMask)
                  200133e2    00000002     --HOLE--
                  200133e4    00000001     libc.a : memory.c.obj (.data.memory_is_initialized)

.log_data 
*          0    90000000    00000000     COPY SECTION

.log_ptr   0    94000008    00000000     COPY SECTION

__llvm_prf_cnts 
*          0    20004000    00000000     UNINITIALIZED

__llvm_prf_bits 
*          0    20004000    00000000     UNINITIALIZED

MODULE SUMMARY

       Module                         code    ro data   rw data
       ------                         ----    -------   -------
    .\
       gpiointerrupt.o                1152    404       127    
       main_nortos.o                  16      0         0      
    +--+------------------------------+-------+---------+---------+
       Total:                         1168    404       127    
                                                               
    .\syscfg\
       ti_drivers_config.o            34      224       2500   
    +--+------------------------------+-------+---------+---------+
       Total:                         34      224       2500   
                                                               
    C:/ti/simplelink_cc32xx_sdk_7_10_00_13/kernel/nortos/lib/ticlang/m4/nortos_cc32xx.a
       HwiPCC32XX_nortos.c.obj        308     0         784    
       startup_cc32xx_ticlang.c.obj   88      64        780    
       ClockPSysTick_nortos.c.obj     524     0         28     
       SemaphoreP_nortos.c.obj        392     0         16     
       PowerCC32XX_nortos.c.obj       404     0         0      
       SwiP_nortos.c.obj              84      0         76     
       NoRTOS.c.obj                   4       0         0      
    +--+------------------------------+-------+---------+---------+
       Total:                         1804    64        1684   
                                                               
    C:/ti/simplelink_cc32xx_sdk_7_10_00_13/source/ti/devices/cc32xx/driverlib/ticlang/Release/driverlib.a
       prcm.obj                       2564    168       0      
       interrupt.obj                  868     308       0      
       pin.obj                        750     256       0      
       udma.obj                       806     0         0      
       i2c.obj                        658     0         0      
       uart.obj                       490     0         0      
       gpio.obj                       388     0         0      
       timer.obj                      278     0         0      
       flash.obj                      92      0         0      
       systick.obj                    76      0         0      
       cpu.obj                        62      0         0      
       utils.obj                      8       0         0      
    +--+------------------------------+-------+---------+---------+
       Total:                         7040    732       0      
                                                               
    C:/ti/simplelink_cc32xx_sdk_7_10_00_13/source/ti/drivers/lib/ticlang/m4/drivers_cc32xx.a
       PowerCC32XX.c.obj              2052    0         664    
       UART2CC32XX.c.obj              2198    11        0      
       I2CCC32XX.c.obj                1242    16        0      
       GPIOCC32XX.c.obj               960     73        26     
       TimerCC32XX.c.obj              880     12        4      
       UART2.c.obj                    762     36        0      
       I2C.c.obj                      366     0         0      
       RingBuf.c.obj                  272     0         0      
       UDMACC32XX.c.obj               242     0         28     
       Timer.c.obj                    150     12        0      
       PowerCC32XX_ticlang.asm.obj    150     0         0      
       List.c.obj                     76      0         0      
       GPIO.c.obj                     28      0         0      
    +--+------------------------------+-------+---------+---------+
       Total:                         9378    160       722    
                                                               
    C:\ti\ccs1280\ccs\tools\compiler\ti-cgt-armllvm_3.2.2.LTS\lib\armv7em-ti-none-eabi/c/libc.a
       _printfi.c.obj                 2170    34        0      
       memory.c.obj                   712     0         5      
       aeabi_ctype.S.obj              0       257       0      
       snprintf.c.obj                 140     0         0      
       copy_decompress_lzss.c.obj     112     0         0      
       atoi.c.obj                     64      0         0      
       autoinit.c.obj                 56      0         0      
       boot_cortex_m.c.obj            36      0         0      
       memccpy.c.obj                  30      0         0      
       memcpy_t2.S.obj                18      0         0      
       copy_zero_init.c.obj           16      0         0      
       wcslen.c.obj                   16      0         0      
       copy_decompress_none.c.obj     14      0         0      
       memset_t2.S.obj                14      0         0      
       aeabi_portable.c.obj           8       0         4      
       _lock.c.obj                    2       0         8      
       exit.c.obj                     4       0         0      
       pre_init.c.obj                 4       0         0      
    +--+------------------------------+-------+---------+---------+
       Total:                         3416    291       17     
                                                               
    C:\ti\ccs1280\ccs\tools\compiler\ti-cgt-armllvm_3.2.2.LTS\lib\clang/15.0.7/lib/armv7em-ti-none-eabi/libclang_rt.builtins.a
       muldf3.S.obj                   252     0         0      
       udivmoddi4.S.obj               176     0         0      
       fixdfsi.S.obj                  72      0         0      
       floatsidf.S.obj                46      0         0      
       aeabi_uldivmod.S.obj           20      0         0      
       aeabi_memset.S.obj             18      0         0      
       aeabi_memcpy.S.obj             4       0         0      
       aeabi_div0.c.obj               2       0         0      
    +--+------------------------------+-------+---------+---------+
       Total:                         590     0         0      
                                                               
       Heap:                          0       0         32768  
       Stack:                         0       0         4096   
       Linker Generated:              0       248       0      
    +--+------------------------------+-------+---------+---------+
       Grand Total:                   23430   2123      41914  


LINKER GENERATED COPY TABLES

__TI_cinit_table @ 200134d0 records: 2, size/record: 8, table size: 16
	.data: load addr=200133e8, load size=000000d4 bytes, run addr=20012d48, run size=0000069d bytes, compression=lzss
	.bss: load addr=200134c8, load size=00000008 bytes, run addr=20011c00, run size=00000a13 bytes, compression=zero_init


LINKER GENERATED HANDLER TABLE

__TI_handler_table @ 200134bc records: 3, size/record: 4, table size: 12
	index: 0, handler: __TI_decompress_lzss
	index: 1, handler: __TI_decompress_none
	index: 2, handler: __TI_zero_init


GLOBAL SYMBOLS: SORTED ALPHABETICALLY BY Name 

address   name                             
-------   ----                             
200115b5  Board_init                       
2000d36b  Board_initHook                   
200133a3  Button0Flag                      
200133a4  Button1Flag                      
20011bd0  C$$EXIT                          
200116a7  CPUcpsid                         
200116bb  CPUcpsie                         
20011af5  CPUprimask                       
2000ef35  CPUwfi                           
200117c1  ClockP_add                       
200125e0  ClockP_ctrl                      
200107e5  ClockP_destruct                  
20011b9f  ClockP_doTick                    
20011899  ClockP_getCpuFreq                
200118a9  ClockP_getSystemTicks            
20010b79  ClockP_getTicksUntilInterrupt    
20011aff  ClockP_isActive                  
200118b9  ClockP_setTicks                  
200109d9  ClockP_start                     
2000fb89  ClockP_startup                   
20010731  ClockP_stop                      
20010091  ClockP_sysTickHandler            
200133cc  ClockP_tickPeriod                
2000f9bd  FlashDisable                     
200102cb  GPIODirModeSet                   
200117d3  GPIOIntClear                     
2001149d  GPIOIntDisable                   
20011553  GPIOIntEnable                    
20010cf9  GPIOIntStatus                    
2000ead9  GPIOIntTypeSet                   
200111b9  GPIOPinWrite                     
20012c90  GPIO_config                      
20010311  GPIO_disableInt                  
20010355  GPIO_enableInt                   
2000fd8d  GPIO_hwiIntFxn                   
2000f069  GPIO_init                        
20012723  GPIO_pinUpperBound               
200113f5  GPIO_setCallback                 
2000dabd  GPIO_setConfig                   
2000fecd  GPIO_setInterruptConfig          
2000f8fd  GPIO_write                       
200117e5  HwiP_Params_init                 
20011ba3  HwiP_clearInterrupt              
2000f305  HwiP_construct                   
20010e65  HwiP_create                      
200117f7  HwiP_delete                      
200116cf  HwiP_destruct                    
20011b45  HwiP_disable                     
20011ba7  HwiP_disableInterrupt            
20011411  HwiP_dispatch                    
20011bab  HwiP_enable                      
20011baf  HwiP_enableInterrupt             
200118c9  HwiP_inISR                       
200119b9  HwiP_interruptsEnabled           
20011bb3  HwiP_post                        
20011b4d  HwiP_restore                     
200133d0  HwiP_swiPIntNum                  
20010ba9  I2CFIFODataGetNonBlocking        
20010a0d  I2CFIFODataPutNonBlocking        
200119c7  I2CFIFOStatus                    
200115cb  I2CMasterBurstLengthSet          
20010f0d  I2CMasterBusBusy                 
200118d9  I2CMasterControl                 
20011809  I2CMasterDisable                 
2001181b  I2CMasterEnable                  
2000ee05  I2CMasterInitExpClk              
200118e9  I2CMasterIntClearEx              
200115e1  I2CMasterIntDisableEx            
200116e3  I2CMasterIntEnableEx             
20010ddf  I2CMasterIntStatusEx             
20010f35  I2CMasterSlaveAddrSet            
200118f9  I2CMasterTimeoutSet              
20011075  I2CRxFIFOConfigSet               
200115f7  I2CRxFIFOFlush                   
20011b5d  I2CSupport_controllerFinish      
20011b8d  I2CSupport_powerRelConstraint    
20011b93  I2CSupport_powerSetConstraint    
2000fa19  I2CSupport_primeTransfer         
20010f5d  I2CTxFIFOConfigSet               
2001160d  I2CTxFIFOFlush                   
20011a35  I2C_Params_init                  
20010f85  I2C_cancel                       
20012d0c  I2C_config                       
20012a96  I2C_count                        
2000de5b  I2C_init                         
2000e481  I2C_open                         
2001182d  I2C_transfer                     
2000dd35  I2C_transferTimeout              
UNDEFED   ITM_flush                        
UNDEFED   ITM_restore                      
2000e71d  IntDisable                       
2000e7e5  IntEnable                        
20011b09  IntMasterDisable                 
20011b13  IntMasterEnable                  
2000f82d  IntPendClear                     
2000eb85  IntPendSet                       
2000fbe1  IntPrioritySet                   
20011241  IntRegister                      
20011099  IntUnregister                    
200116f7  IntVTableBaseSet                 
200110bd  List_put                         
20010fad  List_remove                      
20011bbb  NoRTOS_start                     
2000c8ad  PRCMCC3200MCUInit                
200114b7  PRCMHIBRegRead                   
200114d1  PRCMHIBRegWrite                  
2000f379  PRCMHibernateWakeUpGPIOSelect    
2000fa75  PRCMHibernateWakeupSourceDisable 
2000fddd  PRCMHibernateWakeupSourceEnable  
200100d9  PRCMIntEnable                    
2000fc39  PRCMLPDSEnter                    
2001023f  PRCMLPDSEnterKeepDebugIf         
20010bd9  PRCMLPDSIntervalSet              
2000ff19  PRCMLPDSRestoreInfoSet           
20010e8f  PRCMLPDSWakeUpGPIOSelect         
20011a7d  PRCMLPDSWakeupCauseGet           
200114eb  PRCMLPDSWakeupSourceDisable      
200110e1  PRCMLPDSWakeupSourceEnable       
20010eb9  PRCMPeripheralClkDisable         
2000fb2d  PRCMPeripheralClkEnable          
2000f759  PRCMPeripheralReset              
20010121  PRCMPeripheralStatusGet          
20010fd5  PRCMSRAMRetentionEnable          
20011b65  PRCMSleepEnter                   
20010c09  PRCMSlowClkCtrFastGet            
2000f0f9  PRCMSysResetCauseGet             
20010169  PinConfigGet                     
2000ec29  PinConfigSet                     
20010a41  PinDirModeGet                    
200106f1  PinDirModeSet                    
20010935  PinLock                          
2000f4d1  PinLockLevelSet                  
20010a75  PinModeGet                       
200104a9  PinModeSet                       
20011505  PinToPadGet                      
20011261  PinTypeI2C                       
20011321  PinTypeUART                      
200111db  PinUnlock                        
200129e8  PowerCC32XX_config               
2000f189  PowerCC32XX_configureWakeup      
20012178  PowerCC32XX_contextSave          
2000ef41  PowerCC32XX_enterLPDS            
20010ffd  PowerCC32XX_getParkState         
2000ed67  PowerCC32XX_initPolicy           
20013054  PowerCC32XX_module               
20010aa9  PowerCC32XX_parkPin              
20011281  PowerCC32XX_reset                
20011105  PowerCC32XX_restoreParkState     
20011129  PowerCC32XX_restoreParkedPin     
2000ef85  PowerCC32XX_resumeLPDS           
2000fc91  PowerCC32XX_setParkState         
2000d825  PowerCC32XX_sleepPolicy          
2001170d  Power_disablePolicy              
20011909  Power_enablePolicy               
20011a89  Power_getConstraintMask          
20011721  Power_getTransitionLatency       
20011735  Power_idleFunc                   
2000f28d  Power_init                       
2001114d  Power_registerNotify             
20010399  Power_releaseConstraint          
2000fce5  Power_releaseDependency          
2001081d  Power_setConstraint              
2000f53d  Power_setDependency              
2000cd65  Power_sleep                      
200112a1  Power_unregisterNotify           
20011919  RingBuf_construct                
20010d27  RingBuf_getConsume               
20011bbf  RingBuf_getCount                 
200111fd  RingBuf_getPointer               
20010285  RingBuf_put                      
20010855  RingBuf_putAdvance               
20010d55  RingBuf_putPointer               
2000fe2d  SemaphoreP_construct             
200112c1  SemaphoreP_constructBinary       
2001156b  SemaphoreP_create                
200112e1  SemaphoreP_createBinary          
200133b8  SemaphoreP_defaultParams         
20011bc3  SemaphoreP_delete                
2000f187  SemaphoreP_destruct              
2000ee9d  SemaphoreP_pend                  
200105b1  SemaphoreP_post                  
2001142d  SwiP_disable                     
2001088d  SwiP_restore                     
2001183f  SysTickEnable                    
20011851  SysTickIntDisable                
20011863  SysTickIntEnable                 
20011623  SysTickPeriodSet                 
20011887  TI_memcpy_small                  
20011a0d  TI_memset_small                  
2000fad1  TimerCC32XX_allocateTimerResource
20010add  TimerCC32XX_freeTimerResource    
200104eb  TimerControlStall                
20011301  TimerDisable                     
2001151f  TimerEnable                      
20011929  TimerIntClear                    
20011639  TimerIntDisable                  
20011749  TimerIntEnable                   
20010c39  TimerLoadSet                     
20010c69  TimerPrescaleSet                 
20011025  TimerSupport_timerDisable        
200107a9  TimerSupport_timerEnable         
20011939  Timer_Params_init                
2001052d  Timer_close                      
20012d14  Timer_config                     
20012a97  Timer_count                      
2000f28b  Timer_init                       
2000d975  Timer_open                       
200103dd  Timer_start                      
200105f1  Timer_stop                       
20011171  UART2Support_disableRx           
20011aa1  UART2Support_disableTx           
2000e651  UART2Support_dmaStartRx          
2000e971  UART2Support_dmaStartTx          
2000ffb1  UART2Support_dmaStopRx           
2000f95d  UART2Support_dmaStopTx           
20011aad  UART2Support_enableTx            
20011b99  UART2Support_powerRelConstraint  
2001121f  UART2Support_sendData            
20011949  UART2Support_txDone              
20011ab9  UART2_Params_init                
2000e569  UART2_close                      
20012d1c  UART2_config                     
20012b9a  UART2_count                      
20012b34  UART2_defaultParams              
2000d36d  UART2_open                       
20010b11  UART2_rxDisable                  
200119d5  UART2_write                      
2001133f  UART2_writeTimeout               
2000d6b1  UART2_writeTimeoutBlocking       
2000df7d  UART2_writeTimeoutNonblocking    
20011959  UARTBusy                         
200109a1  UARTCharPutNonBlocking           
2001164f  UARTCharsAvail                   
2000f3ed  UARTConfigSetExpClk              
20011665  UARTDMADisable                   
2001175d  UARTDMAEnable                    
20010d83  UARTDisable                      
2001135d  UARTEnable                       
2001167b  UARTFIFOLevelSet                 
20011539  UARTFlowControlSet               
20011969  UARTIntClear                     
20011691  UARTIntDisable                   
20011771  UARTIntEnable                    
20010ee3  UARTIntStatus                    
20011979  UARTRxErrorGet                   
200108c5  UDMACC32XX_close                 
20012d24  UDMACC32XX_config                
2001076d  UDMACC32XX_init                  
2000f5a9  UDMACC32XX_open                  
20011b6d  UtilsDelay                       
20004000  __STACK_END                      
00001000  __STACK_SIZE                     
00008000  __SYSMEM_SIZE                    
00000000  __TI_ATRegion0_region_sz         
00000000  __TI_ATRegion0_src_addr          
00000000  __TI_ATRegion0_trg_addr          
00000000  __TI_ATRegion1_region_sz         
00000000  __TI_ATRegion1_src_addr          
00000000  __TI_ATRegion1_trg_addr          
00000000  __TI_ATRegion2_region_sz         
00000000  __TI_ATRegion2_src_addr          
00000000  __TI_ATRegion2_trg_addr          
200134d0  __TI_CINIT_Base                  
200134e0  __TI_CINIT_Limit                 
200134e0  __TI_CINIT_Warm                  
200134bc  __TI_Handler_Table_Base          
200134c8  __TI_Handler_Table_Limit         
200108fd  __TI_auto_init_nobinit_nopinit   
2000f461  __TI_decompress_lzss             
20011a1b  __TI_decompress_none             
ffffffff  __TI_pprof_out_hndl              
2000c041  __TI_printfi_nofloat             
ffffffff  __TI_prof_data_size              
ffffffff  __TI_prof_data_start             
200133e8  __TI_static_base__               
200119a9  __TI_zero_init                   
20012620  __aeabi_ctype_table_             
20012620  __aeabi_ctype_table_C            
200101b1  __aeabi_d2iz                     
2000e1a9  __aeabi_dmul                     
200133d4  __aeabi_errno                    
20011b75  __aeabi_errno_addr               
20010db1  __aeabi_i2d                      
2000f8fb  __aeabi_ldiv0                    
20011b7d  __aeabi_memclr                   
20011b7d  __aeabi_memclr4                  
20011b7d  __aeabi_memclr8                  
20011bc9  __aeabi_memcpy                   
20011bc9  __aeabi_memcpy4                  
20011bc9  __aeabi_memcpy8                  
20011b31  __aeabi_memset                   
20011b31  __aeabi_memset4                  
20011b31  __aeabi_memset8                  
20011785  __aeabi_uldivmod                 
ffffffff  __binit__                        
200101b1  __fixdfsi                        
20010db1  __floatsidf                      
UNDEFED   __mpu_init                       
2000e1a9  __muldf3                         
20003000  __stack                          
20004000  __start___llvm_prf_bits          
20004000  __start___llvm_prf_cnts          
20004000  __stop___llvm_prf_bits           
20004000  __stop___llvm_prf_cnts           
2000ea29  __udivmoddi4                     
20011195  _c_int00_noargs                  
200133d8  _lock                            
2000fb87  _nop                             
20004040  _sys_memory                      
UNDEFED   _system_post_cinit               
20011bcd  _system_pre_init                 
200133dc  _unlock                          
20011bd1  abort                            
2000de5d  aligned_alloc                    
20010631  atoi                             
ffffffff  binit                            
200133a0  checkButtonsFlag                 
200133a1  checkTemperatureFlag             
2000fecb  clkFxn                           
2001159d  controlHeater                    
200133a8  elapsedTime                      
2000e2a5  free                             
20011ac5  gpioButtonFxn0                   
20011ad1  gpioButtonFxn1                   
200123a0  gpioCallbackFunctions            
200132b8  gpioPinConfigs                   
20012424  gpioUserArgs                     
20012604  i2c                              
20012c30  i2cCC32XXHWAttrs                 
200122a4  i2cCC32XXObjects                 
200125ac  i2cTransaction                   
2000d539  initI2C                          
2000f615  initTimer                        
20010e39  initUART                         
20010b45  initVectors                      
20011989  main                             
2000e395  mainThread                       
20011b85  malloc                           
2000de5d  memalign                         
2001137b  memccpy                          
2001252c  output                           
200131c0  parkInfo                         
2000ed69  readTemp                         
20011481  resetISR                         
20012610  rxBuffer                         
20010671  sendUARTMessage                  
200133ac  setPointTemperature              
20010465  snprintf                         
20012608  timer0                           
20012cb0  timerCC32XXHWAttrs               
200124a8  timerCC32XXObjects               
2000fd39  timerCallback                    
20012612  txBuffer                         
2000fe7d  uDMAChannelAssign                
2000efd7  uDMAChannelAttributeDisable      
200106b1  uDMAChannelControlSet            
20011399  uDMAChannelDisable               
200113b7  uDMAChannelEnable                
200113d5  uDMAChannelIsEnabled             
20010045  uDMAChannelSizeGet               
2000e097  uDMAChannelTransferSet           
20011799  uDMAControlBaseSet               
200119f1  uDMAEnable                       
200119ff  uDMAErrorStatusClear             
20011ae9  uDMAErrorStatusGet               
200117ad  uDMAIntClear                     
2001260c  uart                             
20012000  uart2CC32XXObjects0              
20012ce8  udmaCC3220SHWAttrs               
200125f0  udmaCC3220SObject                
200133a2  updateUARTFlag                   
20011999  wcslen                           


GLOBAL SYMBOLS: SORTED BY Symbol Address 

address   name                             
-------   ----                             
00000000  __TI_ATRegion0_region_sz         
00000000  __TI_ATRegion0_src_addr          
00000000  __TI_ATRegion0_trg_addr          
00000000  __TI_ATRegion1_region_sz         
00000000  __TI_ATRegion1_src_addr          
00000000  __TI_ATRegion1_trg_addr          
00000000  __TI_ATRegion2_region_sz         
00000000  __TI_ATRegion2_src_addr          
00000000  __TI_ATRegion2_trg_addr          
00001000  __STACK_SIZE                     
00008000  __SYSMEM_SIZE                    
20003000  __stack                          
20004000  __STACK_END                      
20004000  __start___llvm_prf_bits          
20004000  __start___llvm_prf_cnts          
20004000  __stop___llvm_prf_bits           
20004000  __stop___llvm_prf_cnts           
20004040  _sys_memory                      
2000c041  __TI_printfi_nofloat             
2000c8ad  PRCMCC3200MCUInit                
2000cd65  Power_sleep                      
2000d36b  Board_initHook                   
2000d36d  UART2_open                       
2000d539  initI2C                          
2000d6b1  UART2_writeTimeoutBlocking       
2000d825  PowerCC32XX_sleepPolicy          
2000d975  Timer_open                       
2000dabd  GPIO_setConfig                   
2000dd35  I2C_transferTimeout              
2000de5b  I2C_init                         
2000de5d  aligned_alloc                    
2000de5d  memalign                         
2000df7d  UART2_writeTimeoutNonblocking    
2000e097  uDMAChannelTransferSet           
2000e1a9  __aeabi_dmul                     
2000e1a9  __muldf3                         
2000e2a5  free                             
2000e395  mainThread                       
2000e481  I2C_open                         
2000e569  UART2_close                      
2000e651  UART2Support_dmaStartRx          
2000e71d  IntDisable                       
2000e7e5  IntEnable                        
2000e971  UART2Support_dmaStartTx          
2000ea29  __udivmoddi4                     
2000ead9  GPIOIntTypeSet                   
2000eb85  IntPendSet                       
2000ec29  PinConfigSet                     
2000ed67  PowerCC32XX_initPolicy           
2000ed69  readTemp                         
2000ee05  I2CMasterInitExpClk              
2000ee9d  SemaphoreP_pend                  
2000ef35  CPUwfi                           
2000ef41  PowerCC32XX_enterLPDS            
2000ef85  PowerCC32XX_resumeLPDS           
2000efd7  uDMAChannelAttributeDisable      
2000f069  GPIO_init                        
2000f0f9  PRCMSysResetCauseGet             
2000f187  SemaphoreP_destruct              
2000f189  PowerCC32XX_configureWakeup      
2000f28b  Timer_init                       
2000f28d  Power_init                       
2000f305  HwiP_construct                   
2000f379  PRCMHibernateWakeUpGPIOSelect    
2000f3ed  UARTConfigSetExpClk              
2000f461  __TI_decompress_lzss             
2000f4d1  PinLockLevelSet                  
2000f53d  Power_setDependency              
2000f5a9  UDMACC32XX_open                  
2000f615  initTimer                        
2000f759  PRCMPeripheralReset              
2000f82d  IntPendClear                     
2000f8fb  __aeabi_ldiv0                    
2000f8fd  GPIO_write                       
2000f95d  UART2Support_dmaStopTx           
2000f9bd  FlashDisable                     
2000fa19  I2CSupport_primeTransfer         
2000fa75  PRCMHibernateWakeupSourceDisable 
2000fad1  TimerCC32XX_allocateTimerResource
2000fb2d  PRCMPeripheralClkEnable          
2000fb87  _nop                             
2000fb89  ClockP_startup                   
2000fbe1  IntPrioritySet                   
2000fc39  PRCMLPDSEnter                    
2000fc91  PowerCC32XX_setParkState         
2000fce5  Power_releaseDependency          
2000fd39  timerCallback                    
2000fd8d  GPIO_hwiIntFxn                   
2000fddd  PRCMHibernateWakeupSourceEnable  
2000fe2d  SemaphoreP_construct             
2000fe7d  uDMAChannelAssign                
2000fecb  clkFxn                           
2000fecd  GPIO_setInterruptConfig          
2000ff19  PRCMLPDSRestoreInfoSet           
2000ffb1  UART2Support_dmaStopRx           
20010045  uDMAChannelSizeGet               
20010091  ClockP_sysTickHandler            
200100d9  PRCMIntEnable                    
20010121  PRCMPeripheralStatusGet          
20010169  PinConfigGet                     
200101b1  __aeabi_d2iz                     
200101b1  __fixdfsi                        
2001023f  PRCMLPDSEnterKeepDebugIf         
20010285  RingBuf_put                      
200102cb  GPIODirModeSet                   
20010311  GPIO_disableInt                  
20010355  GPIO_enableInt                   
20010399  Power_releaseConstraint          
200103dd  Timer_start                      
20010465  snprintf                         
200104a9  PinModeSet                       
200104eb  TimerControlStall                
2001052d  Timer_close                      
200105b1  SemaphoreP_post                  
200105f1  Timer_stop                       
20010631  atoi                             
20010671  sendUARTMessage                  
200106b1  uDMAChannelControlSet            
200106f1  PinDirModeSet                    
20010731  ClockP_stop                      
2001076d  UDMACC32XX_init                  
200107a9  TimerSupport_timerEnable         
200107e5  ClockP_destruct                  
2001081d  Power_setConstraint              
20010855  RingBuf_putAdvance               
2001088d  SwiP_restore                     
200108c5  UDMACC32XX_close                 
200108fd  __TI_auto_init_nobinit_nopinit   
20010935  PinLock                          
200109a1  UARTCharPutNonBlocking           
200109d9  ClockP_start                     
20010a0d  I2CFIFODataPutNonBlocking        
20010a41  PinDirModeGet                    
20010a75  PinModeGet                       
20010aa9  PowerCC32XX_parkPin              
20010add  TimerCC32XX_freeTimerResource    
20010b11  UART2_rxDisable                  
20010b45  initVectors                      
20010b79  ClockP_getTicksUntilInterrupt    
20010ba9  I2CFIFODataGetNonBlocking        
20010bd9  PRCMLPDSIntervalSet              
20010c09  PRCMSlowClkCtrFastGet            
20010c39  TimerLoadSet                     
20010c69  TimerPrescaleSet                 
20010cf9  GPIOIntStatus                    
20010d27  RingBuf_getConsume               
20010d55  RingBuf_putPointer               
20010d83  UARTDisable                      
20010db1  __aeabi_i2d                      
20010db1  __floatsidf                      
20010ddf  I2CMasterIntStatusEx             
20010e39  initUART                         
20010e65  HwiP_create                      
20010e8f  PRCMLPDSWakeUpGPIOSelect         
20010eb9  PRCMPeripheralClkDisable         
20010ee3  UARTIntStatus                    
20010f0d  I2CMasterBusBusy                 
20010f35  I2CMasterSlaveAddrSet            
20010f5d  I2CTxFIFOConfigSet               
20010f85  I2C_cancel                       
20010fad  List_remove                      
20010fd5  PRCMSRAMRetentionEnable          
20010ffd  PowerCC32XX_getParkState         
20011025  TimerSupport_timerDisable        
20011075  I2CRxFIFOConfigSet               
20011099  IntUnregister                    
200110bd  List_put                         
200110e1  PRCMLPDSWakeupSourceEnable       
20011105  PowerCC32XX_restoreParkState     
20011129  PowerCC32XX_restoreParkedPin     
2001114d  Power_registerNotify             
20011171  UART2Support_disableRx           
20011195  _c_int00_noargs                  
200111b9  GPIOPinWrite                     
200111db  PinUnlock                        
200111fd  RingBuf_getPointer               
2001121f  UART2Support_sendData            
20011241  IntRegister                      
20011261  PinTypeI2C                       
20011281  PowerCC32XX_reset                
200112a1  Power_unregisterNotify           
200112c1  SemaphoreP_constructBinary       
200112e1  SemaphoreP_createBinary          
20011301  TimerDisable                     
20011321  PinTypeUART                      
2001133f  UART2_writeTimeout               
2001135d  UARTEnable                       
2001137b  memccpy                          
20011399  uDMAChannelDisable               
200113b7  uDMAChannelEnable                
200113d5  uDMAChannelIsEnabled             
200113f5  GPIO_setCallback                 
20011411  HwiP_dispatch                    
2001142d  SwiP_disable                     
20011481  resetISR                         
2001149d  GPIOIntDisable                   
200114b7  PRCMHIBRegRead                   
200114d1  PRCMHIBRegWrite                  
200114eb  PRCMLPDSWakeupSourceDisable      
20011505  PinToPadGet                      
2001151f  TimerEnable                      
20011539  UARTFlowControlSet               
20011553  GPIOIntEnable                    
2001156b  SemaphoreP_create                
2001159d  controlHeater                    
200115b5  Board_init                       
200115cb  I2CMasterBurstLengthSet          
200115e1  I2CMasterIntDisableEx            
200115f7  I2CRxFIFOFlush                   
2001160d  I2CTxFIFOFlush                   
20011623  SysTickPeriodSet                 
20011639  TimerIntDisable                  
2001164f  UARTCharsAvail                   
20011665  UARTDMADisable                   
2001167b  UARTFIFOLevelSet                 
20011691  UARTIntDisable                   
200116a7  CPUcpsid                         
200116bb  CPUcpsie                         
200116cf  HwiP_destruct                    
200116e3  I2CMasterIntEnableEx             
200116f7  IntVTableBaseSet                 
2001170d  Power_disablePolicy              
20011721  Power_getTransitionLatency       
20011735  Power_idleFunc                   
20011749  TimerIntEnable                   
2001175d  UARTDMAEnable                    
20011771  UARTIntEnable                    
20011785  __aeabi_uldivmod                 
20011799  uDMAControlBaseSet               
200117ad  uDMAIntClear                     
200117c1  ClockP_add                       
200117d3  GPIOIntClear                     
200117e5  HwiP_Params_init                 
200117f7  HwiP_delete                      
20011809  I2CMasterDisable                 
2001181b  I2CMasterEnable                  
2001182d  I2C_transfer                     
2001183f  SysTickEnable                    
20011851  SysTickIntDisable                
20011863  SysTickIntEnable                 
20011887  TI_memcpy_small                  
20011899  ClockP_getCpuFreq                
200118a9  ClockP_getSystemTicks            
200118b9  ClockP_setTicks                  
200118c9  HwiP_inISR                       
200118d9  I2CMasterControl                 
200118e9  I2CMasterIntClearEx              
200118f9  I2CMasterTimeoutSet              
20011909  Power_enablePolicy               
20011919  RingBuf_construct                
20011929  TimerIntClear                    
20011939  Timer_Params_init                
20011949  UART2Support_txDone              
20011959  UARTBusy                         
20011969  UARTIntClear                     
20011979  UARTRxErrorGet                   
20011989  main                             
20011999  wcslen                           
200119a9  __TI_zero_init                   
200119b9  HwiP_interruptsEnabled           
200119c7  I2CFIFOStatus                    
200119d5  UART2_write                      
200119f1  uDMAEnable                       
200119ff  uDMAErrorStatusClear             
20011a0d  TI_memset_small                  
20011a1b  __TI_decompress_none             
20011a35  I2C_Params_init                  
20011a7d  PRCMLPDSWakeupCauseGet           
20011a89  Power_getConstraintMask          
20011aa1  UART2Support_disableTx           
20011aad  UART2Support_enableTx            
20011ab9  UART2_Params_init                
20011ac5  gpioButtonFxn0                   
20011ad1  gpioButtonFxn1                   
20011ae9  uDMAErrorStatusGet               
20011af5  CPUprimask                       
20011aff  ClockP_isActive                  
20011b09  IntMasterDisable                 
20011b13  IntMasterEnable                  
20011b31  __aeabi_memset                   
20011b31  __aeabi_memset4                  
20011b31  __aeabi_memset8                  
20011b45  HwiP_disable                     
20011b4d  HwiP_restore                     
20011b5d  I2CSupport_controllerFinish      
20011b65  PRCMSleepEnter                   
20011b6d  UtilsDelay                       
20011b75  __aeabi_errno_addr               
20011b7d  __aeabi_memclr                   
20011b7d  __aeabi_memclr4                  
20011b7d  __aeabi_memclr8                  
20011b85  malloc                           
20011b8d  I2CSupport_powerRelConstraint    
20011b93  I2CSupport_powerSetConstraint    
20011b99  UART2Support_powerRelConstraint  
20011b9f  ClockP_doTick                    
20011ba3  HwiP_clearInterrupt              
20011ba7  HwiP_disableInterrupt            
20011bab  HwiP_enable                      
20011baf  HwiP_enableInterrupt             
20011bb3  HwiP_post                        
20011bbb  NoRTOS_start                     
20011bbf  RingBuf_getCount                 
20011bc3  SemaphoreP_delete                
20011bc9  __aeabi_memcpy                   
20011bc9  __aeabi_memcpy4                  
20011bc9  __aeabi_memcpy8                  
20011bcd  _system_pre_init                 
20011bd0  C$$EXIT                          
20011bd1  abort                            
20012000  uart2CC32XXObjects0              
20012178  PowerCC32XX_contextSave          
200122a4  i2cCC32XXObjects                 
200123a0  gpioCallbackFunctions            
20012424  gpioUserArgs                     
200124a8  timerCC32XXObjects               
2001252c  output                           
200125ac  i2cTransaction                   
200125e0  ClockP_ctrl                      
200125f0  udmaCC3220SObject                
20012604  i2c                              
20012608  timer0                           
2001260c  uart                             
20012610  rxBuffer                         
20012612  txBuffer                         
20012620  __aeabi_ctype_table_             
20012620  __aeabi_ctype_table_C            
20012723  GPIO_pinUpperBound               
200129e8  PowerCC32XX_config               
20012a96  I2C_count                        
20012a97  Timer_count                      
20012b34  UART2_defaultParams              
20012b9a  UART2_count                      
20012c30  i2cCC32XXHWAttrs                 
20012c90  GPIO_config                      
20012cb0  timerCC32XXHWAttrs               
20012ce8  udmaCC3220SHWAttrs               
20012d0c  I2C_config                       
20012d14  Timer_config                     
20012d1c  UART2_config                     
20012d24  UDMACC32XX_config                
20013054  PowerCC32XX_module               
200131c0  parkInfo                         
200132b8  gpioPinConfigs                   
200133a0  checkButtonsFlag                 
200133a1  checkTemperatureFlag             
200133a2  updateUARTFlag                   
200133a3  Button0Flag                      
200133a4  Button1Flag                      
200133a8  elapsedTime                      
200133ac  setPointTemperature              
200133b8  SemaphoreP_defaultParams         
200133cc  ClockP_tickPeriod                
200133d0  HwiP_swiPIntNum                  
200133d4  __aeabi_errno                    
200133d8  _lock                            
200133dc  _unlock                          
200133e8  __TI_static_base__               
200134bc  __TI_Handler_Table_Base          
200134c8  __TI_Handler_Table_Limit         
200134d0  __TI_CINIT_Base                  
200134e0  __TI_CINIT_Limit                 
200134e0  __TI_CINIT_Warm                  
ffffffff  __TI_pprof_out_hndl              
ffffffff  __TI_prof_data_size              
ffffffff  __TI_prof_data_start             
ffffffff  __binit__                        
ffffffff  binit                            
UNDEFED   ITM_flush                        
UNDEFED   ITM_restore                      
UNDEFED   __mpu_init                       
UNDEFED   _system_post_cinit               

[372 symbols]
