<?xml version="1.0" encoding="ISO-8859-1" ?>
<link_info>
   <banner>TI ARM Clang Linker PC v3.2.2.LTS</banner>
   <copyright>Copyright (c) 1996-2018 Texas Instruments Incorporated</copyright>
   <link_time>0x67159b27</link_time>
   <link_errors>0x0</link_errors>
   <output_file>C:\Users\jkarl\workspace_v12\gpiointerrupt_CC3220S_LAUNCHXL_nortos_ticlang\MCU+Image\gpiointerrupt_CC3220S_LAUNCHXL_nortos_ticlang.out</output_file>
   <entry_point>
      <name>resetISR</name>
      <address>0x20011481</address>
   </entry_point>
   <input_file_list>
      <input_file id="fl-1">
         <path>C:\Users\jkarl\workspace_v12\gpiointerrupt_CC3220S_LAUNCHXL_nortos_ticlang\MCU+Image\.\</path>
         <kind>object</kind>
         <file>gpiointerrupt.o</file>
         <name>gpiointerrupt.o</name>
      </input_file>
      <input_file id="fl-2">
         <path>C:\Users\jkarl\workspace_v12\gpiointerrupt_CC3220S_LAUNCHXL_nortos_ticlang\MCU+Image\.\syscfg\</path>
         <kind>object</kind>
         <file>ti_drivers_config.o</file>
         <name>ti_drivers_config.o</name>
      </input_file>
      <input_file id="fl-3">
         <path>C:\Users\jkarl\workspace_v12\gpiointerrupt_CC3220S_LAUNCHXL_nortos_ticlang\MCU+Image\.\</path>
         <kind>object</kind>
         <file>main_nortos.o</file>
         <name>main_nortos.o</name>
      </input_file>
      <input_file id="fl-13">
         <path>C:\Users\jkarl\workspace_v12\gpiointerrupt_CC3220S_LAUNCHXL_nortos_ticlang\MCU+Image\</path>
         <kind>object</kind>
         <file>&lt;internal&gt;</file>
         <name>&lt;internal&gt;</name>
      </input_file>
      <input_file id="fl-14">
         <path>C:\ti\simplelink_cc32xx_sdk_7_10_00_13\source\ti\drivers\lib\ticlang\m4\</path>
         <kind>archive</kind>
         <file>drivers_cc32xx.a</file>
         <name>GPIO.c.obj</name>
      </input_file>
      <input_file id="fl-15">
         <path>C:\ti\simplelink_cc32xx_sdk_7_10_00_13\source\ti\drivers\lib\ticlang\m4\</path>
         <kind>archive</kind>
         <file>drivers_cc32xx.a</file>
         <name>GPIOCC32XX.c.obj</name>
      </input_file>
      <input_file id="fl-16">
         <path>C:\ti\simplelink_cc32xx_sdk_7_10_00_13\source\ti\drivers\lib\ticlang\m4\</path>
         <kind>archive</kind>
         <file>drivers_cc32xx.a</file>
         <name>I2C.c.obj</name>
      </input_file>
      <input_file id="fl-17">
         <path>C:\ti\simplelink_cc32xx_sdk_7_10_00_13\source\ti\drivers\lib\ticlang\m4\</path>
         <kind>archive</kind>
         <file>drivers_cc32xx.a</file>
         <name>I2CCC32XX.c.obj</name>
      </input_file>
      <input_file id="fl-18">
         <path>C:\ti\simplelink_cc32xx_sdk_7_10_00_13\source\ti\drivers\lib\ticlang\m4\</path>
         <kind>archive</kind>
         <file>drivers_cc32xx.a</file>
         <name>PowerCC32XX.c.obj</name>
      </input_file>
      <input_file id="fl-19">
         <path>C:\ti\simplelink_cc32xx_sdk_7_10_00_13\source\ti\drivers\lib\ticlang\m4\</path>
         <kind>archive</kind>
         <file>drivers_cc32xx.a</file>
         <name>PowerCC32XX_ticlang.asm.obj</name>
      </input_file>
      <input_file id="fl-1a">
         <path>C:\ti\simplelink_cc32xx_sdk_7_10_00_13\source\ti\drivers\lib\ticlang\m4\</path>
         <kind>archive</kind>
         <file>drivers_cc32xx.a</file>
         <name>Timer.c.obj</name>
      </input_file>
      <input_file id="fl-1b">
         <path>C:\ti\simplelink_cc32xx_sdk_7_10_00_13\source\ti\drivers\lib\ticlang\m4\</path>
         <kind>archive</kind>
         <file>drivers_cc32xx.a</file>
         <name>TimerCC32XX.c.obj</name>
      </input_file>
      <input_file id="fl-1c">
         <path>C:\ti\simplelink_cc32xx_sdk_7_10_00_13\source\ti\drivers\lib\ticlang\m4\</path>
         <kind>archive</kind>
         <file>drivers_cc32xx.a</file>
         <name>UART2.c.obj</name>
      </input_file>
      <input_file id="fl-1d">
         <path>C:\ti\simplelink_cc32xx_sdk_7_10_00_13\source\ti\drivers\lib\ticlang\m4\</path>
         <kind>archive</kind>
         <file>drivers_cc32xx.a</file>
         <name>UART2CC32XX.c.obj</name>
      </input_file>
      <input_file id="fl-1e">
         <path>C:\ti\simplelink_cc32xx_sdk_7_10_00_13\source\ti\drivers\lib\ticlang\m4\</path>
         <kind>archive</kind>
         <file>drivers_cc32xx.a</file>
         <name>List.c.obj</name>
      </input_file>
      <input_file id="fl-1f">
         <path>C:\ti\simplelink_cc32xx_sdk_7_10_00_13\source\ti\drivers\lib\ticlang\m4\</path>
         <kind>archive</kind>
         <file>drivers_cc32xx.a</file>
         <name>RingBuf.c.obj</name>
      </input_file>
      <input_file id="fl-20">
         <path>C:\ti\simplelink_cc32xx_sdk_7_10_00_13\source\ti\drivers\lib\ticlang\m4\</path>
         <kind>archive</kind>
         <file>drivers_cc32xx.a</file>
         <name>UDMACC32XX.c.obj</name>
      </input_file>
      <input_file id="fl-21">
         <path>C:\ti\simplelink_cc32xx_sdk_7_10_00_13\kernel\nortos\lib\ticlang\m4\</path>
         <kind>archive</kind>
         <file>nortos_cc32xx.a</file>
         <name>NoRTOS.c.obj</name>
      </input_file>
      <input_file id="fl-22">
         <path>C:\ti\simplelink_cc32xx_sdk_7_10_00_13\kernel\nortos\lib\ticlang\m4\</path>
         <kind>archive</kind>
         <file>nortos_cc32xx.a</file>
         <name>SemaphoreP_nortos.c.obj</name>
      </input_file>
      <input_file id="fl-23">
         <path>C:\ti\simplelink_cc32xx_sdk_7_10_00_13\kernel\nortos\lib\ticlang\m4\</path>
         <kind>archive</kind>
         <file>nortos_cc32xx.a</file>
         <name>ClockPSysTick_nortos.c.obj</name>
      </input_file>
      <input_file id="fl-24">
         <path>C:\ti\simplelink_cc32xx_sdk_7_10_00_13\kernel\nortos\lib\ticlang\m4\</path>
         <kind>archive</kind>
         <file>nortos_cc32xx.a</file>
         <name>HwiPCC32XX_nortos.c.obj</name>
      </input_file>
      <input_file id="fl-25">
         <path>C:\ti\simplelink_cc32xx_sdk_7_10_00_13\kernel\nortos\lib\ticlang\m4\</path>
         <kind>archive</kind>
         <file>nortos_cc32xx.a</file>
         <name>PowerCC32XX_nortos.c.obj</name>
      </input_file>
      <input_file id="fl-26">
         <path>C:\ti\simplelink_cc32xx_sdk_7_10_00_13\kernel\nortos\lib\ticlang\m4\</path>
         <kind>archive</kind>
         <file>nortos_cc32xx.a</file>
         <name>startup_cc32xx_ticlang.c.obj</name>
      </input_file>
      <input_file id="fl-27">
         <path>C:\ti\simplelink_cc32xx_sdk_7_10_00_13\kernel\nortos\lib\ticlang\m4\</path>
         <kind>archive</kind>
         <file>nortos_cc32xx.a</file>
         <name>SwiP_nortos.c.obj</name>
      </input_file>
      <input_file id="fl-28">
         <path>C:\ti\simplelink_cc32xx_sdk_7_10_00_13\source\ti\devices\cc32xx\driverlib\ticlang\Release\</path>
         <kind>archive</kind>
         <file>driverlib.a</file>
         <name>cpu.obj</name>
      </input_file>
      <input_file id="fl-29">
         <path>C:\ti\simplelink_cc32xx_sdk_7_10_00_13\source\ti\devices\cc32xx\driverlib\ticlang\Release\</path>
         <kind>archive</kind>
         <file>driverlib.a</file>
         <name>gpio.obj</name>
      </input_file>
      <input_file id="fl-2a">
         <path>C:\ti\simplelink_cc32xx_sdk_7_10_00_13\source\ti\devices\cc32xx\driverlib\ticlang\Release\</path>
         <kind>archive</kind>
         <file>driverlib.a</file>
         <name>hwspinlock.obj</name>
      </input_file>
      <input_file id="fl-2b">
         <path>C:\ti\simplelink_cc32xx_sdk_7_10_00_13\source\ti\devices\cc32xx\driverlib\ticlang\Release\</path>
         <kind>archive</kind>
         <file>driverlib.a</file>
         <name>i2c.obj</name>
      </input_file>
      <input_file id="fl-2c">
         <path>C:\ti\simplelink_cc32xx_sdk_7_10_00_13\source\ti\devices\cc32xx\driverlib\ticlang\Release\</path>
         <kind>archive</kind>
         <file>driverlib.a</file>
         <name>interrupt.obj</name>
      </input_file>
      <input_file id="fl-2d">
         <path>C:\ti\simplelink_cc32xx_sdk_7_10_00_13\source\ti\devices\cc32xx\driverlib\ticlang\Release\</path>
         <kind>archive</kind>
         <file>driverlib.a</file>
         <name>pin.obj</name>
      </input_file>
      <input_file id="fl-2e">
         <path>C:\ti\simplelink_cc32xx_sdk_7_10_00_13\source\ti\devices\cc32xx\driverlib\ticlang\Release\</path>
         <kind>archive</kind>
         <file>driverlib.a</file>
         <name>prcm.obj</name>
      </input_file>
      <input_file id="fl-2f">
         <path>C:\ti\simplelink_cc32xx_sdk_7_10_00_13\source\ti\devices\cc32xx\driverlib\ticlang\Release\</path>
         <kind>archive</kind>
         <file>driverlib.a</file>
         <name>spi.obj</name>
      </input_file>
      <input_file id="fl-30">
         <path>C:\ti\simplelink_cc32xx_sdk_7_10_00_13\source\ti\devices\cc32xx\driverlib\ticlang\Release\</path>
         <kind>archive</kind>
         <file>driverlib.a</file>
         <name>systick.obj</name>
      </input_file>
      <input_file id="fl-31">
         <path>C:\ti\simplelink_cc32xx_sdk_7_10_00_13\source\ti\devices\cc32xx\driverlib\ticlang\Release\</path>
         <kind>archive</kind>
         <file>driverlib.a</file>
         <name>timer.obj</name>
      </input_file>
      <input_file id="fl-32">
         <path>C:\ti\simplelink_cc32xx_sdk_7_10_00_13\source\ti\devices\cc32xx\driverlib\ticlang\Release\</path>
         <kind>archive</kind>
         <file>driverlib.a</file>
         <name>uart.obj</name>
      </input_file>
      <input_file id="fl-33">
         <path>C:\ti\simplelink_cc32xx_sdk_7_10_00_13\source\ti\devices\cc32xx\driverlib\ticlang\Release\</path>
         <kind>archive</kind>
         <file>driverlib.a</file>
         <name>udma.obj</name>
      </input_file>
      <input_file id="fl-34">
         <path>C:\ti\simplelink_cc32xx_sdk_7_10_00_13\source\ti\devices\cc32xx\driverlib\ticlang\Release\</path>
         <kind>archive</kind>
         <file>driverlib.a</file>
         <name>utils.obj</name>
      </input_file>
      <input_file id="fl-35">
         <path>C:\ti\simplelink_cc32xx_sdk_7_10_00_13\source\ti\devices\cc32xx\driverlib\ticlang\Release\</path>
         <kind>archive</kind>
         <file>driverlib.a</file>
         <name>flash.obj</name>
      </input_file>
      <input_file id="fl-44">
         <path>C:\ti\ccs1280\ccs\tools\compiler\ti-cgt-armllvm_3.2.2.LTS\lib\armv7em-ti-none-eabi\c\</path>
         <kind>archive</kind>
         <file>libc.a</file>
         <name>snprintf.c.obj</name>
      </input_file>
      <input_file id="fl-45">
         <path>C:\ti\ccs1280\ccs\tools\compiler\ti-cgt-armllvm_3.2.2.LTS\lib\armv7em-ti-none-eabi\c\</path>
         <kind>archive</kind>
         <file>libc.a</file>
         <name>memory.c.obj</name>
      </input_file>
      <input_file id="fl-46">
         <path>C:\ti\ccs1280\ccs\tools\compiler\ti-cgt-armllvm_3.2.2.LTS\lib\armv7em-ti-none-eabi\c\</path>
         <kind>archive</kind>
         <file>libc.a</file>
         <name>boot_cortex_m.c.obj</name>
      </input_file>
      <input_file id="fl-47">
         <path>C:\ti\ccs1280\ccs\tools\compiler\ti-cgt-armllvm_3.2.2.LTS\lib\armv7em-ti-none-eabi\c\</path>
         <kind>archive</kind>
         <file>libc.a</file>
         <name>mathacl_init.c.obj</name>
      </input_file>
      <input_file id="fl-48">
         <path>C:\ti\ccs1280\ccs\tools\compiler\ti-cgt-armllvm_3.2.2.LTS\lib\armv7em-ti-none-eabi\c\</path>
         <kind>archive</kind>
         <file>libc.a</file>
         <name>autoinit.c.obj</name>
      </input_file>
      <input_file id="fl-49">
         <path>C:\ti\ccs1280\ccs\tools\compiler\ti-cgt-armllvm_3.2.2.LTS\lib\armv7em-ti-none-eabi\c\</path>
         <kind>archive</kind>
         <file>libc.a</file>
         <name>pre_init.c.obj</name>
      </input_file>
      <input_file id="fl-4a">
         <path>C:\ti\ccs1280\ccs\tools\compiler\ti-cgt-armllvm_3.2.2.LTS\lib\armv7em-ti-none-eabi\c\</path>
         <kind>archive</kind>
         <file>libc.a</file>
         <name>cpy_tbl.c.obj</name>
      </input_file>
      <input_file id="fl-4b">
         <path>C:\ti\ccs1280\ccs\tools\compiler\ti-cgt-armllvm_3.2.2.LTS\lib\armv7em-ti-none-eabi\c\</path>
         <kind>archive</kind>
         <file>libc.a</file>
         <name>copy_zero_init.c.obj</name>
      </input_file>
      <input_file id="fl-4c">
         <path>C:\ti\ccs1280\ccs\tools\compiler\ti-cgt-armllvm_3.2.2.LTS\lib\armv7em-ti-none-eabi\c\</path>
         <kind>archive</kind>
         <file>libc.a</file>
         <name>copy_decompress_none.c.obj</name>
      </input_file>
      <input_file id="fl-4d">
         <path>C:\ti\ccs1280\ccs\tools\compiler\ti-cgt-armllvm_3.2.2.LTS\lib\armv7em-ti-none-eabi\c\</path>
         <kind>archive</kind>
         <file>libc.a</file>
         <name>copy_decompress_lzss.c.obj</name>
      </input_file>
      <input_file id="fl-4e">
         <path>C:\ti\ccs1280\ccs\tools\compiler\ti-cgt-armllvm_3.2.2.LTS\lib\armv7em-ti-none-eabi\c\</path>
         <kind>archive</kind>
         <file>libc.a</file>
         <name>_printfi.c.obj</name>
      </input_file>
      <input_file id="fl-4f">
         <path>C:\ti\ccs1280\ccs\tools\compiler\ti-cgt-armllvm_3.2.2.LTS\lib\armv7em-ti-none-eabi\c\</path>
         <kind>archive</kind>
         <file>libc.a</file>
         <name>s_frexp.c.obj</name>
      </input_file>
      <input_file id="fl-50">
         <path>C:\ti\ccs1280\ccs\tools\compiler\ti-cgt-armllvm_3.2.2.LTS\lib\armv7em-ti-none-eabi\c\</path>
         <kind>archive</kind>
         <file>libc.a</file>
         <name>s_scalbn.c.obj</name>
      </input_file>
      <input_file id="fl-51">
         <path>C:\ti\ccs1280\ccs\tools\compiler\ti-cgt-armllvm_3.2.2.LTS\lib\armv7em-ti-none-eabi\c\</path>
         <kind>archive</kind>
         <file>libc.a</file>
         <name>aeabi_portable.c.obj</name>
      </input_file>
      <input_file id="fl-52">
         <path>C:\ti\ccs1280\ccs\tools\compiler\ti-cgt-armllvm_3.2.2.LTS\lib\armv7em-ti-none-eabi\c\</path>
         <kind>archive</kind>
         <file>libc.a</file>
         <name>exit.c.obj</name>
      </input_file>
      <input_file id="fl-53">
         <path>C:\ti\ccs1280\ccs\tools\compiler\ti-cgt-armllvm_3.2.2.LTS\lib\armv7em-ti-none-eabi\c\</path>
         <kind>archive</kind>
         <file>libc.a</file>
         <name>_lock.c.obj</name>
      </input_file>
      <input_file id="fl-54">
         <path>C:\ti\ccs1280\ccs\tools\compiler\ti-cgt-armllvm_3.2.2.LTS\lib\armv7em-ti-none-eabi\c\</path>
         <kind>archive</kind>
         <file>libc.a</file>
         <name>_ltoa.c.obj</name>
      </input_file>
      <input_file id="fl-55">
         <path>C:\ti\ccs1280\ccs\tools\compiler\ti-cgt-armllvm_3.2.2.LTS\lib\armv7em-ti-none-eabi\c\</path>
         <kind>archive</kind>
         <file>libc.a</file>
         <name>args_main.c.obj</name>
      </input_file>
      <input_file id="fl-56">
         <path>C:\ti\ccs1280\ccs\tools\compiler\ti-cgt-armllvm_3.2.2.LTS\lib\armv7em-ti-none-eabi\c\</path>
         <kind>archive</kind>
         <file>libc.a</file>
         <name>assert.c.obj</name>
      </input_file>
      <input_file id="fl-57">
         <path>C:\ti\ccs1280\ccs\tools\compiler\ti-cgt-armllvm_3.2.2.LTS\lib\armv7em-ti-none-eabi\c\</path>
         <kind>archive</kind>
         <file>libc.a</file>
         <name>atoi.c.obj</name>
      </input_file>
      <input_file id="fl-58">
         <path>C:\ti\ccs1280\ccs\tools\compiler\ti-cgt-armllvm_3.2.2.LTS\lib\armv7em-ti-none-eabi\c\</path>
         <kind>archive</kind>
         <file>libc.a</file>
         <name>defs.c.obj</name>
      </input_file>
      <input_file id="fl-59">
         <path>C:\ti\ccs1280\ccs\tools\compiler\ti-cgt-armllvm_3.2.2.LTS\lib\armv7em-ti-none-eabi\c\</path>
         <kind>archive</kind>
         <file>libc.a</file>
         <name>memccpy.c.obj</name>
      </input_file>
      <input_file id="fl-5a">
         <path>C:\ti\ccs1280\ccs\tools\compiler\ti-cgt-armllvm_3.2.2.LTS\lib\armv7em-ti-none-eabi\c\</path>
         <kind>archive</kind>
         <file>libc.a</file>
         <name>wcslen.c.obj</name>
      </input_file>
      <input_file id="fl-5b">
         <path>C:\ti\ccs1280\ccs\tools\compiler\ti-cgt-armllvm_3.2.2.LTS\lib\armv7em-ti-none-eabi\c\</path>
         <kind>archive</kind>
         <file>libc.a</file>
         <name>sprintf.c.obj</name>
      </input_file>
      <input_file id="fl-5c">
         <path>C:\ti\ccs1280\ccs\tools\compiler\ti-cgt-armllvm_3.2.2.LTS\lib\armv7em-ti-none-eabi\c\</path>
         <kind>archive</kind>
         <file>libc.a</file>
         <name>fflush.c.obj</name>
      </input_file>
      <input_file id="fl-5d">
         <path>C:\ti\ccs1280\ccs\tools\compiler\ti-cgt-armllvm_3.2.2.LTS\lib\armv7em-ti-none-eabi\c\</path>
         <kind>archive</kind>
         <file>libc.a</file>
         <name>fputs.c.obj</name>
      </input_file>
      <input_file id="fl-5e">
         <path>C:\ti\ccs1280\ccs\tools\compiler\ti-cgt-armllvm_3.2.2.LTS\lib\armv7em-ti-none-eabi\c\</path>
         <kind>archive</kind>
         <file>libc.a</file>
         <name>_io_perm.c.obj</name>
      </input_file>
      <input_file id="fl-5f">
         <path>C:\ti\ccs1280\ccs\tools\compiler\ti-cgt-armllvm_3.2.2.LTS\lib\armv7em-ti-none-eabi\c\</path>
         <kind>archive</kind>
         <file>libc.a</file>
         <name>setvbuf.c.obj</name>
      </input_file>
      <input_file id="fl-60">
         <path>C:\ti\ccs1280\ccs\tools\compiler\ti-cgt-armllvm_3.2.2.LTS\lib\armv7em-ti-none-eabi\c\</path>
         <kind>archive</kind>
         <file>libc.a</file>
         <name>aeabi_ctype.S.obj</name>
      </input_file>
      <input_file id="fl-61">
         <path>C:\ti\ccs1280\ccs\tools\compiler\ti-cgt-armllvm_3.2.2.LTS\lib\armv7em-ti-none-eabi\c\</path>
         <kind>archive</kind>
         <file>libc.a</file>
         <name>fopen.c.obj</name>
      </input_file>
      <input_file id="fl-62">
         <path>C:\ti\ccs1280\ccs\tools\compiler\ti-cgt-armllvm_3.2.2.LTS\lib\armv7em-ti-none-eabi\c\</path>
         <kind>archive</kind>
         <file>libc.a</file>
         <name>fseek.c.obj</name>
      </input_file>
      <input_file id="fl-63">
         <path>C:\ti\ccs1280\ccs\tools\compiler\ti-cgt-armllvm_3.2.2.LTS\lib\armv7em-ti-none-eabi\c\</path>
         <kind>archive</kind>
         <file>libc.a</file>
         <name>fclose.c.obj</name>
      </input_file>
      <input_file id="fl-c9">
         <path>C:\ti\ccs1280\ccs\tools\compiler\ti-cgt-armllvm_3.2.2.LTS\lib\armv7em-ti-none-eabi\c\</path>
         <kind>archive</kind>
         <file>libsysbm.a</file>
         <name>write.c.obj</name>
      </input_file>
      <input_file id="fl-ca">
         <path>C:\ti\ccs1280\ccs\tools\compiler\ti-cgt-armllvm_3.2.2.LTS\lib\armv7em-ti-none-eabi\c\</path>
         <kind>archive</kind>
         <file>libsysbm.a</file>
         <name>host_device.c.obj</name>
      </input_file>
      <input_file id="fl-cb">
         <path>C:\ti\ccs1280\ccs\tools\compiler\ti-cgt-armllvm_3.2.2.LTS\lib\armv7em-ti-none-eabi\c\</path>
         <kind>archive</kind>
         <file>libsysbm.a</file>
         <name>remove.c.obj</name>
      </input_file>
      <input_file id="fl-cc">
         <path>C:\ti\ccs1280\ccs\tools\compiler\ti-cgt-armllvm_3.2.2.LTS\lib\armv7em-ti-none-eabi\c\</path>
         <kind>archive</kind>
         <file>libsysbm.a</file>
         <name>open.c.obj</name>
      </input_file>
      <input_file id="fl-cd">
         <path>C:\ti\ccs1280\ccs\tools\compiler\ti-cgt-armllvm_3.2.2.LTS\lib\armv7em-ti-none-eabi\c\</path>
         <kind>archive</kind>
         <file>libsysbm.a</file>
         <name>lseek.c.obj</name>
      </input_file>
      <input_file id="fl-ce">
         <path>C:\ti\ccs1280\ccs\tools\compiler\ti-cgt-armllvm_3.2.2.LTS\lib\armv7em-ti-none-eabi\c\</path>
         <kind>archive</kind>
         <file>libsysbm.a</file>
         <name>close.c.obj</name>
      </input_file>
      <input_file id="fl-cf">
         <path>C:\ti\ccs1280\ccs\tools\compiler\ti-cgt-armllvm_3.2.2.LTS\lib\armv7em-ti-none-eabi\c\</path>
         <kind>archive</kind>
         <file>libsysbm.a</file>
         <name>unlink.c.obj</name>
      </input_file>
      <input_file id="fl-d0">
         <path>C:\ti\ccs1280\ccs\tools\compiler\ti-cgt-armllvm_3.2.2.LTS\lib\armv7em-ti-none-eabi\c\</path>
         <kind>archive</kind>
         <file>libsysbm.a</file>
         <name>hostclose.c.obj</name>
      </input_file>
      <input_file id="fl-d1">
         <path>C:\ti\ccs1280\ccs\tools\compiler\ti-cgt-armllvm_3.2.2.LTS\lib\armv7em-ti-none-eabi\c\</path>
         <kind>archive</kind>
         <file>libsysbm.a</file>
         <name>hostlseek.c.obj</name>
      </input_file>
      <input_file id="fl-d2">
         <path>C:\ti\ccs1280\ccs\tools\compiler\ti-cgt-armllvm_3.2.2.LTS\lib\armv7em-ti-none-eabi\c\</path>
         <kind>archive</kind>
         <file>libsysbm.a</file>
         <name>hostopen.c.obj</name>
      </input_file>
      <input_file id="fl-d3">
         <path>C:\ti\ccs1280\ccs\tools\compiler\ti-cgt-armllvm_3.2.2.LTS\lib\armv7em-ti-none-eabi\c\</path>
         <kind>archive</kind>
         <file>libsysbm.a</file>
         <name>hostread.c.obj</name>
      </input_file>
      <input_file id="fl-d4">
         <path>C:\ti\ccs1280\ccs\tools\compiler\ti-cgt-armllvm_3.2.2.LTS\lib\armv7em-ti-none-eabi\c\</path>
         <kind>archive</kind>
         <file>libsysbm.a</file>
         <name>hostrename.c.obj</name>
      </input_file>
      <input_file id="fl-d5">
         <path>C:\ti\ccs1280\ccs\tools\compiler\ti-cgt-armllvm_3.2.2.LTS\lib\armv7em-ti-none-eabi\c\</path>
         <kind>archive</kind>
         <file>libsysbm.a</file>
         <name>hostunlink.c.obj</name>
      </input_file>
      <input_file id="fl-d6">
         <path>C:\ti\ccs1280\ccs\tools\compiler\ti-cgt-armllvm_3.2.2.LTS\lib\armv7em-ti-none-eabi\c\</path>
         <kind>archive</kind>
         <file>libsysbm.a</file>
         <name>hostwrite.c.obj</name>
      </input_file>
      <input_file id="fl-d7">
         <path>C:\ti\ccs1280\ccs\tools\compiler\ti-cgt-armllvm_3.2.2.LTS\lib\armv7em-ti-none-eabi\c\</path>
         <kind>archive</kind>
         <file>libsysbm.a</file>
         <name>trgmsg.c.obj</name>
      </input_file>
      <input_file id="fl-d8">
         <path>C:\ti\ccs1280\ccs\tools\compiler\ti-cgt-armllvm_3.2.2.LTS\lib\clang\15.0.7\lib\armv7em-ti-none-eabi\</path>
         <kind>archive</kind>
         <file>libclang_rt.builtins.a</file>
         <name>adddf3.S.obj</name>
      </input_file>
      <input_file id="fl-d9">
         <path>C:\ti\ccs1280\ccs\tools\compiler\ti-cgt-armllvm_3.2.2.LTS\lib\clang\15.0.7\lib\armv7em-ti-none-eabi\</path>
         <kind>archive</kind>
         <file>libclang_rt.builtins.a</file>
         <name>muldf3.S.obj</name>
      </input_file>
      <input_file id="fl-da">
         <path>C:\ti\ccs1280\ccs\tools\compiler\ti-cgt-armllvm_3.2.2.LTS\lib\clang\15.0.7\lib\armv7em-ti-none-eabi\</path>
         <kind>archive</kind>
         <file>libclang_rt.builtins.a</file>
         <name>divdf3.S.obj</name>
      </input_file>
      <input_file id="fl-db">
         <path>C:\ti\ccs1280\ccs\tools\compiler\ti-cgt-armllvm_3.2.2.LTS\lib\clang\15.0.7\lib\armv7em-ti-none-eabi\</path>
         <kind>archive</kind>
         <file>libclang_rt.builtins.a</file>
         <name>fixdfsi.S.obj</name>
      </input_file>
      <input_file id="fl-dc">
         <path>C:\ti\ccs1280\ccs\tools\compiler\ti-cgt-armllvm_3.2.2.LTS\lib\clang\15.0.7\lib\armv7em-ti-none-eabi\</path>
         <kind>archive</kind>
         <file>libclang_rt.builtins.a</file>
         <name>floatsidf.S.obj</name>
      </input_file>
      <input_file id="fl-dd">
         <path>C:\ti\ccs1280\ccs\tools\compiler\ti-cgt-armllvm_3.2.2.LTS\lib\clang\15.0.7\lib\armv7em-ti-none-eabi\</path>
         <kind>archive</kind>
         <file>libclang_rt.builtins.a</file>
         <name>aeabi_dcmp.S.obj</name>
      </input_file>
      <input_file id="fl-de">
         <path>C:\ti\ccs1280\ccs\tools\compiler\ti-cgt-armllvm_3.2.2.LTS\lib\clang\15.0.7\lib\armv7em-ti-none-eabi\</path>
         <kind>archive</kind>
         <file>libclang_rt.builtins.a</file>
         <name>aeabi_memcpy.S.obj</name>
      </input_file>
      <input_file id="fl-df">
         <path>C:\ti\ccs1280\ccs\tools\compiler\ti-cgt-armllvm_3.2.2.LTS\lib\clang\15.0.7\lib\armv7em-ti-none-eabi\</path>
         <kind>archive</kind>
         <file>libclang_rt.builtins.a</file>
         <name>aeabi_memset.S.obj</name>
      </input_file>
      <input_file id="fl-e0">
         <path>C:\ti\ccs1280\ccs\tools\compiler\ti-cgt-armllvm_3.2.2.LTS\lib\clang\15.0.7\lib\armv7em-ti-none-eabi\</path>
         <kind>archive</kind>
         <file>libclang_rt.builtins.a</file>
         <name>aeabi_uldivmod.S.obj</name>
      </input_file>
      <input_file id="fl-e1">
         <path>C:\ti\ccs1280\ccs\tools\compiler\ti-cgt-armllvm_3.2.2.LTS\lib\clang\15.0.7\lib\armv7em-ti-none-eabi\</path>
         <kind>archive</kind>
         <file>libclang_rt.builtins.a</file>
         <name>udivmoddi4.S.obj</name>
      </input_file>
      <input_file id="fl-e2">
         <path>C:\ti\ccs1280\ccs\tools\compiler\ti-cgt-armllvm_3.2.2.LTS\lib\clang\15.0.7\lib\armv7em-ti-none-eabi\</path>
         <kind>archive</kind>
         <file>libclang_rt.builtins.a</file>
         <name>comparedf2.c.obj</name>
      </input_file>
      <input_file id="fl-e3">
         <path>C:\ti\ccs1280\ccs\tools\compiler\ti-cgt-armllvm_3.2.2.LTS\lib\clang\15.0.7\lib\armv7em-ti-none-eabi\</path>
         <kind>archive</kind>
         <file>libclang_rt.builtins.a</file>
         <name>aeabi_div0.c.obj</name>
      </input_file>
      <input_file id="fl-e4">
         <path>C:\ti\ccs1280\ccs\tools\compiler\ti-cgt-armllvm_3.2.2.LTS\lib\armv7em-ti-none-eabi\c\</path>
         <kind>archive</kind>
         <file>libc.a</file>
         <name>getdevice.c.obj</name>
      </input_file>
      <input_file id="fl-e5">
         <path>C:\ti\ccs1280\ccs\tools\compiler\ti-cgt-armllvm_3.2.2.LTS\lib\armv7em-ti-none-eabi\c\</path>
         <kind>archive</kind>
         <file>libc.a</file>
         <name>strcmp_t2.S.obj</name>
      </input_file>
      <input_file id="fl-e6">
         <path>C:\ti\ccs1280\ccs\tools\compiler\ti-cgt-armllvm_3.2.2.LTS\lib\armv7em-ti-none-eabi\c\</path>
         <kind>archive</kind>
         <file>libc.a</file>
         <name>memcpy_t2.S.obj</name>
      </input_file>
      <input_file id="fl-e7">
         <path>C:\ti\ccs1280\ccs\tools\compiler\ti-cgt-armllvm_3.2.2.LTS\lib\armv7em-ti-none-eabi\c\</path>
         <kind>archive</kind>
         <file>libc.a</file>
         <name>memset_t2.S.obj</name>
      </input_file>
   </input_file_list>
   <object_component_list>
      <object_component id="oc-28b">
         <name>.text:__TI_printfi_nofloat</name>
         <load_address>0x2000c040</load_address>
         <readonly>true</readonly>
         <executable>true</executable>
         <run_address>0x2000c040</run_address>
         <size>0x86c</size>
         <alignment>0x4</alignment>
         <input_file_ref idref="fl-4e"/>
      </object_component>
      <object_component id="oc-d2">
         <name>.text.PRCMCC3200MCUInit</name>
         <load_address>0x2000c8ac</load_address>
         <readonly>true</readonly>
         <executable>true</executable>
         <run_address>0x2000c8ac</run_address>
         <size>0x4b8</size>
         <alignment>0x2</alignment>
         <input_file_ref idref="fl-2e"/>
      </object_component>
      <object_component id="oc-244">
         <name>.text.Power_sleep</name>
         <load_address>0x2000cd64</load_address>
         <readonly>true</readonly>
         <executable>true</executable>
         <run_address>0x2000cd64</run_address>
         <size>0x3e4</size>
         <alignment>0x4</alignment>
         <input_file_ref idref="fl-18"/>
      </object_component>
      <object_component id="oc-21f">
         <name>.text.UART2CC32XX_hwiIntFxn</name>
         <load_address>0x2000d148</load_address>
         <readonly>true</readonly>
         <executable>true</executable>
         <run_address>0x2000d148</run_address>
         <size>0x222</size>
         <alignment>0x2</alignment>
         <input_file_ref idref="fl-1d"/>
      </object_component>
      <object_component id="oc-e2">
         <name>.text.Board_initHook</name>
         <load_address>0x2000d36a</load_address>
         <readonly>true</readonly>
         <executable>true</executable>
         <run_address>0x2000d36a</run_address>
         <size>0x2</size>
         <alignment>0x2</alignment>
         <input_file_ref idref="fl-2"/>
      </object_component>
      <object_component id="oc-178">
         <name>.text.UART2_open</name>
         <load_address>0x2000d36c</load_address>
         <readonly>true</readonly>
         <executable>true</executable>
         <run_address>0x2000d36c</run_address>
         <size>0x1cc</size>
         <alignment>0x4</alignment>
         <input_file_ref idref="fl-1d"/>
      </object_component>
      <object_component id="oc-ee">
         <name>.text.initI2C</name>
         <load_address>0x2000d538</load_address>
         <readonly>true</readonly>
         <executable>true</executable>
         <run_address>0x2000d538</run_address>
         <size>0x178</size>
         <alignment>0x4</alignment>
         <input_file_ref idref="fl-1"/>
      </object_component>
      <object_component id="oc-26a">
         <name>.text.UART2_writeTimeoutBlocking</name>
         <load_address>0x2000d6b0</load_address>
         <readonly>true</readonly>
         <executable>true</executable>
         <run_address>0x2000d6b0</run_address>
         <size>0x174</size>
         <alignment>0x2</alignment>
         <input_file_ref idref="fl-1c"/>
      </object_component>
      <object_component id="oc-1bb">
         <name>.text.PowerCC32XX_sleepPolicy</name>
         <load_address>0x2000d824</load_address>
         <readonly>true</readonly>
         <executable>true</executable>
         <run_address>0x2000d824</run_address>
         <size>0x150</size>
         <alignment>0x4</alignment>
         <input_file_ref idref="fl-25"/>
      </object_component>
      <object_component id="oc-147">
         <name>.text.Timer_open</name>
         <load_address>0x2000d974</load_address>
         <readonly>true</readonly>
         <executable>true</executable>
         <run_address>0x2000d974</run_address>
         <size>0x148</size>
         <alignment>0x4</alignment>
         <input_file_ref idref="fl-1b"/>
      </object_component>
      <object_component id="oc-fb">
         <name>.text.GPIO_setConfig</name>
         <load_address>0x2000dabc</load_address>
         <readonly>true</readonly>
         <executable>true</executable>
         <run_address>0x2000dabc</run_address>
         <size>0x140</size>
         <alignment>0x4</alignment>
         <input_file_ref idref="fl-15"/>
      </object_component>
      <object_component id="oc-1fa">
         <name>.text.I2CCC32XX_hwiFxn</name>
         <load_address>0x2000dbfc</load_address>
         <readonly>true</readonly>
         <executable>true</executable>
         <run_address>0x2000dbfc</run_address>
         <size>0x138</size>
         <alignment>0x2</alignment>
         <input_file_ref idref="fl-17"/>
      </object_component>
      <object_component id="oc-203">
         <name>.text.I2C_transferTimeout</name>
         <load_address>0x2000dd34</load_address>
         <readonly>true</readonly>
         <executable>true</executable>
         <run_address>0x2000dd34</run_address>
         <size>0x126</size>
         <alignment>0x2</alignment>
         <input_file_ref idref="fl-16"/>
      </object_component>
      <object_component id="oc-157">
         <name>.text.I2C_init</name>
         <load_address>0x2000de5a</load_address>
         <readonly>true</readonly>
         <executable>true</executable>
         <run_address>0x2000de5a</run_address>
         <size>0x2</size>
         <alignment>0x2</alignment>
         <input_file_ref idref="fl-16"/>
      </object_component>
      <object_component id="oc-2c7">
         <name>.text.aligned_alloc</name>
         <load_address>0x2000de5c</load_address>
         <readonly>true</readonly>
         <executable>true</executable>
         <run_address>0x2000de5c</run_address>
         <size>0x120</size>
         <alignment>0x4</alignment>
         <input_file_ref idref="fl-45"/>
      </object_component>
      <object_component id="oc-269">
         <name>.text.UART2_writeTimeoutNonblocking</name>
         <load_address>0x2000df7c</load_address>
         <readonly>true</readonly>
         <executable>true</executable>
         <run_address>0x2000df7c</run_address>
         <size>0x11a</size>
         <alignment>0x2</alignment>
         <input_file_ref idref="fl-1c"/>
      </object_component>
      <object_component id="oc-32f">
         <name>.text.uDMAChannelTransferSet</name>
         <load_address>0x2000e096</load_address>
         <readonly>true</readonly>
         <executable>true</executable>
         <run_address>0x2000e096</run_address>
         <size>0x112</size>
         <alignment>0x2</alignment>
         <input_file_ref idref="fl-33"/>
      </object_component>
      <object_component id="oc-18b">
         <name>.text.__muldf3</name>
         <load_address>0x2000e1a8</load_address>
         <readonly>true</readonly>
         <executable>true</executable>
         <run_address>0x2000e1a8</run_address>
         <size>0xfc</size>
         <alignment>0x4</alignment>
         <input_file_ref idref="fl-d9"/>
      </object_component>
      <object_component id="oc-1c2">
         <name>.text.free</name>
         <load_address>0x2000e2a4</load_address>
         <readonly>true</readonly>
         <executable>true</executable>
         <run_address>0x2000e2a4</run_address>
         <size>0xf0</size>
         <alignment>0x4</alignment>
         <input_file_ref idref="fl-45"/>
      </object_component>
      <object_component id="oc-b0">
         <name>.text.mainThread</name>
         <load_address>0x2000e394</load_address>
         <readonly>true</readonly>
         <executable>true</executable>
         <run_address>0x2000e394</run_address>
         <size>0xec</size>
         <alignment>0x4</alignment>
         <input_file_ref idref="fl-1"/>
      </object_component>
      <object_component id="oc-15d">
         <name>.text.I2C_open</name>
         <load_address>0x2000e480</load_address>
         <readonly>true</readonly>
         <executable>true</executable>
         <run_address>0x2000e480</run_address>
         <size>0xe8</size>
         <alignment>0x4</alignment>
         <input_file_ref idref="fl-17"/>
      </object_component>
      <object_component id="oc-21a">
         <name>.text.UART2_close</name>
         <load_address>0x2000e568</load_address>
         <readonly>true</readonly>
         <executable>true</executable>
         <run_address>0x2000e568</run_address>
         <size>0xe8</size>
         <alignment>0x4</alignment>
         <input_file_ref idref="fl-1d"/>
      </object_component>
      <object_component id="oc-2c3">
         <name>.text.UART2Support_dmaStartRx</name>
         <load_address>0x2000e650</load_address>
         <readonly>true</readonly>
         <executable>true</executable>
         <run_address>0x2000e650</run_address>
         <size>0xcc</size>
         <alignment>0x4</alignment>
         <input_file_ref idref="fl-1d"/>
      </object_component>
      <object_component id="oc-31b">
         <name>.text.IntDisable</name>
         <load_address>0x2000e71c</load_address>
         <readonly>true</readonly>
         <executable>true</executable>
         <run_address>0x2000e71c</run_address>
         <size>0xc8</size>
         <alignment>0x2</alignment>
         <input_file_ref idref="fl-2c"/>
      </object_component>
      <object_component id="oc-270">
         <name>.text.IntEnable</name>
         <load_address>0x2000e7e4</load_address>
         <readonly>true</readonly>
         <executable>true</executable>
         <run_address>0x2000e7e4</run_address>
         <size>0xc8</size>
         <alignment>0x2</alignment>
         <input_file_ref idref="fl-2c"/>
      </object_component>
      <object_component id="oc-219">
         <name>.text.UART2CC32XX_initHw</name>
         <load_address>0x2000e8ac</load_address>
         <readonly>true</readonly>
         <executable>true</executable>
         <run_address>0x2000e8ac</run_address>
         <size>0xc4</size>
         <alignment>0x4</alignment>
         <input_file_ref idref="fl-1d"/>
      </object_component>
      <object_component id="oc-2c6">
         <name>.text.UART2Support_dmaStartTx</name>
         <load_address>0x2000e970</load_address>
         <readonly>true</readonly>
         <executable>true</executable>
         <run_address>0x2000e970</run_address>
         <size>0xb8</size>
         <alignment>0x4</alignment>
         <input_file_ref idref="fl-1d"/>
      </object_component>
      <object_component id="oc-2ce">
         <name>.text</name>
         <load_address>0x2000ea28</load_address>
         <readonly>true</readonly>
         <executable>true</executable>
         <run_address>0x2000ea28</run_address>
         <size>0xb0</size>
         <alignment>0x4</alignment>
         <input_file_ref idref="fl-e1"/>
      </object_component>
      <object_component id="oc-229">
         <name>.text.GPIOIntTypeSet</name>
         <load_address>0x2000ead8</load_address>
         <readonly>true</readonly>
         <executable>true</executable>
         <run_address>0x2000ead8</run_address>
         <size>0xac</size>
         <alignment>0x2</alignment>
         <input_file_ref idref="fl-29"/>
      </object_component>
      <object_component id="oc-348">
         <name>.text.IntPendSet</name>
         <load_address>0x2000eb84</load_address>
         <readonly>true</readonly>
         <executable>true</executable>
         <run_address>0x2000eb84</run_address>
         <size>0xa4</size>
         <alignment>0x2</alignment>
         <input_file_ref idref="fl-2c"/>
      </object_component>
      <object_component id="oc-197">
         <name>.text.PinConfigSet</name>
         <load_address>0x2000ec28</load_address>
         <readonly>true</readonly>
         <executable>true</executable>
         <run_address>0x2000ec28</run_address>
         <size>0xa2</size>
         <alignment>0x2</alignment>
         <input_file_ref idref="fl-2d"/>
      </object_component>
      <object_component id="oc-284">
         <name>.text.I2CCC32XX_completeTransfer</name>
         <load_address>0x2000ecca</load_address>
         <readonly>true</readonly>
         <executable>true</executable>
         <run_address>0x2000ecca</run_address>
         <size>0x9c</size>
         <alignment>0x2</alignment>
         <input_file_ref idref="fl-17"/>
      </object_component>
      <object_component id="oc-1b6">
         <name>.text.PowerCC32XX_initPolicy</name>
         <load_address>0x2000ed66</load_address>
         <readonly>true</readonly>
         <executable>true</executable>
         <run_address>0x2000ed66</run_address>
         <size>0x2</size>
         <alignment>0x2</alignment>
         <input_file_ref idref="fl-25"/>
      </object_component>
      <object_component id="oc-f8">
         <name>.text.readTemp</name>
         <load_address>0x2000ed68</load_address>
         <readonly>true</readonly>
         <executable>true</executable>
         <run_address>0x2000ed68</run_address>
         <size>0x9c</size>
         <alignment>0x4</alignment>
         <input_file_ref idref="fl-1"/>
      </object_component>
      <object_component id="oc-275">
         <name>.text.I2CMasterInitExpClk</name>
         <load_address>0x2000ee04</load_address>
         <readonly>true</readonly>
         <executable>true</executable>
         <run_address>0x2000ee04</run_address>
         <size>0x98</size>
         <alignment>0x2</alignment>
         <input_file_ref idref="fl-2b"/>
      </object_component>
      <object_component id="oc-132">
         <name>.text.SemaphoreP_pend</name>
         <load_address>0x2000ee9c</load_address>
         <readonly>true</readonly>
         <executable>true</executable>
         <run_address>0x2000ee9c</run_address>
         <size>0x98</size>
         <alignment>0x4</alignment>
         <input_file_ref idref="fl-22"/>
      </object_component>
      <object_component id="oc-2e5">
         <name>.text.CPUwfi</name>
         <load_address>0x2000ef34</load_address>
         <readonly>true</readonly>
         <executable>true</executable>
         <run_address>0x2000ef34</run_address>
         <size>0xc</size>
         <alignment>0x2</alignment>
         <input_file_ref idref="fl-28"/>
      </object_component>
      <object_component id="oc-2da">
         <name>.text</name>
         <load_address>0x2000ef40</load_address>
         <readonly>true</readonly>
         <executable>true</executable>
         <run_address>0x2000ef40</run_address>
         <size>0x96</size>
         <alignment>0x10</alignment>
         <input_file_ref idref="fl-19"/>
      </object_component>
      <object_component id="oc-2ae">
         <name>.text.uDMAChannelAttributeDisable</name>
         <load_address>0x2000efd6</load_address>
         <readonly>true</readonly>
         <executable>true</executable>
         <run_address>0x2000efd6</run_address>
         <size>0x92</size>
         <alignment>0x2</alignment>
         <input_file_ref idref="fl-33"/>
      </object_component>
      <object_component id="oc-dc">
         <name>.text.GPIO_init</name>
         <load_address>0x2000f068</load_address>
         <readonly>true</readonly>
         <executable>true</executable>
         <run_address>0x2000f068</run_address>
         <size>0x90</size>
         <alignment>0x4</alignment>
         <input_file_ref idref="fl-15"/>
      </object_component>
      <object_component id="oc-111">
         <name>.text.PRCMSysResetCauseGet</name>
         <load_address>0x2000f0f8</load_address>
         <readonly>true</readonly>
         <executable>true</executable>
         <run_address>0x2000f0f8</run_address>
         <size>0x8e</size>
         <alignment>0x2</alignment>
         <input_file_ref idref="fl-2e"/>
      </object_component>
      <object_component id="oc-259">
         <name>.text.SemaphoreP_destruct</name>
         <load_address>0x2000f186</load_address>
         <readonly>true</readonly>
         <executable>true</executable>
         <run_address>0x2000f186</run_address>
         <size>0x2</size>
         <alignment>0x2</alignment>
         <input_file_ref idref="fl-22"/>
      </object_component>
      <object_component id="oc-123">
         <name>.text.PowerCC32XX_configureWakeup</name>
         <load_address>0x2000f188</load_address>
         <readonly>true</readonly>
         <executable>true</executable>
         <run_address>0x2000f188</run_address>
         <size>0x88</size>
         <alignment>0x4</alignment>
         <input_file_ref idref="fl-18"/>
      </object_component>
      <object_component id="oc-281">
         <name>.text.I2CCC32XX_primeReadBurst</name>
         <load_address>0x2000f210</load_address>
         <readonly>true</readonly>
         <executable>true</executable>
         <run_address>0x2000f210</run_address>
         <size>0x7a</size>
         <alignment>0x2</alignment>
         <input_file_ref idref="fl-17"/>
      </object_component>
      <object_component id="oc-140">
         <name>.text.Timer_init</name>
         <load_address>0x2000f28a</load_address>
         <readonly>true</readonly>
         <executable>true</executable>
         <run_address>0x2000f28a</run_address>
         <size>0x2</size>
         <alignment>0x2</alignment>
         <input_file_ref idref="fl-1a"/>
      </object_component>
      <object_component id="oc-d7">
         <name>.text.Power_init</name>
         <load_address>0x2000f28c</load_address>
         <readonly>true</readonly>
         <executable>true</executable>
         <run_address>0x2000f28c</run_address>
         <size>0x78</size>
         <alignment>0x4</alignment>
         <input_file_ref idref="fl-18"/>
      </object_component>
      <object_component id="oc-1f4">
         <name>.text.HwiP_construct</name>
         <load_address>0x2000f304</load_address>
         <readonly>true</readonly>
         <executable>true</executable>
         <run_address>0x2000f304</run_address>
         <size>0x74</size>
         <alignment>0x4</alignment>
         <input_file_ref idref="fl-24"/>
      </object_component>
      <object_component id="oc-1b3">
         <name>.text.PRCMHibernateWakeUpGPIOSelect</name>
         <load_address>0x2000f378</load_address>
         <readonly>true</readonly>
         <executable>true</executable>
         <run_address>0x2000f378</run_address>
         <size>0x74</size>
         <alignment>0x2</alignment>
         <input_file_ref idref="fl-2e"/>
      </object_component>
      <object_component id="oc-2a3">
         <name>.text.UARTConfigSetExpClk</name>
         <load_address>0x2000f3ec</load_address>
         <readonly>true</readonly>
         <executable>true</executable>
         <run_address>0x2000f3ec</run_address>
         <size>0x74</size>
         <alignment>0x2</alignment>
         <input_file_ref idref="fl-32"/>
      </object_component>
      <object_component id="oc-18">
         <name>.text:decompress:lzss</name>
         <load_address>0x2000f460</load_address>
         <readonly>true</readonly>
         <executable>true</executable>
         <run_address>0x2000f460</run_address>
         <size>0x70</size>
         <alignment>0x2</alignment>
         <input_file_ref idref="fl-4d"/>
      </object_component>
      <object_component id="oc-2d8">
         <name>.text.PinLockLevelSet</name>
         <load_address>0x2000f4d0</load_address>
         <readonly>true</readonly>
         <executable>true</executable>
         <run_address>0x2000f4d0</run_address>
         <size>0x6c</size>
         <alignment>0x2</alignment>
         <input_file_ref idref="fl-2d"/>
      </object_component>
      <object_component id="oc-198">
         <name>.text.Power_setDependency</name>
         <load_address>0x2000f53c</load_address>
         <readonly>true</readonly>
         <executable>true</executable>
         <run_address>0x2000f53c</run_address>
         <size>0x6c</size>
         <alignment>0x4</alignment>
         <input_file_ref idref="fl-18"/>
      </object_component>
      <object_component id="oc-217">
         <name>.text.UDMACC32XX_open</name>
         <load_address>0x2000f5a8</load_address>
         <readonly>true</readonly>
         <executable>true</executable>
         <run_address>0x2000f5a8</run_address>
         <size>0x6c</size>
         <alignment>0x4</alignment>
         <input_file_ref idref="fl-20"/>
      </object_component>
      <object_component id="oc-ed">
         <name>.text.initTimer</name>
         <load_address>0x2000f614</load_address>
         <readonly>true</readonly>
         <executable>true</executable>
         <run_address>0x2000f614</run_address>
         <size>0x6c</size>
         <alignment>0x4</alignment>
         <input_file_ref idref="fl-1"/>
      </object_component>
      <object_component id="oc-139">
         <name>.text.powerNotifyFxn</name>
         <load_address>0x2000f680</load_address>
         <readonly>true</readonly>
         <executable>true</executable>
         <run_address>0x2000f680</run_address>
         <size>0x6c</size>
         <alignment>0x4</alignment>
         <input_file_ref idref="fl-15"/>
      </object_component>
      <object_component id="oc-334">
         <name>.text.split</name>
         <load_address>0x2000f6ec</load_address>
         <readonly>true</readonly>
         <executable>true</executable>
         <run_address>0x2000f6ec</run_address>
         <size>0x6c</size>
         <alignment>0x4</alignment>
         <input_file_ref idref="fl-45"/>
      </object_component>
      <object_component id="oc-119">
         <name>.text.PRCMPeripheralReset</name>
         <load_address>0x2000f758</load_address>
         <readonly>true</readonly>
         <executable>true</executable>
         <run_address>0x2000f758</run_address>
         <size>0x6a</size>
         <alignment>0x2</alignment>
         <input_file_ref idref="fl-2e"/>
      </object_component>
      <object_component id="oc-21d">
         <name>.text.UART2CC32XX_eventCallback</name>
         <load_address>0x2000f7c2</load_address>
         <readonly>true</readonly>
         <executable>true</executable>
         <run_address>0x2000f7c2</run_address>
         <size>0x2</size>
         <alignment>0x2</alignment>
         <input_file_ref idref="fl-1d"/>
      </object_component>
      <object_component id="oc-1f5">
         <name>.text.I2CCC32XX_initHw</name>
         <load_address>0x2000f7c4</load_address>
         <readonly>true</readonly>
         <executable>true</executable>
         <run_address>0x2000f7c4</run_address>
         <size>0x68</size>
         <alignment>0x4</alignment>
         <input_file_ref idref="fl-17"/>
      </object_component>
      <object_component id="oc-26d">
         <name>.text.IntPendClear</name>
         <load_address>0x2000f82c</load_address>
         <readonly>true</readonly>
         <executable>true</executable>
         <run_address>0x2000f82c</run_address>
         <size>0x68</size>
         <alignment>0x2</alignment>
         <input_file_ref idref="fl-2c"/>
      </object_component>
      <object_component id="oc-282">
         <name>.text.I2CCC32XX_primeWriteBurst</name>
         <load_address>0x2000f894</load_address>
         <readonly>true</readonly>
         <executable>true</executable>
         <run_address>0x2000f894</run_address>
         <size>0x66</size>
         <alignment>0x2</alignment>
         <input_file_ref idref="fl-17"/>
      </object_component>
      <object_component id="oc-337">
         <name>.text.__aeabi_ldiv0</name>
         <load_address>0x2000f8fa</load_address>
         <readonly>true</readonly>
         <executable>true</executable>
         <run_address>0x2000f8fa</run_address>
         <size>0x2</size>
         <alignment>0x2</alignment>
         <input_file_ref idref="fl-e3"/>
      </object_component>
      <object_component id="oc-195">
         <name>.text.GPIO_write</name>
         <load_address>0x2000f8fc</load_address>
         <readonly>true</readonly>
         <executable>true</executable>
         <run_address>0x2000f8fc</run_address>
         <size>0x60</size>
         <alignment>0x4</alignment>
         <input_file_ref idref="fl-15"/>
      </object_component>
      <object_component id="oc-2c5">
         <name>.text.UART2Support_dmaStopTx</name>
         <load_address>0x2000f95c</load_address>
         <readonly>true</readonly>
         <executable>true</executable>
         <run_address>0x2000f95c</run_address>
         <size>0x60</size>
         <alignment>0x2</alignment>
         <input_file_ref idref="fl-1d"/>
      </object_component>
      <object_component id="oc-343">
         <name>.text.FlashDisable</name>
         <load_address>0x2000f9bc</load_address>
         <readonly>true</readonly>
         <executable>true</executable>
         <run_address>0x2000f9bc</run_address>
         <size>0x5c</size>
         <alignment>0x2</alignment>
         <input_file_ref idref="fl-35"/>
      </object_component>
      <object_component id="oc-28f">
         <name>.text.I2CSupport_primeTransfer</name>
         <load_address>0x2000fa18</load_address>
         <readonly>true</readonly>
         <executable>true</executable>
         <run_address>0x2000fa18</run_address>
         <size>0x5c</size>
         <alignment>0x2</alignment>
         <input_file_ref idref="fl-17"/>
      </object_component>
      <object_component id="oc-1b5">
         <name>.text.PRCMHibernateWakeupSourceDisable</name>
         <load_address>0x2000fa74</load_address>
         <readonly>true</readonly>
         <executable>true</executable>
         <run_address>0x2000fa74</run_address>
         <size>0x5c</size>
         <alignment>0x2</alignment>
         <input_file_ref idref="fl-2e"/>
      </object_component>
      <object_component id="oc-1da">
         <name>.text.TimerCC32XX_allocateTimerResource</name>
         <load_address>0x2000fad0</load_address>
         <readonly>true</readonly>
         <executable>true</executable>
         <run_address>0x2000fad0</run_address>
         <size>0x5c</size>
         <alignment>0x4</alignment>
         <input_file_ref idref="fl-1b"/>
      </object_component>
      <object_component id="oc-118">
         <name>.text.PRCMPeripheralClkEnable</name>
         <load_address>0x2000fb2c</load_address>
         <readonly>true</readonly>
         <executable>true</executable>
         <run_address>0x2000fb2c</run_address>
         <size>0x5a</size>
         <alignment>0x2</alignment>
         <input_file_ref idref="fl-2e"/>
      </object_component>
      <object_component id="oc-1a1">
         <name>.text._nop</name>
         <load_address>0x2000fb86</load_address>
         <readonly>true</readonly>
         <executable>true</executable>
         <run_address>0x2000fb86</run_address>
         <size>0x2</size>
         <alignment>0x2</alignment>
         <input_file_ref idref="fl-53"/>
      </object_component>
      <object_component id="oc-2cc">
         <name>.text.ClockP_startup</name>
         <load_address>0x2000fb88</load_address>
         <readonly>true</readonly>
         <executable>true</executable>
         <run_address>0x2000fb88</run_address>
         <size>0x58</size>
         <alignment>0x4</alignment>
         <input_file_ref idref="fl-23"/>
      </object_component>
      <object_component id="oc-26f">
         <name>.text.IntPrioritySet</name>
         <load_address>0x2000fbe0</load_address>
         <readonly>true</readonly>
         <executable>true</executable>
         <run_address>0x2000fbe0</run_address>
         <size>0x58</size>
         <alignment>0x2</alignment>
         <input_file_ref idref="fl-2c"/>
      </object_component>
      <object_component id="oc-2e4">
         <name>.text.PRCMLPDSEnter</name>
         <load_address>0x2000fc38</load_address>
         <readonly>true</readonly>
         <executable>true</executable>
         <run_address>0x2000fc38</run_address>
         <size>0x56</size>
         <alignment>0x2</alignment>
         <input_file_ref idref="fl-2e"/>
      </object_component>
      <object_component id="oc-57">
         <name>.text.busFaultHandler</name>
         <load_address>0x2000fc8e</load_address>
         <readonly>true</readonly>
         <executable>true</executable>
         <run_address>0x2000fc8e</run_address>
         <size>0x2</size>
         <alignment>0x2</alignment>
         <input_file_ref idref="fl-26"/>
      </object_component>
      <object_component id="oc-1d5">
         <name>.text.PowerCC32XX_setParkState</name>
         <load_address>0x2000fc90</load_address>
         <readonly>true</readonly>
         <executable>true</executable>
         <run_address>0x2000fc90</run_address>
         <size>0x54</size>
         <alignment>0x4</alignment>
         <input_file_ref idref="fl-18"/>
      </object_component>
      <object_component id="oc-2b8">
         <name>.text.Power_releaseDependency</name>
         <load_address>0x2000fce4</load_address>
         <readonly>true</readonly>
         <executable>true</executable>
         <run_address>0x2000fce4</run_address>
         <size>0x54</size>
         <alignment>0x4</alignment>
         <input_file_ref idref="fl-18"/>
      </object_component>
      <object_component id="oc-154">
         <name>.text.timerCallback</name>
         <load_address>0x2000fd38</load_address>
         <readonly>true</readonly>
         <executable>true</executable>
         <run_address>0x2000fd38</run_address>
         <size>0x54</size>
         <alignment>0x4</alignment>
         <input_file_ref idref="fl-1"/>
      </object_component>
      <object_component id="oc-1a0">
         <name>.text.GPIO_hwiIntFxn</name>
         <load_address>0x2000fd8c</load_address>
         <readonly>true</readonly>
         <executable>true</executable>
         <run_address>0x2000fd8c</run_address>
         <size>0x50</size>
         <alignment>0x4</alignment>
         <input_file_ref idref="fl-15"/>
      </object_component>
      <object_component id="oc-1b4">
         <name>.text.PRCMHibernateWakeupSourceEnable</name>
         <load_address>0x2000fddc</load_address>
         <readonly>true</readonly>
         <executable>true</executable>
         <run_address>0x2000fddc</run_address>
         <size>0x50</size>
         <alignment>0x2</alignment>
         <input_file_ref idref="fl-2e"/>
      </object_component>
      <object_component id="oc-24d">
         <name>.text.SemaphoreP_construct</name>
         <load_address>0x2000fe2c</load_address>
         <readonly>true</readonly>
         <executable>true</executable>
         <run_address>0x2000fe2c</run_address>
         <size>0x50</size>
         <alignment>0x4</alignment>
         <input_file_ref idref="fl-22"/>
      </object_component>
      <object_component id="oc-2ad">
         <name>.text.uDMAChannelAssign</name>
         <load_address>0x2000fe7c</load_address>
         <readonly>true</readonly>
         <executable>true</executable>
         <run_address>0x2000fe7c</run_address>
         <size>0x4e</size>
         <alignment>0x2</alignment>
         <input_file_ref idref="fl-33"/>
      </object_component>
      <object_component id="oc-1c9">
         <name>.text.clkFxn</name>
         <load_address>0x2000feca</load_address>
         <readonly>true</readonly>
         <executable>true</executable>
         <run_address>0x2000feca</run_address>
         <size>0x2</size>
         <alignment>0x2</alignment>
         <input_file_ref idref="fl-22"/>
      </object_component>
      <object_component id="oc-19d">
         <name>.text.GPIO_setInterruptConfig</name>
         <load_address>0x2000fecc</load_address>
         <readonly>true</readonly>
         <executable>true</executable>
         <run_address>0x2000fecc</run_address>
         <size>0x4c</size>
         <alignment>0x4</alignment>
         <input_file_ref idref="fl-15"/>
      </object_component>
      <object_component id="oc-341">
         <name>.text.PRCMLPDSRestoreInfoSet</name>
         <load_address>0x2000ff18</load_address>
         <readonly>true</readonly>
         <executable>true</executable>
         <run_address>0x2000ff18</run_address>
         <size>0x4c</size>
         <alignment>0x2</alignment>
         <input_file_ref idref="fl-2e"/>
      </object_component>
      <object_component id="oc-1df">
         <name>.text.initHw</name>
         <load_address>0x2000ff64</load_address>
         <readonly>true</readonly>
         <executable>true</executable>
         <run_address>0x2000ff64</run_address>
         <size>0x4c</size>
         <alignment>0x2</alignment>
         <input_file_ref idref="fl-1b"/>
      </object_component>
      <object_component id="oc-2c1">
         <name>.text.UART2Support_dmaStopRx</name>
         <load_address>0x2000ffb0</load_address>
         <readonly>true</readonly>
         <executable>true</executable>
         <run_address>0x2000ffb0</run_address>
         <size>0x4a</size>
         <alignment>0x2</alignment>
         <input_file_ref idref="fl-1d"/>
      </object_component>
      <object_component id="oc-1de">
         <name>.text.getPrescaler</name>
         <load_address>0x2000fffa</load_address>
         <readonly>true</readonly>
         <executable>true</executable>
         <run_address>0x2000fffa</run_address>
         <size>0x4a</size>
         <alignment>0x2</alignment>
         <input_file_ref idref="fl-1b"/>
      </object_component>
      <object_component id="oc-32b">
         <name>.text.uDMAChannelSizeGet</name>
         <load_address>0x20010044</load_address>
         <readonly>true</readonly>
         <executable>true</executable>
         <run_address>0x20010044</run_address>
         <size>0x4a</size>
         <alignment>0x2</alignment>
         <input_file_ref idref="fl-33"/>
      </object_component>
      <object_component id="oc-56">
         <name>.text.defaultHandler</name>
         <load_address>0x2001008e</load_address>
         <readonly>true</readonly>
         <executable>true</executable>
         <run_address>0x2001008e</run_address>
         <size>0x2</size>
         <alignment>0x2</alignment>
         <input_file_ref idref="fl-26"/>
      </object_component>
      <object_component id="oc-58">
         <name>.text.ClockP_sysTickHandler</name>
         <load_address>0x20010090</load_address>
         <readonly>true</readonly>
         <executable>true</executable>
         <run_address>0x20010090</run_address>
         <size>0x48</size>
         <alignment>0x4</alignment>
         <input_file_ref idref="fl-23"/>
      </object_component>
      <object_component id="oc-2de">
         <name>.text.PRCMIntEnable</name>
         <load_address>0x200100d8</load_address>
         <readonly>true</readonly>
         <executable>true</executable>
         <run_address>0x200100d8</run_address>
         <size>0x48</size>
         <alignment>0x2</alignment>
         <input_file_ref idref="fl-2e"/>
      </object_component>
      <object_component id="oc-227">
         <name>.text.PRCMPeripheralStatusGet</name>
         <load_address>0x20010120</load_address>
         <readonly>true</readonly>
         <executable>true</executable>
         <run_address>0x20010120</run_address>
         <size>0x48</size>
         <alignment>0x2</alignment>
         <input_file_ref idref="fl-2e"/>
      </object_component>
      <object_component id="oc-33e">
         <name>.text.PinConfigGet</name>
         <load_address>0x20010168</load_address>
         <readonly>true</readonly>
         <executable>true</executable>
         <run_address>0x20010168</run_address>
         <size>0x48</size>
         <alignment>0x2</alignment>
         <input_file_ref idref="fl-2d"/>
      </object_component>
      <object_component id="oc-18f">
         <name>.text.__fixdfsi</name>
         <load_address>0x200101b0</load_address>
         <readonly>true</readonly>
         <executable>true</executable>
         <run_address>0x200101b0</run_address>
         <size>0x48</size>
         <alignment>0x4</alignment>
         <input_file_ref idref="fl-db"/>
      </object_component>
      <object_component id="oc-280">
         <name>.text.I2CCC32XX_fillTransmitFifo</name>
         <load_address>0x200101f8</load_address>
         <readonly>true</readonly>
         <executable>true</executable>
         <run_address>0x200101f8</run_address>
         <size>0x46</size>
         <alignment>0x2</alignment>
         <input_file_ref idref="fl-17"/>
      </object_component>
      <object_component id="oc-2e3">
         <name>.text.PRCMLPDSEnterKeepDebugIf</name>
         <load_address>0x2001023e</load_address>
         <readonly>true</readonly>
         <executable>true</executable>
         <run_address>0x2001023e</run_address>
         <size>0x46</size>
         <alignment>0x2</alignment>
         <input_file_ref idref="fl-2e"/>
      </object_component>
      <object_component id="oc-329">
         <name>.text.RingBuf_put</name>
         <load_address>0x20010284</load_address>
         <readonly>true</readonly>
         <executable>true</executable>
         <run_address>0x20010284</run_address>
         <size>0x46</size>
         <alignment>0x2</alignment>
         <input_file_ref idref="fl-1f"/>
      </object_component>
      <object_component id="oc-19b">
         <name>.text.GPIODirModeSet</name>
         <load_address>0x200102ca</load_address>
         <readonly>true</readonly>
         <executable>true</executable>
         <run_address>0x200102ca</run_address>
         <size>0x44</size>
         <alignment>0x2</alignment>
         <input_file_ref idref="fl-29"/>
      </object_component>
      <object_component id="oc-55">
         <name>.text.faultISR</name>
         <load_address>0x2001030e</load_address>
         <readonly>true</readonly>
         <executable>true</executable>
         <run_address>0x2001030e</run_address>
         <size>0x2</size>
         <alignment>0x2</alignment>
         <input_file_ref idref="fl-26"/>
      </object_component>
      <object_component id="oc-22a">
         <name>.text.GPIO_disableInt</name>
         <load_address>0x20010310</load_address>
         <readonly>true</readonly>
         <executable>true</executable>
         <run_address>0x20010310</run_address>
         <size>0x44</size>
         <alignment>0x4</alignment>
         <input_file_ref idref="fl-15"/>
      </object_component>
      <object_component id="oc-f5">
         <name>.text.GPIO_enableInt</name>
         <load_address>0x20010354</load_address>
         <readonly>true</readonly>
         <executable>true</executable>
         <run_address>0x20010354</run_address>
         <size>0x44</size>
         <alignment>0x4</alignment>
         <input_file_ref idref="fl-15"/>
      </object_component>
      <object_component id="oc-2c4">
         <name>.text.Power_releaseConstraint</name>
         <load_address>0x20010398</load_address>
         <readonly>true</readonly>
         <executable>true</executable>
         <run_address>0x20010398</run_address>
         <size>0x44</size>
         <alignment>0x4</alignment>
         <input_file_ref idref="fl-18"/>
      </object_component>
      <object_component id="oc-14d">
         <name>.text.Timer_start</name>
         <load_address>0x200103dc</load_address>
         <readonly>true</readonly>
         <executable>true</executable>
         <run_address>0x200103dc</run_address>
         <size>0x44</size>
         <alignment>0x2</alignment>
         <input_file_ref idref="fl-1a"/>
      </object_component>
      <object_component id="oc-7d">
         <name>.text.addToList</name>
         <load_address>0x20010420</load_address>
         <readonly>true</readonly>
         <executable>true</executable>
         <run_address>0x20010420</run_address>
         <size>0x44</size>
         <alignment>0x4</alignment>
         <input_file_ref idref="fl-23"/>
      </object_component>
      <object_component id="oc-164">
         <name>.text.snprintf</name>
         <load_address>0x20010464</load_address>
         <readonly>true</readonly>
         <executable>true</executable>
         <run_address>0x20010464</run_address>
         <size>0x44</size>
         <alignment>0x4</alignment>
         <input_file_ref idref="fl-44"/>
      </object_component>
      <object_component id="oc-120">
         <name>.text.PinModeSet</name>
         <load_address>0x200104a8</load_address>
         <readonly>true</readonly>
         <executable>true</executable>
         <run_address>0x200104a8</run_address>
         <size>0x42</size>
         <alignment>0x2</alignment>
         <input_file_ref idref="fl-2d"/>
      </object_component>
      <object_component id="oc-262">
         <name>.text.TimerControlStall</name>
         <load_address>0x200104ea</load_address>
         <readonly>true</readonly>
         <executable>true</executable>
         <run_address>0x200104ea</run_address>
         <size>0x42</size>
         <alignment>0x2</alignment>
         <input_file_ref idref="fl-31"/>
      </object_component>
      <object_component id="oc-1dd">
         <name>.text.Timer_close</name>
         <load_address>0x2001052c</load_address>
         <readonly>true</readonly>
         <executable>true</executable>
         <run_address>0x2001052c</run_address>
         <size>0x42</size>
         <alignment>0x2</alignment>
         <input_file_ref idref="fl-1b"/>
      </object_component>
      <object_component id="oc-239">
         <name>.text.getCountsRTC</name>
         <load_address>0x2001056e</load_address>
         <readonly>true</readonly>
         <executable>true</executable>
         <run_address>0x2001056e</run_address>
         <size>0x42</size>
         <alignment>0x2</alignment>
         <input_file_ref idref="fl-25"/>
      </object_component>
      <object_component id="oc-134">
         <name>.text.SemaphoreP_post</name>
         <load_address>0x200105b0</load_address>
         <readonly>true</readonly>
         <executable>true</executable>
         <run_address>0x200105b0</run_address>
         <size>0x40</size>
         <alignment>0x4</alignment>
         <input_file_ref idref="fl-22"/>
      </object_component>
      <object_component id="oc-256">
         <name>.text.Timer_stop</name>
         <load_address>0x200105f0</load_address>
         <readonly>true</readonly>
         <executable>true</executable>
         <run_address>0x200105f0</run_address>
         <size>0x40</size>
         <alignment>0x2</alignment>
         <input_file_ref idref="fl-1a"/>
      </object_component>
      <object_component id="oc-305">
         <name>.text.atoi</name>
         <load_address>0x20010630</load_address>
         <readonly>true</readonly>
         <executable>true</executable>
         <run_address>0x20010630</run_address>
         <size>0x40</size>
         <alignment>0x4</alignment>
         <input_file_ref idref="fl-57"/>
      </object_component>
      <object_component id="oc-fa">
         <name>.text.sendUARTMessage</name>
         <load_address>0x20010670</load_address>
         <readonly>true</readonly>
         <executable>true</executable>
         <run_address>0x20010670</run_address>
         <size>0x40</size>
         <alignment>0x4</alignment>
         <input_file_ref idref="fl-1"/>
      </object_component>
      <object_component id="oc-32e">
         <name>.text.uDMAChannelControlSet</name>
         <load_address>0x200106b0</load_address>
         <readonly>true</readonly>
         <executable>true</executable>
         <run_address>0x200106b0</run_address>
         <size>0x40</size>
         <alignment>0x2</alignment>
         <input_file_ref idref="fl-33"/>
      </object_component>
      <object_component id="oc-340">
         <name>.text.PinDirModeSet</name>
         <load_address>0x200106f0</load_address>
         <readonly>true</readonly>
         <executable>true</executable>
         <run_address>0x200106f0</run_address>
         <size>0x3e</size>
         <alignment>0x2</alignment>
         <input_file_ref idref="fl-2d"/>
      </object_component>
      <object_component id="oc-54">
         <name>.text.nmiISR</name>
         <load_address>0x2001072e</load_address>
         <readonly>true</readonly>
         <executable>true</executable>
         <run_address>0x2001072e</run_address>
         <size>0x2</size>
         <alignment>0x2</alignment>
         <input_file_ref idref="fl-26"/>
      </object_component>
      <object_component id="oc-251">
         <name>.text.ClockP_stop</name>
         <load_address>0x20010730</load_address>
         <readonly>true</readonly>
         <executable>true</executable>
         <run_address>0x20010730</run_address>
         <size>0x3c</size>
         <alignment>0x4</alignment>
         <input_file_ref idref="fl-23"/>
      </object_component>
      <object_component id="oc-212">
         <name>.text.UDMACC32XX_init</name>
         <load_address>0x2001076c</load_address>
         <readonly>true</readonly>
         <executable>true</executable>
         <run_address>0x2001076c</run_address>
         <size>0x3c</size>
         <alignment>0x4</alignment>
         <input_file_ref idref="fl-20"/>
      </object_component>
      <object_component id="oc-1e7">
         <name>.text.TimerSupport_timerEnable</name>
         <load_address>0x200107a8</load_address>
         <readonly>true</readonly>
         <executable>true</executable>
         <run_address>0x200107a8</run_address>
         <size>0x3a</size>
         <alignment>0x2</alignment>
         <input_file_ref idref="fl-1b"/>
      </object_component>
      <object_component id="oc-1c8">
         <name>.text.ClockP_destruct</name>
         <load_address>0x200107e4</load_address>
         <readonly>true</readonly>
         <executable>true</executable>
         <run_address>0x200107e4</run_address>
         <size>0x38</size>
         <alignment>0x4</alignment>
         <input_file_ref idref="fl-23"/>
      </object_component>
      <object_component id="oc-267">
         <name>.text.Power_setConstraint</name>
         <load_address>0x2001081c</load_address>
         <readonly>true</readonly>
         <executable>true</executable>
         <run_address>0x2001081c</run_address>
         <size>0x38</size>
         <alignment>0x4</alignment>
         <input_file_ref idref="fl-18"/>
      </object_component>
      <object_component id="oc-2ee">
         <name>.text.RingBuf_putAdvance</name>
         <load_address>0x20010854</load_address>
         <readonly>true</readonly>
         <executable>true</executable>
         <run_address>0x20010854</run_address>
         <size>0x38</size>
         <alignment>0x2</alignment>
         <input_file_ref idref="fl-1f"/>
      </object_component>
      <object_component id="oc-24a">
         <name>.text.SwiP_restore</name>
         <load_address>0x2001088c</load_address>
         <readonly>true</readonly>
         <executable>true</executable>
         <run_address>0x2001088c</run_address>
         <size>0x38</size>
         <alignment>0x4</alignment>
         <input_file_ref idref="fl-27"/>
      </object_component>
      <object_component id="oc-2b7">
         <name>.text.UDMACC32XX_close</name>
         <load_address>0x200108c4</load_address>
         <readonly>true</readonly>
         <executable>true</executable>
         <run_address>0x200108c4</run_address>
         <size>0x38</size>
         <alignment>0x4</alignment>
         <input_file_ref idref="fl-20"/>
      </object_component>
      <object_component id="oc-bf">
         <name>.text:__TI_auto_init_nobinit_nopinit</name>
         <load_address>0x200108fc</load_address>
         <readonly>true</readonly>
         <executable>true</executable>
         <run_address>0x200108fc</run_address>
         <size>0x38</size>
         <alignment>0x4</alignment>
         <input_file_ref idref="fl-48"/>
      </object_component>
      <object_component id="oc-2d9">
         <name>.text.PinLock</name>
         <load_address>0x20010934</load_address>
         <readonly>true</readonly>
         <executable>true</executable>
         <run_address>0x20010934</run_address>
         <size>0x36</size>
         <alignment>0x2</alignment>
         <input_file_ref idref="fl-2d"/>
      </object_component>
      <object_component id="oc-1e4">
         <name>.text.TimerCC32XX_hwiIntFunction</name>
         <load_address>0x2001096a</load_address>
         <readonly>true</readonly>
         <executable>true</executable>
         <run_address>0x2001096a</run_address>
         <size>0x36</size>
         <alignment>0x2</alignment>
         <input_file_ref idref="fl-1b"/>
      </object_component>
      <object_component id="oc-34b">
         <name>.text.UARTCharPutNonBlocking</name>
         <load_address>0x200109a0</load_address>
         <readonly>true</readonly>
         <executable>true</executable>
         <run_address>0x200109a0</run_address>
         <size>0x36</size>
         <alignment>0x2</alignment>
         <input_file_ref idref="fl-32"/>
      </object_component>
      <object_component id="oc-1c5">
         <name>.text.ClockP_start</name>
         <load_address>0x200109d8</load_address>
         <readonly>true</readonly>
         <executable>true</executable>
         <run_address>0x200109d8</run_address>
         <size>0x34</size>
         <alignment>0x4</alignment>
         <input_file_ref idref="fl-23"/>
      </object_component>
      <object_component id="oc-2f7">
         <name>.text.I2CFIFODataPutNonBlocking</name>
         <load_address>0x20010a0c</load_address>
         <readonly>true</readonly>
         <executable>true</executable>
         <run_address>0x20010a0c</run_address>
         <size>0x34</size>
         <alignment>0x2</alignment>
         <input_file_ref idref="fl-2b"/>
      </object_component>
      <object_component id="oc-33f">
         <name>.text.PinDirModeGet</name>
         <load_address>0x20010a40</load_address>
         <readonly>true</readonly>
         <executable>true</executable>
         <run_address>0x20010a40</run_address>
         <size>0x34</size>
         <alignment>0x2</alignment>
         <input_file_ref idref="fl-2d"/>
      </object_component>
      <object_component id="oc-11b">
         <name>.text.PinModeGet</name>
         <load_address>0x20010a74</load_address>
         <readonly>true</readonly>
         <executable>true</executable>
         <run_address>0x20010a74</run_address>
         <size>0x34</size>
         <alignment>0x2</alignment>
         <input_file_ref idref="fl-2d"/>
      </object_component>
      <object_component id="oc-2d7">
         <name>.text.PowerCC32XX_parkPin</name>
         <load_address>0x20010aa8</load_address>
         <readonly>true</readonly>
         <executable>true</executable>
         <run_address>0x20010aa8</run_address>
         <size>0x34</size>
         <alignment>0x2</alignment>
         <input_file_ref idref="fl-18"/>
      </object_component>
      <object_component id="oc-25a">
         <name>.text.TimerCC32XX_freeTimerResource</name>
         <load_address>0x20010adc</load_address>
         <readonly>true</readonly>
         <executable>true</executable>
         <run_address>0x20010adc</run_address>
         <size>0x34</size>
         <alignment>0x4</alignment>
         <input_file_ref idref="fl-1b"/>
      </object_component>
      <object_component id="oc-2b4">
         <name>.text.UART2_rxDisable</name>
[...]
         <object_component_ref idref="oc-2ba"/>
      </symbol>
      <symbol id="sm-53d">
         <name>PinTypeI2C</name>
         <value>0x20011261</value>
         <object_component_ref idref="oc-1f3"/>
      </symbol>
      <symbol id="sm-53e">
         <name>PinTypeUART</name>
         <value>0x20011321</value>
         <object_component_ref idref="oc-296"/>
      </symbol>
      <symbol id="sm-53f">
         <name>PinUnlock</name>
         <value>0x200111db</value>
         <object_component_ref idref="oc-2df"/>
      </symbol>
      <symbol id="sm-5f1">
         <name>PRCMCC3200MCUInit</name>
         <value>0x2000c8ad</value>
         <object_component_ref idref="oc-d2"/>
      </symbol>
      <symbol id="sm-5f2">
         <name>PRCMHIBRegRead</name>
         <value>0x200114b7</value>
         <object_component_ref idref="oc-117"/>
      </symbol>
      <symbol id="sm-5f3">
         <name>PRCMHIBRegWrite</name>
         <value>0x200114d1</value>
         <object_component_ref idref="oc-116"/>
      </symbol>
      <symbol id="sm-5f4">
         <name>PRCMHibernateWakeUpGPIOSelect</name>
         <value>0x2000f379</value>
         <object_component_ref idref="oc-1b3"/>
      </symbol>
      <symbol id="sm-5f5">
         <name>PRCMHibernateWakeupSourceDisable</name>
         <value>0x2000fa75</value>
         <object_component_ref idref="oc-1b5"/>
      </symbol>
      <symbol id="sm-5f6">
         <name>PRCMHibernateWakeupSourceEnable</name>
         <value>0x2000fddd</value>
         <object_component_ref idref="oc-1b4"/>
      </symbol>
      <symbol id="sm-5f7">
         <name>PRCMIntEnable</name>
         <value>0x200100d9</value>
         <object_component_ref idref="oc-2de"/>
      </symbol>
      <symbol id="sm-5f8">
         <name>PRCMLPDSEnter</name>
         <value>0x2000fc39</value>
         <object_component_ref idref="oc-2e4"/>
      </symbol>
      <symbol id="sm-5f9">
         <name>PRCMLPDSEnterKeepDebugIf</name>
         <value>0x2001023f</value>
         <object_component_ref idref="oc-2e3"/>
      </symbol>
      <symbol id="sm-5fa">
         <name>PRCMLPDSIntervalSet</name>
         <value>0x20010bd9</value>
         <object_component_ref idref="oc-243"/>
      </symbol>
      <symbol id="sm-5fb">
         <name>PRCMLPDSRestoreInfoSet</name>
         <value>0x2000ff19</value>
         <object_component_ref idref="oc-341"/>
      </symbol>
      <symbol id="sm-5fc">
         <name>PRCMLPDSWakeUpGPIOSelect</name>
         <value>0x20010e8f</value>
         <object_component_ref idref="oc-1b2"/>
      </symbol>
      <symbol id="sm-5fd">
         <name>PRCMLPDSWakeupCauseGet</name>
         <value>0x20011a7d</value>
         <object_component_ref idref="oc-2e1"/>
      </symbol>
      <symbol id="sm-5fe">
         <name>PRCMLPDSWakeupSourceDisable</name>
         <value>0x200114eb</value>
         <object_component_ref idref="oc-1b1"/>
      </symbol>
      <symbol id="sm-5ff">
         <name>PRCMLPDSWakeupSourceEnable</name>
         <value>0x200110e1</value>
         <object_component_ref idref="oc-1b0"/>
      </symbol>
      <symbol id="sm-600">
         <name>PRCMPeripheralClkDisable</name>
         <value>0x20010eb9</value>
         <object_component_ref idref="oc-11a"/>
      </symbol>
      <symbol id="sm-601">
         <name>PRCMPeripheralClkEnable</name>
         <value>0x2000fb2d</value>
         <object_component_ref idref="oc-118"/>
      </symbol>
      <symbol id="sm-602">
         <name>PRCMPeripheralReset</name>
         <value>0x2000f759</value>
         <object_component_ref idref="oc-119"/>
      </symbol>
      <symbol id="sm-603">
         <name>PRCMPeripheralStatusGet</name>
         <value>0x20010121</value>
         <object_component_ref idref="oc-227"/>
      </symbol>
      <symbol id="sm-604">
         <name>PRCMSRAMRetentionEnable</name>
         <value>0x20010fd5</value>
         <object_component_ref idref="oc-2d6"/>
      </symbol>
      <symbol id="sm-605">
         <name>PRCMSleepEnter</name>
         <value>0x20011b65</value>
         <object_component_ref idref="oc-249"/>
      </symbol>
      <symbol id="sm-606">
         <name>PRCMSlowClkCtrFastGet</name>
         <value>0x20010c09</value>
         <object_component_ref idref="oc-2cd"/>
      </symbol>
      <symbol id="sm-607">
         <name>PRCMSysResetCauseGet</name>
         <value>0x2000f0f9</value>
         <object_component_ref idref="oc-111"/>
      </symbol>
      <symbol id="sm-625">
         <name>SysTickEnable</name>
         <value>0x2001183f</value>
         <object_component_ref idref="oc-247"/>
      </symbol>
      <symbol id="sm-626">
         <name>SysTickIntDisable</name>
         <value>0x20011851</value>
         <object_component_ref idref="oc-23e"/>
      </symbol>
      <symbol id="sm-627">
         <name>SysTickIntEnable</name>
         <value>0x20011863</value>
         <object_component_ref idref="oc-248"/>
      </symbol>
      <symbol id="sm-628">
         <name>SysTickPeriodSet</name>
         <value>0x20011623</value>
         <object_component_ref idref="oc-246"/>
      </symbol>
      <symbol id="sm-667">
         <name>TimerControlStall</name>
         <value>0x200104eb</value>
         <object_component_ref idref="oc-262"/>
      </symbol>
      <symbol id="sm-668">
         <name>TimerDisable</name>
         <value>0x20011301</value>
         <object_component_ref idref="oc-25b"/>
      </symbol>
      <symbol id="sm-669">
         <name>TimerEnable</name>
         <value>0x2001151f</value>
         <object_component_ref idref="oc-268"/>
      </symbol>
      <symbol id="sm-66a">
         <name>TimerIntClear</name>
         <value>0x20011929</value>
         <object_component_ref idref="oc-265"/>
      </symbol>
      <symbol id="sm-66b">
         <name>TimerIntDisable</name>
         <value>0x20011639</value>
         <object_component_ref idref="oc-349"/>
      </symbol>
      <symbol id="sm-66c">
         <name>TimerIntEnable</name>
         <value>0x20011749</value>
         <object_component_ref idref="oc-266"/>
      </symbol>
      <symbol id="sm-66d">
         <name>TimerLoadSet</name>
         <value>0x20010c39</value>
         <object_component_ref idref="oc-261"/>
      </symbol>
      <symbol id="sm-66e">
         <name>TimerPrescaleSet</name>
         <value>0x20010c69</value>
         <object_component_ref idref="oc-260"/>
      </symbol>
      <symbol id="sm-6d8">
         <name>UARTBusy</name>
         <value>0x20011959</value>
         <object_component_ref idref="oc-34c"/>
      </symbol>
      <symbol id="sm-6d9">
         <name>UARTCharPutNonBlocking</name>
         <value>0x200109a1</value>
         <object_component_ref idref="oc-34b"/>
      </symbol>
      <symbol id="sm-6da">
         <name>UARTCharsAvail</name>
         <value>0x2001164f</value>
         <object_component_ref idref="oc-2c2"/>
      </symbol>
      <symbol id="sm-6db">
         <name>UARTConfigSetExpClk</name>
         <value>0x2000f3ed</value>
         <object_component_ref idref="oc-2a3"/>
      </symbol>
      <symbol id="sm-6dc">
         <name>UARTDMADisable</name>
         <value>0x20011665</value>
         <object_component_ref idref="oc-2b3"/>
      </symbol>
      <symbol id="sm-6dd">
         <name>UARTDMAEnable</name>
         <value>0x2001175d</value>
         <object_component_ref idref="oc-331"/>
      </symbol>
      <symbol id="sm-6de">
         <name>UARTDisable</name>
         <value>0x20010d83</value>
         <object_component_ref idref="oc-2b5"/>
      </symbol>
      <symbol id="sm-6df">
         <name>UARTEnable</name>
         <value>0x2001135d</value>
         <object_component_ref idref="oc-2a9"/>
      </symbol>
      <symbol id="sm-6e0">
         <name>UARTFIFOLevelSet</name>
         <value>0x2001167b</value>
         <object_component_ref idref="oc-2ab"/>
      </symbol>
      <symbol id="sm-6e1">
         <name>UARTFlowControlSet</name>
         <value>0x20011539</value>
         <object_component_ref idref="oc-2ac"/>
      </symbol>
      <symbol id="sm-6e2">
         <name>UARTIntClear</name>
         <value>0x20011969</value>
         <object_component_ref idref="oc-2a8"/>
      </symbol>
      <symbol id="sm-6e3">
         <name>UARTIntDisable</name>
         <value>0x20011691</value>
         <object_component_ref idref="oc-2b2"/>
      </symbol>
      <symbol id="sm-6e4">
         <name>UARTIntEnable</name>
         <value>0x20011771</value>
         <object_component_ref idref="oc-2aa"/>
      </symbol>
      <symbol id="sm-6e5">
         <name>UARTIntStatus</name>
         <value>0x20010ee3</value>
         <object_component_ref idref="oc-2bd"/>
      </symbol>
      <symbol id="sm-6e6">
         <name>UARTRxErrorGet</name>
         <value>0x20011979</value>
         <object_component_ref idref="oc-2bf"/>
      </symbol>
      <symbol id="sm-73f">
         <name>uDMAChannelAssign</name>
         <value>0x2000fe7d</value>
         <object_component_ref idref="oc-2ad"/>
      </symbol>
      <symbol id="sm-740">
         <name>uDMAChannelAttributeDisable</name>
         <value>0x2000efd7</value>
         <object_component_ref idref="oc-2ae"/>
      </symbol>
      <symbol id="sm-741">
         <name>uDMAChannelControlSet</name>
         <value>0x200106b1</value>
         <object_component_ref idref="oc-32e"/>
      </symbol>
      <symbol id="sm-742">
         <name>uDMAChannelDisable</name>
         <value>0x20011399</value>
         <object_component_ref idref="oc-32a"/>
      </symbol>
      <symbol id="sm-743">
         <name>uDMAChannelEnable</name>
         <value>0x200113b7</value>
         <object_component_ref idref="oc-330"/>
      </symbol>
      <symbol id="sm-744">
         <name>uDMAChannelIsEnabled</name>
         <value>0x200113d5</value>
         <object_component_ref idref="oc-2c0"/>
      </symbol>
      <symbol id="sm-745">
         <name>uDMAChannelSizeGet</name>
         <value>0x20010045</value>
         <object_component_ref idref="oc-32b"/>
      </symbol>
      <symbol id="sm-746">
         <name>uDMAChannelTransferSet</name>
         <value>0x2000e097</value>
         <object_component_ref idref="oc-32f"/>
      </symbol>
      <symbol id="sm-747">
         <name>uDMAControlBaseSet</name>
         <value>0x20011799</value>
         <object_component_ref idref="oc-2a0"/>
      </symbol>
      <symbol id="sm-748">
         <name>uDMAEnable</name>
         <value>0x200119f1</value>
         <object_component_ref idref="oc-29b"/>
      </symbol>
      <symbol id="sm-749">
         <name>uDMAErrorStatusClear</name>
         <value>0x200119ff</value>
         <object_component_ref idref="oc-396"/>
      </symbol>
      <symbol id="sm-74a">
         <name>uDMAErrorStatusGet</name>
         <value>0x20011ae9</value>
         <object_component_ref idref="oc-395"/>
      </symbol>
      <symbol id="sm-74b">
         <name>uDMAIntClear</name>
         <value>0x200117ad</value>
         <object_component_ref idref="oc-32c"/>
      </symbol>
      <symbol id="sm-756">
         <name>UtilsDelay</name>
         <value>0x20011b6d</value>
         <object_component_ref idref="oc-112"/>
      </symbol>
      <symbol id="sm-783">
         <name>FlashDisable</name>
         <value>0x2000f9bd</value>
         <object_component_ref idref="oc-343"/>
      </symbol>
      <symbol id="sm-794">
         <name>snprintf</name>
         <value>0x20010465</value>
         <object_component_ref idref="oc-164"/>
      </symbol>
      <symbol id="sm-7b4">
         <name>malloc</name>
         <value>0x20011b85</value>
         <object_component_ref idref="oc-228"/>
      </symbol>
      <symbol id="sm-7b5">
         <name>aligned_alloc</name>
         <value>0x2000de5d</value>
         <object_component_ref idref="oc-2c7"/>
      </symbol>
      <symbol id="sm-7b6">
         <name>free</name>
         <value>0x2000e2a5</value>
         <object_component_ref idref="oc-1c2"/>
      </symbol>
      <symbol id="sm-7b7">
         <name>_sys_memory</name>
         <value>0x20004040</value>
         <object_component_ref idref="oc-31"/>
      </symbol>
      <symbol id="sm-7b8">
         <name>memalign</name>
         <value>0x2000de5d</value>
         <object_component_ref idref="oc-2c7"/>
      </symbol>
      <symbol id="sm-7c3">
         <name>_c_int00_noargs</name>
         <value>0x20011195</value>
         <object_component_ref idref="oc-76"/>
      </symbol>
      <symbol id="sm-7c4">
         <name>__stack</name>
         <value>0x20003000</value>
         <object_component_ref idref="oc-16"/>
      </symbol>
      <symbol id="sm-7d0">
         <name>__TI_auto_init_nobinit_nopinit</name>
         <value>0x200108fd</value>
         <object_component_ref idref="oc-bf"/>
      </symbol>
      <symbol id="sm-7d8">
         <name>_system_pre_init</name>
         <value>0x20011bcd</value>
         <object_component_ref idref="oc-8b"/>
      </symbol>
      <symbol id="sm-7e3">
         <name>__TI_zero_init</name>
         <value>0x200119a9</value>
         <object_component_ref idref="oc-49"/>
      </symbol>
      <symbol id="sm-7ec">
         <name>__TI_decompress_none</name>
         <value>0x20011a1b</value>
         <object_component_ref idref="oc-1c"/>
      </symbol>
      <symbol id="sm-7f6">
         <name>__TI_decompress_lzss</name>
         <value>0x2000f461</value>
         <object_component_ref idref="oc-18"/>
      </symbol>
      <symbol id="sm-816">
         <name>__TI_printfi_nofloat</name>
         <value>0x2000c041</value>
         <object_component_ref idref="oc-28b"/>
      </symbol>
      <symbol id="sm-823">
         <name>__aeabi_errno_addr</name>
         <value>0x20011b75</value>
         <object_component_ref idref="oc-30d"/>
      </symbol>
      <symbol id="sm-824">
         <name>__aeabi_errno</name>
         <value>0x200133d4</value>
         <object_component_ref idref="oc-357"/>
      </symbol>
      <symbol id="sm-82e">
         <name>abort</name>
         <value>0x20011bd1</value>
         <object_component_ref idref="oc-b8"/>
      </symbol>
      <symbol id="sm-82f">
         <name>C$$EXIT</name>
         <value>0x20011bd0</value>
         <object_component_ref idref="oc-b8"/>
      </symbol>
      <symbol id="sm-838">
         <name>_nop</name>
         <value>0x2000fb87</value>
         <object_component_ref idref="oc-1a1"/>
      </symbol>
      <symbol id="sm-839">
         <name>_lock</name>
         <value>0x200133d8</value>
         <object_component_ref idref="oc-107"/>
      </symbol>
      <symbol id="sm-83a">
         <name>_unlock</name>
         <value>0x200133dc</value>
         <object_component_ref idref="oc-10a"/>
      </symbol>
      <symbol id="sm-847">
         <name>atoi</name>
         <value>0x20010631</value>
         <object_component_ref idref="oc-305"/>
      </symbol>
      <symbol id="sm-851">
         <name>memccpy</name>
         <value>0x2001137b</value>
         <object_component_ref idref="oc-2fe"/>
      </symbol>
      <symbol id="sm-85a">
         <name>wcslen</name>
         <value>0x20011999</value>
         <object_component_ref idref="oc-309"/>
      </symbol>
      <symbol id="sm-860">
         <name>__aeabi_ctype_table_</name>
         <value>0x20012620</value>
         <object_component_ref idref="oc-350"/>
      </symbol>
      <symbol id="sm-861">
         <name>__aeabi_ctype_table_C</name>
         <value>0x20012620</value>
         <object_component_ref idref="oc-350"/>
      </symbol>
      <symbol id="sm-879">
         <name>__aeabi_dmul</name>
         <value>0x2000e1a9</value>
         <object_component_ref idref="oc-18b"/>
      </symbol>
      <symbol id="sm-87a">
         <name>__muldf3</name>
         <value>0x2000e1a9</value>
         <object_component_ref idref="oc-18b"/>
      </symbol>
      <symbol id="sm-880">
         <name>__aeabi_d2iz</name>
         <value>0x200101b1</value>
         <object_component_ref idref="oc-18f"/>
      </symbol>
      <symbol id="sm-881">
         <name>__fixdfsi</name>
         <value>0x200101b1</value>
         <object_component_ref idref="oc-18f"/>
      </symbol>
      <symbol id="sm-887">
         <name>__aeabi_i2d</name>
         <value>0x20010db1</value>
         <object_component_ref idref="oc-187"/>
      </symbol>
      <symbol id="sm-888">
         <name>__floatsidf</name>
         <value>0x20010db1</value>
         <object_component_ref idref="oc-187"/>
      </symbol>
      <symbol id="sm-88e">
         <name>__aeabi_memcpy</name>
         <value>0x20011bc9</value>
         <object_component_ref idref="oc-3c"/>
      </symbol>
      <symbol id="sm-88f">
         <name>__aeabi_memcpy4</name>
         <value>0x20011bc9</value>
         <object_component_ref idref="oc-3c"/>
      </symbol>
      <symbol id="sm-890">
         <name>__aeabi_memcpy8</name>
         <value>0x20011bc9</value>
         <object_component_ref idref="oc-3c"/>
      </symbol>
      <symbol id="sm-899">
         <name>__aeabi_memset</name>
         <value>0x20011b31</value>
         <object_component_ref idref="oc-2fd"/>
      </symbol>
      <symbol id="sm-89a">
         <name>__aeabi_memset4</name>
         <value>0x20011b31</value>
         <object_component_ref idref="oc-2fd"/>
      </symbol>
      <symbol id="sm-89b">
         <name>__aeabi_memset8</name>
         <value>0x20011b31</value>
         <object_component_ref idref="oc-2fd"/>
      </symbol>
      <symbol id="sm-89c">
         <name>__aeabi_memclr</name>
         <value>0x20011b7d</value>
         <object_component_ref idref="oc-67"/>
      </symbol>
      <symbol id="sm-89d">
         <name>__aeabi_memclr4</name>
         <value>0x20011b7d</value>
         <object_component_ref idref="oc-67"/>
      </symbol>
      <symbol id="sm-89e">
         <name>__aeabi_memclr8</name>
         <value>0x20011b7d</value>
         <object_component_ref idref="oc-67"/>
      </symbol>
      <symbol id="sm-8a4">
         <name>__aeabi_uldivmod</name>
         <value>0x20011785</value>
         <object_component_ref idref="oc-23a"/>
      </symbol>
      <symbol id="sm-8aa">
         <name>__udivmoddi4</name>
         <value>0x2000ea29</value>
         <object_component_ref idref="oc-2ce"/>
      </symbol>
      <symbol id="sm-8b5">
         <name>__aeabi_ldiv0</name>
         <value>0x2000f8fb</value>
         <object_component_ref idref="oc-337"/>
      </symbol>
      <symbol id="sm-8be">
         <name>TI_memcpy_small</name>
         <value>0x20011887</value>
         <object_component_ref idref="oc-81"/>
      </symbol>
      <symbol id="sm-8c6">
         <name>TI_memset_small</name>
         <value>0x20011a0d</value>
         <object_component_ref idref="oc-9e"/>
      </symbol>
      <symbol id="sm-8c7">
         <name>__TI_static_base__</name>
         <value>0x200133e8</value>
      </symbol>
      <symbol id="sm-8ca">
         <name>ITM_flush</name>
         <value>0x0</value>
      </symbol>
      <symbol id="sm-8cb">
         <name>ITM_restore</name>
         <value>0x0</value>
      </symbol>
      <symbol id="sm-8cc">
         <name>__mpu_init</name>
         <value>0x0</value>
      </symbol>
      <symbol id="sm-8cd">
         <name>_system_post_cinit</name>
         <value>0x0</value>
      </symbol>
   </symbol_table>
   <title>Link successful</title>
</link_info>
