<?xml version="1.0" encoding="ISO-8859-1" ?>
<link_info>
   <banner>TI ARM Clang Linker PC v3.2.2.LTS</banner>
   <copyright>Copyright (c) 1996-2018 Texas Instruments Incorporated</copyright>
   <link_time>0x67018f51</link_time>
   <link_errors>0x0</link_errors>
   <output_file>C:\Users\jkarl\workspace_v12\gpiointerrupt_CC3220S_LAUNCHXL_nortos_ticlang\MCU+Image\gpiointerrupt_CC3220S_LAUNCHXL_nortos_ticlang.out</output_file>
   <entry_point>
      <name>resetISR</name>
      <address>0x2000ed59</address>
   </entry_point>
   <input_file_list>
      <input_file id="fl-1">
         <path>C:\Users\jkarl\workspace_v12\gpiointerrupt_CC3220S_LAUNCHXL_nortos_ticlang\MCU+Image\.\</path>
         <kind>object</kind>
         <file>gpiointerrupt.o</file>
         <name>gpiointerrupt.o</name>
      </input_file>
      <input_file id="fl-2">
         <path>C:\Users\jkarl\workspace_v12\gpiointerrupt_CC3220S_LAUNCHXL_nortos_ticlang\MCU+Image\.\syscfg\</path>
         <kind>object</kind>
         <file>ti_drivers_config.o</file>
         <name>ti_drivers_config.o</name>
      </input_file>
      <input_file id="fl-3">
         <path>C:\Users\jkarl\workspace_v12\gpiointerrupt_CC3220S_LAUNCHXL_nortos_ticlang\MCU+Image\.\</path>
         <kind>object</kind>
         <file>main_nortos.o</file>
         <name>main_nortos.o</name>
      </input_file>
      <input_file id="fl-13">
         <path>C:\Users\jkarl\workspace_v12\gpiointerrupt_CC3220S_LAUNCHXL_nortos_ticlang\MCU+Image\</path>
         <kind>object</kind>
         <file>&lt;internal&gt;</file>
         <name>&lt;internal&gt;</name>
      </input_file>
      <input_file id="fl-14">
         <path>C:\ti\simplelink_cc32xx_sdk_7_10_00_13\source\ti\drivers\lib\ticlang\m4\</path>
         <kind>archive</kind>
         <file>drivers_cc32xx.a</file>
         <name>GPIO.c.obj</name>
      </input_file>
      <input_file id="fl-15">
         <path>C:\ti\simplelink_cc32xx_sdk_7_10_00_13\source\ti\drivers\lib\ticlang\m4\</path>
         <kind>archive</kind>
         <file>drivers_cc32xx.a</file>
         <name>GPIOCC32XX.c.obj</name>
      </input_file>
      <input_file id="fl-16">
         <path>C:\ti\simplelink_cc32xx_sdk_7_10_00_13\source\ti\drivers\lib\ticlang\m4\</path>
         <kind>archive</kind>
         <file>drivers_cc32xx.a</file>
         <name>PowerCC32XX.c.obj</name>
      </input_file>
      <input_file id="fl-17">
         <path>C:\ti\simplelink_cc32xx_sdk_7_10_00_13\source\ti\drivers\lib\ticlang\m4\</path>
         <kind>archive</kind>
         <file>drivers_cc32xx.a</file>
         <name>PowerCC32XX_ticlang.asm.obj</name>
      </input_file>
      <input_file id="fl-18">
         <path>C:\ti\simplelink_cc32xx_sdk_7_10_00_13\source\ti\drivers\lib\ticlang\m4\</path>
         <kind>archive</kind>
         <file>drivers_cc32xx.a</file>
         <name>Timer.c.obj</name>
      </input_file>
      <input_file id="fl-19">
         <path>C:\ti\simplelink_cc32xx_sdk_7_10_00_13\source\ti\drivers\lib\ticlang\m4\</path>
         <kind>archive</kind>
         <file>drivers_cc32xx.a</file>
         <name>TimerCC32XX.c.obj</name>
      </input_file>
      <input_file id="fl-1a">
         <path>C:\ti\simplelink_cc32xx_sdk_7_10_00_13\source\ti\drivers\lib\ticlang\m4\</path>
         <kind>archive</kind>
         <file>drivers_cc32xx.a</file>
         <name>List.c.obj</name>
      </input_file>
      <input_file id="fl-1b">
         <path>C:\ti\simplelink_cc32xx_sdk_7_10_00_13\kernel\nortos\lib\ticlang\m4\</path>
         <kind>archive</kind>
         <file>nortos_cc32xx.a</file>
         <name>NoRTOS.c.obj</name>
      </input_file>
      <input_file id="fl-1c">
         <path>C:\ti\simplelink_cc32xx_sdk_7_10_00_13\kernel\nortos\lib\ticlang\m4\</path>
         <kind>archive</kind>
         <file>nortos_cc32xx.a</file>
         <name>SemaphoreP_nortos.c.obj</name>
      </input_file>
      <input_file id="fl-1d">
         <path>C:\ti\simplelink_cc32xx_sdk_7_10_00_13\kernel\nortos\lib\ticlang\m4\</path>
         <kind>archive</kind>
         <file>nortos_cc32xx.a</file>
         <name>ClockPSysTick_nortos.c.obj</name>
      </input_file>
      <input_file id="fl-1e">
         <path>C:\ti\simplelink_cc32xx_sdk_7_10_00_13\kernel\nortos\lib\ticlang\m4\</path>
         <kind>archive</kind>
         <file>nortos_cc32xx.a</file>
         <name>HwiPCC32XX_nortos.c.obj</name>
      </input_file>
      <input_file id="fl-1f">
         <path>C:\ti\simplelink_cc32xx_sdk_7_10_00_13\kernel\nortos\lib\ticlang\m4\</path>
         <kind>archive</kind>
         <file>nortos_cc32xx.a</file>
         <name>PowerCC32XX_nortos.c.obj</name>
      </input_file>
      <input_file id="fl-20">
         <path>C:\ti\simplelink_cc32xx_sdk_7_10_00_13\kernel\nortos\lib\ticlang\m4\</path>
         <kind>archive</kind>
         <file>nortos_cc32xx.a</file>
         <name>startup_cc32xx_ticlang.c.obj</name>
      </input_file>
      <input_file id="fl-21">
         <path>C:\ti\simplelink_cc32xx_sdk_7_10_00_13\kernel\nortos\lib\ticlang\m4\</path>
         <kind>archive</kind>
         <file>nortos_cc32xx.a</file>
         <name>SwiP_nortos.c.obj</name>
      </input_file>
      <input_file id="fl-22">
         <path>C:\ti\simplelink_cc32xx_sdk_7_10_00_13\source\ti\devices\cc32xx\driverlib\ticlang\Release\</path>
         <kind>archive</kind>
         <file>driverlib.a</file>
         <name>cpu.obj</name>
      </input_file>
      <input_file id="fl-23">
         <path>C:\ti\simplelink_cc32xx_sdk_7_10_00_13\source\ti\devices\cc32xx\driverlib\ticlang\Release\</path>
         <kind>archive</kind>
         <file>driverlib.a</file>
         <name>gpio.obj</name>
      </input_file>
      <input_file id="fl-24">
         <path>C:\ti\simplelink_cc32xx_sdk_7_10_00_13\source\ti\devices\cc32xx\driverlib\ticlang\Release\</path>
         <kind>archive</kind>
         <file>driverlib.a</file>
         <name>hwspinlock.obj</name>
      </input_file>
      <input_file id="fl-25">
         <path>C:\ti\simplelink_cc32xx_sdk_7_10_00_13\source\ti\devices\cc32xx\driverlib\ticlang\Release\</path>
         <kind>archive</kind>
         <file>driverlib.a</file>
         <name>interrupt.obj</name>
      </input_file>
      <input_file id="fl-26">
         <path>C:\ti\simplelink_cc32xx_sdk_7_10_00_13\source\ti\devices\cc32xx\driverlib\ticlang\Release\</path>
         <kind>archive</kind>
         <file>driverlib.a</file>
         <name>pin.obj</name>
      </input_file>
      <input_file id="fl-27">
         <path>C:\ti\simplelink_cc32xx_sdk_7_10_00_13\source\ti\devices\cc32xx\driverlib\ticlang\Release\</path>
         <kind>archive</kind>
         <file>driverlib.a</file>
         <name>prcm.obj</name>
      </input_file>
      <input_file id="fl-28">
         <path>C:\ti\simplelink_cc32xx_sdk_7_10_00_13\source\ti\devices\cc32xx\driverlib\ticlang\Release\</path>
         <kind>archive</kind>
         <file>driverlib.a</file>
         <name>spi.obj</name>
      </input_file>
      <input_file id="fl-29">
         <path>C:\ti\simplelink_cc32xx_sdk_7_10_00_13\source\ti\devices\cc32xx\driverlib\ticlang\Release\</path>
         <kind>archive</kind>
         <file>driverlib.a</file>
         <name>systick.obj</name>
      </input_file>
      <input_file id="fl-2a">
         <path>C:\ti\simplelink_cc32xx_sdk_7_10_00_13\source\ti\devices\cc32xx\driverlib\ticlang\Release\</path>
         <kind>archive</kind>
         <file>driverlib.a</file>
         <name>timer.obj</name>
      </input_file>
      <input_file id="fl-2b">
         <path>C:\ti\simplelink_cc32xx_sdk_7_10_00_13\source\ti\devices\cc32xx\driverlib\ticlang\Release\</path>
         <kind>archive</kind>
         <file>driverlib.a</file>
         <name>utils.obj</name>
      </input_file>
      <input_file id="fl-2c">
         <path>C:\ti\simplelink_cc32xx_sdk_7_10_00_13\source\ti\devices\cc32xx\driverlib\ticlang\Release\</path>
         <kind>archive</kind>
         <file>driverlib.a</file>
         <name>flash.obj</name>
      </input_file>
      <input_file id="fl-3b">
         <path>C:\ti\ccs1280\ccs\tools\compiler\ti-cgt-armllvm_3.2.2.LTS\lib\armv7em-ti-none-eabi\c\</path>
         <kind>archive</kind>
         <file>libc.a</file>
         <name>memory.c.obj</name>
      </input_file>
      <input_file id="fl-3c">
         <path>C:\ti\ccs1280\ccs\tools\compiler\ti-cgt-armllvm_3.2.2.LTS\lib\armv7em-ti-none-eabi\c\</path>
         <kind>archive</kind>
         <file>libc.a</file>
         <name>boot_cortex_m.c.obj</name>
      </input_file>
      <input_file id="fl-3d">
         <path>C:\ti\ccs1280\ccs\tools\compiler\ti-cgt-armllvm_3.2.2.LTS\lib\armv7em-ti-none-eabi\c\</path>
         <kind>archive</kind>
         <file>libc.a</file>
         <name>mathacl_init.c.obj</name>
      </input_file>
      <input_file id="fl-3e">
         <path>C:\ti\ccs1280\ccs\tools\compiler\ti-cgt-armllvm_3.2.2.LTS\lib\armv7em-ti-none-eabi\c\</path>
         <kind>archive</kind>
         <file>libc.a</file>
         <name>autoinit.c.obj</name>
      </input_file>
      <input_file id="fl-3f">
         <path>C:\ti\ccs1280\ccs\tools\compiler\ti-cgt-armllvm_3.2.2.LTS\lib\armv7em-ti-none-eabi\c\</path>
         <kind>archive</kind>
         <file>libc.a</file>
         <name>pre_init.c.obj</name>
      </input_file>
      <input_file id="fl-40">
         <path>C:\ti\ccs1280\ccs\tools\compiler\ti-cgt-armllvm_3.2.2.LTS\lib\armv7em-ti-none-eabi\c\</path>
         <kind>archive</kind>
         <file>libc.a</file>
         <name>cpy_tbl.c.obj</name>
      </input_file>
      <input_file id="fl-41">
         <path>C:\ti\ccs1280\ccs\tools\compiler\ti-cgt-armllvm_3.2.2.LTS\lib\armv7em-ti-none-eabi\c\</path>
         <kind>archive</kind>
         <file>libc.a</file>
         <name>copy_zero_init.c.obj</name>
      </input_file>
      <input_file id="fl-42">
         <path>C:\ti\ccs1280\ccs\tools\compiler\ti-cgt-armllvm_3.2.2.LTS\lib\armv7em-ti-none-eabi\c\</path>
         <kind>archive</kind>
         <file>libc.a</file>
         <name>copy_decompress_none.c.obj</name>
      </input_file>
      <input_file id="fl-43">
         <path>C:\ti\ccs1280\ccs\tools\compiler\ti-cgt-armllvm_3.2.2.LTS\lib\armv7em-ti-none-eabi\c\</path>
         <kind>archive</kind>
         <file>libc.a</file>
         <name>copy_decompress_lzss.c.obj</name>
      </input_file>
      <input_file id="fl-44">
         <path>C:\ti\ccs1280\ccs\tools\compiler\ti-cgt-armllvm_3.2.2.LTS\lib\armv7em-ti-none-eabi\c\</path>
         <kind>archive</kind>
         <file>libc.a</file>
         <name>exit.c.obj</name>
      </input_file>
      <input_file id="fl-45">
         <path>C:\ti\ccs1280\ccs\tools\compiler\ti-cgt-armllvm_3.2.2.LTS\lib\armv7em-ti-none-eabi\c\</path>
         <kind>archive</kind>
         <file>libc.a</file>
         <name>_lock.c.obj</name>
      </input_file>
      <input_file id="fl-46">
         <path>C:\ti\ccs1280\ccs\tools\compiler\ti-cgt-armllvm_3.2.2.LTS\lib\armv7em-ti-none-eabi\c\</path>
         <kind>archive</kind>
         <file>libc.a</file>
         <name>args_main.c.obj</name>
      </input_file>
      <input_file id="fl-ac">
         <path>C:\ti\ccs1280\ccs\tools\compiler\ti-cgt-armllvm_3.2.2.LTS\lib\clang\15.0.7\lib\armv7em-ti-none-eabi\</path>
         <kind>archive</kind>
         <file>libclang_rt.builtins.a</file>
         <name>aeabi_memcpy.S.obj</name>
      </input_file>
      <input_file id="fl-ad">
         <path>C:\ti\ccs1280\ccs\tools\compiler\ti-cgt-armllvm_3.2.2.LTS\lib\clang\15.0.7\lib\armv7em-ti-none-eabi\</path>
         <kind>archive</kind>
         <file>libclang_rt.builtins.a</file>
         <name>aeabi_memset.S.obj</name>
      </input_file>
      <input_file id="fl-ae">
         <path>C:\ti\ccs1280\ccs\tools\compiler\ti-cgt-armllvm_3.2.2.LTS\lib\clang\15.0.7\lib\armv7em-ti-none-eabi\</path>
         <kind>archive</kind>
         <file>libclang_rt.builtins.a</file>
         <name>aeabi_uldivmod.S.obj</name>
      </input_file>
      <input_file id="fl-af">
         <path>C:\ti\ccs1280\ccs\tools\compiler\ti-cgt-armllvm_3.2.2.LTS\lib\clang\15.0.7\lib\armv7em-ti-none-eabi\</path>
         <kind>archive</kind>
         <file>libclang_rt.builtins.a</file>
         <name>udivmoddi4.S.obj</name>
      </input_file>
      <input_file id="fl-b0">
         <path>C:\ti\ccs1280\ccs\tools\compiler\ti-cgt-armllvm_3.2.2.LTS\lib\clang\15.0.7\lib\armv7em-ti-none-eabi\</path>
         <kind>archive</kind>
         <file>libclang_rt.builtins.a</file>
         <name>aeabi_div0.c.obj</name>
      </input_file>
      <input_file id="fl-b1">
         <path>C:\ti\ccs1280\ccs\tools\compiler\ti-cgt-armllvm_3.2.2.LTS\lib\armv7em-ti-none-eabi\c\</path>
         <kind>archive</kind>
         <file>libc.a</file>
         <name>memcpy_t2.S.obj</name>
      </input_file>
      <input_file id="fl-b2">
         <path>C:\ti\ccs1280\ccs\tools\compiler\ti-cgt-armllvm_3.2.2.LTS\lib\armv7em-ti-none-eabi\c\</path>
         <kind>archive</kind>
         <file>libc.a</file>
         <name>memset_t2.S.obj</name>
      </input_file>
   </input_file_list>
   <object_component_list>
      <object_component id="oc-d2">
         <name>.text.PRCMCC3200MCUInit</name>
         <load_address>0x2000c040</load_address>
         <readonly>true</readonly>
         <executable>true</executable>
         <run_address>0x2000c040</run_address>
         <size>0x4b8</size>
         <alignment>0x2</alignment>
         <input_file_ref idref="fl-27"/>
      </object_component>
      <object_component id="oc-1bf">
         <name>.text.Power_sleep</name>
         <load_address>0x2000c4f8</load_address>
         <readonly>true</readonly>
         <executable>true</executable>
         <run_address>0x2000c4f8</run_address>
         <size>0x3e4</size>
         <alignment>0x4</alignment>
         <input_file_ref idref="fl-16"/>
      </object_component>
      <object_component id="oc-170">
         <name>.text.PowerCC32XX_sleepPolicy</name>
         <load_address>0x2000c8dc</load_address>
         <readonly>true</readonly>
         <executable>true</executable>
         <run_address>0x2000c8dc</run_address>
         <size>0x150</size>
         <alignment>0x4</alignment>
         <input_file_ref idref="fl-1f"/>
      </object_component>
      <object_component id="oc-13a">
         <name>.text.Timer_open</name>
         <load_address>0x2000ca2c</load_address>
         <readonly>true</readonly>
         <executable>true</executable>
         <run_address>0x2000ca2c</run_address>
         <size>0x148</size>
         <alignment>0x4</alignment>
         <input_file_ref idref="fl-19"/>
      </object_component>
      <object_component id="oc-f4">
         <name>.text.GPIO_setConfig</name>
         <load_address>0x2000cb74</load_address>
         <readonly>true</readonly>
         <executable>true</executable>
         <run_address>0x2000cb74</run_address>
         <size>0x140</size>
         <alignment>0x4</alignment>
         <input_file_ref idref="fl-15"/>
      </object_component>
      <object_component id="oc-1e5">
         <name>.text.aligned_alloc</name>
         <load_address>0x2000ccb4</load_address>
         <readonly>true</readonly>
         <executable>true</executable>
         <run_address>0x2000ccb4</run_address>
         <size>0x120</size>
         <alignment>0x4</alignment>
         <input_file_ref idref="fl-3b"/>
      </object_component>
      <object_component id="oc-177">
         <name>.text.free</name>
         <load_address>0x2000cdd4</load_address>
         <readonly>true</readonly>
         <executable>true</executable>
         <run_address>0x2000cdd4</run_address>
         <size>0xf0</size>
         <alignment>0x4</alignment>
         <input_file_ref idref="fl-3b"/>
      </object_component>
      <object_component id="oc-22e">
         <name>.text.IntDisable</name>
         <load_address>0x2000cec4</load_address>
         <readonly>true</readonly>
         <executable>true</executable>
         <run_address>0x2000cec4</run_address>
         <size>0xc8</size>
         <alignment>0x2</alignment>
         <input_file_ref idref="fl-25"/>
      </object_component>
      <object_component id="oc-1e8">
         <name>.text.IntEnable</name>
         <load_address>0x2000cf8c</load_address>
         <readonly>true</readonly>
         <executable>true</executable>
         <run_address>0x2000cf8c</run_address>
         <size>0xc8</size>
         <alignment>0x2</alignment>
         <input_file_ref idref="fl-25"/>
      </object_component>
      <object_component id="oc-1f2">
         <name>.text</name>
         <load_address>0x2000d054</load_address>
         <readonly>true</readonly>
         <executable>true</executable>
         <run_address>0x2000d054</run_address>
         <size>0xb0</size>
         <alignment>0x4</alignment>
         <input_file_ref idref="fl-af"/>
      </object_component>
      <object_component id="oc-1a4">
         <name>.text.GPIOIntTypeSet</name>
         <load_address>0x2000d104</load_address>
         <readonly>true</readonly>
         <executable>true</executable>
         <run_address>0x2000d104</run_address>
         <size>0xac</size>
         <alignment>0x2</alignment>
         <input_file_ref idref="fl-23"/>
      </object_component>
      <object_component id="oc-22a">
         <name>.text.IntPendSet</name>
         <load_address>0x2000d1b0</load_address>
         <readonly>true</readonly>
         <executable>true</executable>
         <run_address>0x2000d1b0</run_address>
         <size>0xa4</size>
         <alignment>0x2</alignment>
         <input_file_ref idref="fl-25"/>
      </object_component>
      <object_component id="oc-14b">
         <name>.text.PinConfigSet</name>
         <load_address>0x2000d254</load_address>
         <readonly>true</readonly>
         <executable>true</executable>
         <run_address>0x2000d254</run_address>
         <size>0xa2</size>
         <alignment>0x2</alignment>
         <input_file_ref idref="fl-26"/>
      </object_component>
      <object_component id="oc-e2">
         <name>.text.Board_initHook</name>
         <load_address>0x2000d2f6</load_address>
         <readonly>true</readonly>
         <executable>true</executable>
         <run_address>0x2000d2f6</run_address>
         <size>0x2</size>
         <alignment>0x2</alignment>
         <input_file_ref idref="fl-2"/>
      </object_component>
      <object_component id="oc-125">
         <name>.text.SemaphoreP_pend</name>
         <load_address>0x2000d2f8</load_address>
         <readonly>true</readonly>
         <executable>true</executable>
         <run_address>0x2000d2f8</run_address>
         <size>0x98</size>
         <alignment>0x4</alignment>
         <input_file_ref idref="fl-1c"/>
      </object_component>
      <object_component id="oc-141">
         <name>.text.timerCallback</name>
         <load_address>0x2000d390</load_address>
         <readonly>true</readonly>
         <executable>true</executable>
         <run_address>0x2000d390</run_address>
         <size>0x98</size>
         <alignment>0x4</alignment>
         <input_file_ref idref="fl-1"/>
      </object_component>
      <object_component id="oc-122">
         <name>.text.HwiP_disable</name>
         <load_address>0x2000d428</load_address>
         <readonly>true</readonly>
         <executable>true</executable>
         <run_address>0x2000d428</run_address>
         <size>0x8</size>
         <alignment>0x2</alignment>
         <input_file_ref idref="fl-1e"/>
      </object_component>
      <object_component id="oc-1ff">
         <name>.text</name>
         <load_address>0x2000d430</load_address>
         <readonly>true</readonly>
         <executable>true</executable>
         <run_address>0x2000d430</run_address>
         <size>0x96</size>
         <alignment>0x10</alignment>
         <input_file_ref idref="fl-17"/>
      </object_component>
      <object_component id="oc-16b">
         <name>.text.PowerCC32XX_initPolicy</name>
         <load_address>0x2000d4c6</load_address>
         <readonly>true</readonly>
         <executable>true</executable>
         <run_address>0x2000d4c6</run_address>
         <size>0x2</size>
         <alignment>0x2</alignment>
         <input_file_ref idref="fl-1f"/>
      </object_component>
      <object_component id="oc-dc">
         <name>.text.GPIO_init</name>
         <load_address>0x2000d4c8</load_address>
         <readonly>true</readonly>
         <executable>true</executable>
         <run_address>0x2000d4c8</run_address>
         <size>0x90</size>
         <alignment>0x4</alignment>
         <input_file_ref idref="fl-15"/>
      </object_component>
      <object_component id="oc-104">
         <name>.text.PRCMSysResetCauseGet</name>
         <load_address>0x2000d558</load_address>
         <readonly>true</readonly>
         <executable>true</executable>
         <run_address>0x2000d558</run_address>
         <size>0x8e</size>
         <alignment>0x2</alignment>
         <input_file_ref idref="fl-27"/>
      </object_component>
      <object_component id="oc-1d5">
         <name>.text.SemaphoreP_destruct</name>
         <load_address>0x2000d5e6</load_address>
         <readonly>true</readonly>
         <executable>true</executable>
         <run_address>0x2000d5e6</run_address>
         <size>0x2</size>
         <alignment>0x2</alignment>
         <input_file_ref idref="fl-1c"/>
      </object_component>
      <object_component id="oc-116">
         <name>.text.PowerCC32XX_configureWakeup</name>
         <load_address>0x2000d5e8</load_address>
         <readonly>true</readonly>
         <executable>true</executable>
         <run_address>0x2000d5e8</run_address>
         <size>0x88</size>
         <alignment>0x4</alignment>
         <input_file_ref idref="fl-16"/>
      </object_component>
      <object_component id="oc-d7">
         <name>.text.Power_init</name>
         <load_address>0x2000d670</load_address>
         <readonly>true</readonly>
         <executable>true</executable>
         <run_address>0x2000d670</run_address>
         <size>0x78</size>
         <alignment>0x4</alignment>
         <input_file_ref idref="fl-16"/>
      </object_component>
      <object_component id="oc-1a3">
         <name>.text.HwiP_construct</name>
         <load_address>0x2000d6e8</load_address>
         <readonly>true</readonly>
         <executable>true</executable>
         <run_address>0x2000d6e8</run_address>
         <size>0x74</size>
         <alignment>0x4</alignment>
         <input_file_ref idref="fl-1e"/>
      </object_component>
      <object_component id="oc-168">
         <name>.text.PRCMHibernateWakeUpGPIOSelect</name>
         <load_address>0x2000d75c</load_address>
         <readonly>true</readonly>
         <executable>true</executable>
         <run_address>0x2000d75c</run_address>
         <size>0x74</size>
         <alignment>0x2</alignment>
         <input_file_ref idref="fl-27"/>
      </object_component>
      <object_component id="oc-18">
         <name>.text:decompress:lzss</name>
         <load_address>0x2000d7d0</load_address>
         <readonly>true</readonly>
         <executable>true</executable>
         <run_address>0x2000d7d0</run_address>
         <size>0x70</size>
         <alignment>0x2</alignment>
         <input_file_ref idref="fl-43"/>
      </object_component>
      <object_component id="oc-1fc">
         <name>.text.PinLockLevelSet</name>
         <load_address>0x2000d840</load_address>
         <readonly>true</readonly>
         <executable>true</executable>
         <run_address>0x2000d840</run_address>
         <size>0x6c</size>
         <alignment>0x2</alignment>
         <input_file_ref idref="fl-26"/>
      </object_component>
      <object_component id="oc-14c">
         <name>.text.Power_setDependency</name>
         <load_address>0x2000d8ac</load_address>
         <readonly>true</readonly>
         <executable>true</executable>
         <run_address>0x2000d8ac</run_address>
         <size>0x6c</size>
         <alignment>0x4</alignment>
         <input_file_ref idref="fl-16"/>
      </object_component>
      <object_component id="oc-12c">
         <name>.text.powerNotifyFxn</name>
         <load_address>0x2000d918</load_address>
         <readonly>true</readonly>
         <executable>true</executable>
         <run_address>0x2000d918</run_address>
         <size>0x6c</size>
         <alignment>0x4</alignment>
         <input_file_ref idref="fl-15"/>
      </object_component>
      <object_component id="oc-214">
         <name>.text.split</name>
         <load_address>0x2000d984</load_address>
         <readonly>true</readonly>
         <executable>true</executable>
         <run_address>0x2000d984</run_address>
         <size>0x6c</size>
         <alignment>0x4</alignment>
         <input_file_ref idref="fl-3b"/>
      </object_component>
      <object_component id="oc-10c">
         <name>.text.PRCMPeripheralReset</name>
         <load_address>0x2000d9f0</load_address>
         <readonly>true</readonly>
         <executable>true</executable>
         <run_address>0x2000d9f0</run_address>
         <size>0x6a</size>
         <alignment>0x2</alignment>
         <input_file_ref idref="fl-27"/>
      </object_component>
      <object_component id="oc-20f">
         <name>.text.IntPendClear</name>
         <load_address>0x2000da5a</load_address>
         <readonly>true</readonly>
         <executable>true</executable>
         <run_address>0x2000da5a</run_address>
         <size>0x68</size>
         <alignment>0x2</alignment>
         <input_file_ref idref="fl-25"/>
      </object_component>
      <object_component id="oc-133">
         <name>.text.Timer_init</name>
         <load_address>0x2000dac2</load_address>
         <readonly>true</readonly>
         <executable>true</executable>
         <run_address>0x2000dac2</run_address>
         <size>0x2</size>
         <alignment>0x2</alignment>
         <input_file_ref idref="fl-18"/>
      </object_component>
      <object_component id="oc-19d">
         <name>.text.GPIO_write</name>
         <load_address>0x2000dac4</load_address>
         <readonly>true</readonly>
         <executable>true</executable>
         <run_address>0x2000dac4</run_address>
         <size>0x60</size>
         <alignment>0x4</alignment>
         <input_file_ref idref="fl-15"/>
      </object_component>
      <object_component id="oc-225">
         <name>.text.FlashDisable</name>
         <load_address>0x2000db24</load_address>
         <readonly>true</readonly>
         <executable>true</executable>
         <run_address>0x2000db24</run_address>
         <size>0x5c</size>
         <alignment>0x2</alignment>
         <input_file_ref idref="fl-2c"/>
      </object_component>
      <object_component id="oc-16a">
         <name>.text.PRCMHibernateWakeupSourceDisable</name>
         <load_address>0x2000db80</load_address>
         <readonly>true</readonly>
         <executable>true</executable>
         <run_address>0x2000db80</run_address>
         <size>0x5c</size>
         <alignment>0x2</alignment>
         <input_file_ref idref="fl-27"/>
      </object_component>
      <object_component id="oc-18f">
         <name>.text.TimerCC32XX_allocateTimerResource</name>
         <load_address>0x2000dbdc</load_address>
         <readonly>true</readonly>
         <executable>true</executable>
         <run_address>0x2000dbdc</run_address>
         <size>0x5c</size>
         <alignment>0x4</alignment>
         <input_file_ref idref="fl-19"/>
      </object_component>
      <object_component id="oc-10b">
         <name>.text.PRCMPeripheralClkEnable</name>
         <load_address>0x2000dc38</load_address>
         <readonly>true</readonly>
         <executable>true</executable>
         <run_address>0x2000dc38</run_address>
         <size>0x5a</size>
         <alignment>0x2</alignment>
         <input_file_ref idref="fl-27"/>
      </object_component>
      <object_component id="oc-219">
         <name>.text.__aeabi_ldiv0</name>
         <load_address>0x2000dc92</load_address>
         <readonly>true</readonly>
         <executable>true</executable>
         <run_address>0x2000dc92</run_address>
         <size>0x2</size>
         <alignment>0x2</alignment>
         <input_file_ref idref="fl-b0"/>
      </object_component>
      <object_component id="oc-1f0">
         <name>.text.ClockP_startup</name>
         <load_address>0x2000dc94</load_address>
         <readonly>true</readonly>
         <executable>true</executable>
         <run_address>0x2000dc94</run_address>
         <size>0x58</size>
         <alignment>0x4</alignment>
         <input_file_ref idref="fl-1d"/>
      </object_component>
      <object_component id="oc-1e7">
         <name>.text.IntPrioritySet</name>
         <load_address>0x2000dcec</load_address>
         <readonly>true</readonly>
         <executable>true</executable>
         <run_address>0x2000dcec</run_address>
         <size>0x58</size>
         <alignment>0x2</alignment>
         <input_file_ref idref="fl-25"/>
      </object_component>
      <object_component id="oc-209">
         <name>.text.PRCMLPDSEnter</name>
         <load_address>0x2000dd44</load_address>
         <readonly>true</readonly>
         <executable>true</executable>
         <run_address>0x2000dd44</run_address>
         <size>0x56</size>
         <alignment>0x2</alignment>
         <input_file_ref idref="fl-27"/>
      </object_component>
      <object_component id="oc-156">
         <name>.text._nop</name>
         <load_address>0x2000dd9a</load_address>
         <readonly>true</readonly>
         <executable>true</executable>
         <run_address>0x2000dd9a</run_address>
         <size>0x2</size>
         <alignment>0x2</alignment>
         <input_file_ref idref="fl-45"/>
      </object_component>
      <object_component id="oc-18a">
         <name>.text.PowerCC32XX_setParkState</name>
         <load_address>0x2000dd9c</load_address>
         <readonly>true</readonly>
         <executable>true</executable>
         <run_address>0x2000dd9c</run_address>
         <size>0x54</size>
         <alignment>0x4</alignment>
         <input_file_ref idref="fl-16"/>
      </object_component>
      <object_component id="oc-211">
         <name>.text.Power_releaseDependency</name>
         <load_address>0x2000ddf0</load_address>
         <readonly>true</readonly>
         <executable>true</executable>
         <run_address>0x2000ddf0</run_address>
         <size>0x54</size>
         <alignment>0x4</alignment>
         <input_file_ref idref="fl-16"/>
      </object_component>
      <object_component id="oc-154">
         <name>.text.GPIO_hwiIntFxn</name>
         <load_address>0x2000de44</load_address>
         <readonly>true</readonly>
         <executable>true</executable>
         <run_address>0x2000de44</run_address>
         <size>0x50</size>
         <alignment>0x4</alignment>
         <input_file_ref idref="fl-15"/>
      </object_component>
      <object_component id="oc-169">
         <name>.text.PRCMHibernateWakeupSourceEnable</name>
         <load_address>0x2000de94</load_address>
         <readonly>true</readonly>
         <executable>true</executable>
         <run_address>0x2000de94</run_address>
         <size>0x50</size>
         <alignment>0x2</alignment>
         <input_file_ref idref="fl-27"/>
      </object_component>
      <object_component id="oc-1c8">
         <name>.text.SemaphoreP_construct</name>
         <load_address>0x2000dee4</load_address>
         <readonly>true</readonly>
         <executable>true</executable>
         <run_address>0x2000dee4</run_address>
         <size>0x50</size>
         <alignment>0x4</alignment>
         <input_file_ref idref="fl-1c"/>
      </object_component>
      <object_component id="oc-151">
         <name>.text.GPIO_setInterruptConfig</name>
         <load_address>0x2000df34</load_address>
         <readonly>true</readonly>
         <executable>true</executable>
         <run_address>0x2000df34</run_address>
         <size>0x4c</size>
         <alignment>0x4</alignment>
         <input_file_ref idref="fl-15"/>
      </object_component>
      <object_component id="oc-223">
         <name>.text.PRCMLPDSRestoreInfoSet</name>
         <load_address>0x2000df80</load_address>
         <readonly>true</readonly>
         <executable>true</executable>
         <run_address>0x2000df80</run_address>
         <size>0x4c</size>
         <alignment>0x2</alignment>
         <input_file_ref idref="fl-27"/>
      </object_component>
      <object_component id="oc-194">
         <name>.text.initHw</name>
         <load_address>0x2000dfcc</load_address>
         <readonly>true</readonly>
         <executable>true</executable>
         <run_address>0x2000dfcc</run_address>
         <size>0x4c</size>
         <alignment>0x2</alignment>
         <input_file_ref idref="fl-19"/>
      </object_component>
      <object_component id="oc-193">
         <name>.text.getPrescaler</name>
         <load_address>0x2000e018</load_address>
         <readonly>true</readonly>
         <executable>true</executable>
         <run_address>0x2000e018</run_address>
         <size>0x4a</size>
         <alignment>0x2</alignment>
         <input_file_ref idref="fl-19"/>
      </object_component>
      <object_component id="oc-57">
         <name>.text.busFaultHandler</name>
         <load_address>0x2000e062</load_address>
         <readonly>true</readonly>
         <executable>true</executable>
         <run_address>0x2000e062</run_address>
         <size>0x2</size>
         <alignment>0x2</alignment>
         <input_file_ref idref="fl-20"/>
      </object_component>
      <object_component id="oc-58">
         <name>.text.ClockP_sysTickHandler</name>
         <load_address>0x2000e064</load_address>
         <readonly>true</readonly>
         <executable>true</executable>
         <run_address>0x2000e064</run_address>
         <size>0x48</size>
         <alignment>0x4</alignment>
         <input_file_ref idref="fl-1d"/>
      </object_component>
      <object_component id="oc-203">
         <name>.text.PRCMIntEnable</name>
         <load_address>0x2000e0ac</load_address>
         <readonly>true</readonly>
         <executable>true</executable>
         <run_address>0x2000e0ac</run_address>
         <size>0x48</size>
         <alignment>0x2</alignment>
         <input_file_ref idref="fl-27"/>
      </object_component>
      <object_component id="oc-1a1">
         <name>.text.PRCMPeripheralStatusGet</name>
         <load_address>0x2000e0f4</load_address>
         <readonly>true</readonly>
         <executable>true</executable>
         <run_address>0x2000e0f4</run_address>
         <size>0x48</size>
         <alignment>0x2</alignment>
         <input_file_ref idref="fl-27"/>
      </object_component>
      <object_component id="oc-220">
         <name>.text.PinConfigGet</name>
         <load_address>0x2000e13c</load_address>
         <readonly>true</readonly>
         <executable>true</executable>
         <run_address>0x2000e13c</run_address>
         <size>0x48</size>
         <alignment>0x2</alignment>
         <input_file_ref idref="fl-26"/>
      </object_component>
      <object_component id="oc-208">
         <name>.text.PRCMLPDSEnterKeepDebugIf</name>
         <load_address>0x2000e184</load_address>
         <readonly>true</readonly>
         <executable>true</executable>
         <run_address>0x2000e184</run_address>
         <size>0x46</size>
         <alignment>0x2</alignment>
         <input_file_ref idref="fl-27"/>
      </object_component>
      <object_component id="oc-14f">
         <name>.text.GPIODirModeSet</name>
         <load_address>0x2000e1ca</load_address>
         <readonly>true</readonly>
         <executable>true</executable>
         <run_address>0x2000e1ca</run_address>
         <size>0x44</size>
         <alignment>0x2</alignment>
         <input_file_ref idref="fl-23"/>
      </object_component>
      <object_component id="oc-17e">
         <name>.text.clkFxn</name>
         <load_address>0x2000e20e</load_address>
         <readonly>true</readonly>
         <executable>true</executable>
         <run_address>0x2000e20e</run_address>
         <size>0x2</size>
         <alignment>0x2</alignment>
         <input_file_ref idref="fl-1c"/>
      </object_component>
      <object_component id="oc-1a5">
         <name>.text.GPIO_disableInt</name>
         <load_address>0x2000e210</load_address>
         <readonly>true</readonly>
         <executable>true</executable>
         <run_address>0x2000e210</run_address>
         <size>0x44</size>
         <alignment>0x4</alignment>
         <input_file_ref idref="fl-15"/>
      </object_component>
      <object_component id="oc-f3">
         <name>.text.GPIO_enableInt</name>
         <load_address>0x2000e254</load_address>
         <readonly>true</readonly>
         <executable>true</executable>
         <run_address>0x2000e254</run_address>
         <size>0x44</size>
         <alignment>0x4</alignment>
         <input_file_ref idref="fl-15"/>
      </object_component>
      <object_component id="oc-22c">
         <name>.text.Power_releaseConstraint</name>
         <load_address>0x2000e298</load_address>
         <readonly>true</readonly>
         <executable>true</executable>
         <run_address>0x2000e298</run_address>
         <size>0x44</size>
         <alignment>0x4</alignment>
         <input_file_ref idref="fl-16"/>
      </object_component>
      <object_component id="oc-140">
         <name>.text.Timer_start</name>
         <load_address>0x2000e2dc</load_address>
         <readonly>true</readonly>
         <executable>true</executable>
         <run_address>0x2000e2dc</run_address>
         <size>0x44</size>
         <alignment>0x2</alignment>
         <input_file_ref idref="fl-18"/>
      </object_component>
      <object_component id="oc-7d">
         <name>.text.addToList</name>
         <load_address>0x2000e320</load_address>
         <readonly>true</readonly>
         <executable>true</executable>
         <run_address>0x2000e320</run_address>
         <size>0x44</size>
         <alignment>0x4</alignment>
         <input_file_ref idref="fl-1d"/>
      </object_component>
      <object_component id="oc-113">
         <name>.text.PinModeSet</name>
         <load_address>0x2000e364</load_address>
         <readonly>true</readonly>
         <executable>true</executable>
         <run_address>0x2000e364</run_address>
         <size>0x42</size>
         <alignment>0x2</alignment>
         <input_file_ref idref="fl-26"/>
      </object_component>
      <object_component id="oc-1de">
         <name>.text.TimerControlStall</name>
         <load_address>0x2000e3a6</load_address>
         <readonly>true</readonly>
         <executable>true</executable>
         <run_address>0x2000e3a6</run_address>
         <size>0x42</size>
         <alignment>0x2</alignment>
         <input_file_ref idref="fl-2a"/>
      </object_component>
      <object_component id="oc-192">
         <name>.text.Timer_close</name>
         <load_address>0x2000e3e8</load_address>
         <readonly>true</readonly>
         <executable>true</executable>
         <run_address>0x2000e3e8</run_address>
         <size>0x42</size>
         <alignment>0x2</alignment>
         <input_file_ref idref="fl-19"/>
      </object_component>
      <object_component id="oc-1b4">
         <name>.text.getCountsRTC</name>
         <load_address>0x2000e42a</load_address>
         <readonly>true</readonly>
         <executable>true</executable>
         <run_address>0x2000e42a</run_address>
         <size>0x42</size>
         <alignment>0x2</alignment>
         <input_file_ref idref="fl-1f"/>
      </object_component>
      <object_component id="oc-127">
         <name>.text.SemaphoreP_post</name>
         <load_address>0x2000e46c</load_address>
         <readonly>true</readonly>
         <executable>true</executable>
         <run_address>0x2000e46c</run_address>
         <size>0x40</size>
         <alignment>0x4</alignment>
         <input_file_ref idref="fl-1c"/>
      </object_component>
      <object_component id="oc-1d1">
         <name>.text.Timer_stop</name>
         <load_address>0x2000e4ac</load_address>
         <readonly>true</readonly>
         <executable>true</executable>
         <run_address>0x2000e4ac</run_address>
         <size>0x40</size>
         <alignment>0x2</alignment>
         <input_file_ref idref="fl-18"/>
      </object_component>
      <object_component id="oc-b0">
         <name>.text.mainThread</name>
         <load_address>0x2000e4ec</load_address>
         <readonly>true</readonly>
         <executable>true</executable>
         <run_address>0x2000e4ec</run_address>
         <size>0x40</size>
         <alignment>0x4</alignment>
         <input_file_ref idref="fl-1"/>
      </object_component>
      <object_component id="oc-222">
         <name>.text.PinDirModeSet</name>
         <load_address>0x2000e52c</load_address>
         <readonly>true</readonly>
         <executable>true</executable>
         <run_address>0x2000e52c</run_address>
         <size>0x3e</size>
         <alignment>0x2</alignment>
         <input_file_ref idref="fl-26"/>
      </object_component>
      <object_component id="oc-56">
         <name>.text.defaultHandler</name>
         <load_address>0x2000e56a</load_address>
         <readonly>true</readonly>
         <executable>true</executable>
         <run_address>0x2000e56a</run_address>
         <size>0x2</size>
         <alignment>0x2</alignment>
         <input_file_ref idref="fl-20"/>
      </object_component>
      <object_component id="oc-1cc">
         <name>.text.ClockP_stop</name>
         <load_address>0x2000e56c</load_address>
         <readonly>true</readonly>
         <executable>true</executable>
         <run_address>0x2000e56c</run_address>
         <size>0x3c</size>
         <alignment>0x4</alignment>
         <input_file_ref idref="fl-1d"/>
      </object_component>
      <object_component id="oc-ed">
         <name>.text.initTimer</name>
         <load_address>0x2000e5a8</load_address>
         <readonly>true</readonly>
         <executable>true</executable>
         <run_address>0x2000e5a8</run_address>
         <size>0x3c</size>
         <alignment>0x4</alignment>
         <input_file_ref idref="fl-1"/>
      </object_component>
      <object_component id="oc-19c">
         <name>.text.TimerSupport_timerEnable</name>
         <load_address>0x2000e5e4</load_address>
         <readonly>true</readonly>
         <executable>true</executable>
         <run_address>0x2000e5e4</run_address>
         <size>0x3a</size>
         <alignment>0x2</alignment>
         <input_file_ref idref="fl-19"/>
      </object_component>
      <object_component id="oc-55">
         <name>.text.faultISR</name>
         <load_address>0x2000e61e</load_address>
         <readonly>true</readonly>
         <executable>true</executable>
         <run_address>0x2000e61e</run_address>
         <size>0x2</size>
         <alignment>0x2</alignment>
         <input_file_ref idref="fl-20"/>
      </object_component>
      <object_component id="oc-17d">
         <name>.text.ClockP_destruct</name>
         <load_address>0x2000e620</load_address>
         <readonly>true</readonly>
         <executable>true</executable>
         <run_address>0x2000e620</run_address>
         <size>0x38</size>
         <alignment>0x4</alignment>
         <input_file_ref idref="fl-1d"/>
      </object_component>
      <object_component id="oc-1e3">
         <name>.text.Power_setConstraint</name>
         <load_address>0x2000e658</load_address>
         <readonly>true</readonly>
         <executable>true</executable>
         <run_address>0x2000e658</run_address>
         <size>0x38</size>
         <alignment>0x4</alignment>
         <input_file_ref idref="fl-16"/>
      </object_component>
      <object_component id="oc-1c5">
         <name>.text.SwiP_restore</name>
         <load_address>0x2000e690</load_address>
         <readonly>true</readonly>
         <executable>true</executable>
         <run_address>0x2000e690</run_address>
         <size>0x38</size>
         <alignment>0x4</alignment>
         <input_file_ref idref="fl-21"/>
      </object_component>
      <object_component id="oc-bf">
         <name>.text:__TI_auto_init_nobinit_nopinit</name>
         <load_address>0x2000e6c8</load_address>
         <readonly>true</readonly>
         <executable>true</executable>
         <run_address>0x2000e6c8</run_address>
         <size>0x38</size>
         <alignment>0x4</alignment>
         <input_file_ref idref="fl-3e"/>
      </object_component>
      <object_component id="oc-1fe">
         <name>.text.PinLock</name>
         <load_address>0x2000e700</load_address>
         <readonly>true</readonly>
         <executable>true</executable>
         <run_address>0x2000e700</run_address>
         <size>0x36</size>
         <alignment>0x2</alignment>
         <input_file_ref idref="fl-26"/>
      </object_component>
      <object_component id="oc-199">
         <name>.text.TimerCC32XX_hwiIntFunction</name>
         <load_address>0x2000e736</load_address>
         <readonly>true</readonly>
         <executable>true</executable>
         <run_address>0x2000e736</run_address>
         <size>0x36</size>
         <alignment>0x2</alignment>
         <input_file_ref idref="fl-19"/>
      </object_component>
      <object_component id="oc-17a">
         <name>.text.ClockP_start</name>
         <load_address>0x2000e76c</load_address>
         <readonly>true</readonly>
         <executable>true</executable>
         <run_address>0x2000e76c</run_address>
         <size>0x34</size>
         <alignment>0x4</alignment>
         <input_file_ref idref="fl-1d"/>
      </object_component>
      <object_component id="oc-221">
         <name>.text.PinDirModeGet</name>
         <load_address>0x2000e7a0</load_address>
         <readonly>true</readonly>
         <executable>true</executable>
         <run_address>0x2000e7a0</run_address>
         <size>0x34</size>
         <alignment>0x2</alignment>
         <input_file_ref idref="fl-26"/>
      </object_component>
      <object_component id="oc-10e">
         <name>.text.PinModeGet</name>
         <load_address>0x2000e7d4</load_address>
         <readonly>true</readonly>
         <executable>true</executable>
         <run_address>0x2000e7d4</run_address>
         <size>0x34</size>
         <alignment>0x2</alignment>
         <input_file_ref idref="fl-26"/>
      </object_component>
      <object_component id="oc-1fb">
         <name>.text.PowerCC32XX_parkPin</name>
         <load_address>0x2000e808</load_address>
         <readonly>true</readonly>
         <executable>true</executable>
         <run_address>0x2000e808</run_address>
         <size>0x34</size>
         <alignment>0x2</alignment>
         <input_file_ref idref="fl-16"/>
      </object_component>
      <object_component id="oc-1d6">
         <name>.text.TimerCC32XX_freeTimerResource</name>
         <load_address>0x2000e83c</load_address>
         <readonly>true</readonly>
         <executable>true</executable>
         <run_address>0x2000e83c</run_address>
         <size>0x34</size>
         <alignment>0x4</alignment>
         <input_file_ref idref="fl-19"/>
      </object_component>
      <object_component id="oc-4f">
         <name>.text.initVectors</name>
         <load_address>0x2000e870</load_address>
         <readonly>true</readonly>
         <executable>true</executable>
         <run_address>0x2000e870</run_address>
         <size>0x34</size>
         <alignment>0x4</alignment>
         <input_file_ref idref="fl-20"/>
      </object_component>
      <object_component id="oc-1b1">
         <name>.text.ClockP_getTicksUntilInterrupt</name>
         <load_address>0x2000e8a4</load_address>
         <readonly>true</readonly>
         <executable>true</executable>
         <run_address>0x2000e8a4</run_address>
         <size>0x30</size>
         <alignment>0x4</alignment>
         <input_file_ref idref="fl-1d"/>
      </object_component>
      <object_component id="oc-1be">
         <name>.text.PRCMLPDSIntervalSet</name>
         <load_address>0x2000e8d4</load_address>
         <readonly>true</readonly>
         <executable>true</executable>
         <run_address>0x2000e8d4</run_address>
         <size>0x30</size>
         <alignment>0x2</alignment>
         <input_file_ref idref="fl-27"/>
      </object_component>
      <object_component id="oc-1f1">
         <name>.text.PRCMSlowClkCtrFastGet</name>
         <load_address>0x2000e904</load_address>
         <readonly>true</readonly>
         <executable>true</executable>
         <run_address>0x2000e904</run_address>
         <size>0x30</size>
         <alignment>0x2</alignment>
         <input_file_ref idref="fl-27"/>
      </object_component>
      <object_component id="oc-1dd">
         <name>.text.TimerLoadSet</name>
         <load_address>0x2000e934</load_address>
         <readonly>true</readonly>
         <executable>true</executable>
         <run_address>0x2000e934</run_address>
         <size>0x30</size>
         <alignment>0x2</alignment>
         <input_file_ref idref="fl-2a"/>
      </object_component>
      <object_component id="oc-1dc">
         <name>.text.TimerPrescaleSet</name>
         <load_address>0x2000e964</load_address>
         <readonly>true</readonly>
         <executable>true</executable>
         <run_address>0x2000e964</run_address>
         <size>0x30</size>
         <alignment>0x2</alignment>
         <input_file_ref idref="fl-2a"/>
      </object_component>
      <object_component id="oc-1f9">
         <name>.text.notify</name>
         <load_address>0x2000e994</load_address>
         <readonly>true</readonly>
         <executable>true</executable>
         <run_address>0x2000e994</run_address>
         <size>0x30</size>
         <alignment>0x4</alignment>
         <input_file_ref idref="fl-16"/>
      </object_component>
      <object_component id="oc-1a7">
         <name>.text.GPIOIntStatus</name>
         <load_address>0x2000e9c4</load_address>
         <readonly>true</readonly>
         <executable>true</executable>
         <run_address>0x2000e9c4</run_address>
         <size>0x2e</size>
         <alignment>0x2</alignment>
         <input_file_ref idref="fl-23"/>
      </object_component>
      <object_component id="oc-14e">
         <name>.text.HwiP_create</name>
         <load_address>0x2000e9f2</load_address>
         <readonly>true</readonly>
         <executable>true</executable>
         <run_address>0x2000e9f2</run_address>
         <size>0x2a</size>
         <alignment>0x2</alignment>
         <input_file_ref idref="fl-1e"/>
      </object_component>
      <object_component id="oc-167">
         <name>.text.PRCMLPDSWakeUpGPIOSelect</name>
         <load_address>0x2000ea1c</load_address>
         <readonly>true</readonly>
         <executable>true</executable>
         <run_address>0x2000ea1c</run_address>
         <size>0x2a</size>
         <alignment>0x2</alignment>
         <input_file_ref idref="fl-27"/>
      </object_component>
      <object_component id="oc-10d">
         <name>.text.PRCMPeripheralClkDisable</name>
         <load_address>0x2000ea46</load_address>
         <readonly>true</readonly>
         <executable>true</executable>
         <run_address>0x2000ea46</run_address>
         <size>0x2a</size>
         <alignment>0x2</alignment>
         <input_file_ref idref="fl-27"/>
      </object_component>
      <object_component id="oc-20e">
         <name>.text.List_remove</name>
         <load_address>0x2000ea70</load_address>
         <readonly>true</readonly>
         <executable>true</executable>
         <run_address>0x2000ea70</run_address>
         <size>0x28</size>
         <alignment>0x2</alignment>
         <input_file_ref idref="fl-1a"/>
      </object_component>
      <object_component id="oc-1fa">
         <name>.text.PRCMSRAMRetentionEnable</name>
         <load_address>0x2000ea98</load_address>
         <readonly>true</readonly>
         <executable>true</executable>
         <run_address>0x2000ea98</run_address>
         <size>0x28</size>
         <alignment>0x2</alignment>
         <input_file_ref idref="fl-27"/>
      </object_component>
      <object_component id="oc-20d">
         <name>.text.TimerSupport_timerDisable</name>
         <load_address>0x2000eac0</load_address>
         <readonly>true</readonly>
         <executable>true</executable>
         <run_address>0x2000eac0</run_address>
         <size>0x28</size>
         <alignment>0x2</alignment>
         <input_file_ref idref="fl-19"/>
      </object_component>
      <object_component id="oc-1cb">
         <name>.text.free_list_insert</name>
         <load_address>0x2000eae8</load_address>
         <readonly>true</readonly>
         <executable>true</executable>
         <run_address>0x2000eae8</run_address>
         <size>0x28</size>
         <alignment>0x4</alignment>
         <input_file_ref idref="fl-3b"/>
      </object_component>
      <object_component id="oc-22f">
         <name>.text.IntUnregister</name>
         <load_address>0x2000eb10</load_address>
         <readonly>true</readonly>
         <executable>true</executable>
         <run_address>0x2000eb10</run_address>
         <size>0x24</size>
         <alignment>0x2</alignment>
         <input_file_ref idref="fl-25"/>
      </object_component>
      <object_component id="oc-17f">
         <name>.text.List_put</name>
         <load_address>0x2000eb34</load_address>
         <readonly>true</readonly>
         <executable>true</executable>
         <run_address>0x2000eb34</run_address>
         <size>0x24</size>
         <alignment>0x2</alignment>
         <input_file_ref idref="fl-1a"/>
      </object_component>
      <object_component id="oc-165">
         <name>.text.PRCMLPDSWakeupSourceEnable</name>
         <load_address>0x2000eb58</load_address>
         <readonly>true</readonly>
         <executable>true</executable>
         <run_address>0x2000eb58</run_address>
         <size>0x24</size>
         <alignment>0x2</alignment>
         <input_file_ref idref="fl-27"/>
      </object_component>
      <object_component id="oc-205">
         <name>.text.PowerCC32XX_restoreParkedPin</name>
         <load_address>0x2000eb7c</load_address>
         <readonly>true</readonly>
         <executable>true</executable>
         <run_address>0x2000eb7c</run_address>
         <size>0x24</size>
         <alignment>0x2</alignment>
         <input_file_ref idref="fl-16"/>
      </object_component>
      <object_component id="oc-126">
         <name>.text.Power_registerNotify</name>
         <load_address>0x2000eba0</load_address>
         <readonly>true</readonly>
         <executable>true</executable>
         <run_address>0x2000eba0</run_address>
         <size>0x24</size>
         <alignment>0x4</alignment>
         <input_file_ref idref="fl-16"/>
      </object_component>
      <object_component id="oc-76">
         <name>.text:_c_int00_noargs</name>
         <load_address>0x2000ebc4</load_address>
         <readonly>true</readonly>
         <executable>true</executable>
         <run_address>0x2000ebc4</run_address>
         <size>0x24</size>
         <alignment>0x4</alignment>
         <input_file_ref idref="fl-3c"/>
      </object_component>
      <object_component id="oc-150">
         <name>.text.GPIOPinWrite</name>
         <load_address>0x2000ebe8</load_address>
         <readonly>true</readonly>
         <executable>true</executable>
         <run_address>0x2000ebe8</run_address>
         <size>0x22</size>
         <alignment>0x2</alignment>
         <input_file_ref idref="fl-23"/>
      </object_component>
      <object_component id="oc-204">
         <name>.text.PinUnlock</name>
         <load_address>0x2000ec0a</load_address>
         <readonly>true</readonly>
         <executable>true</executable>
         <run_address>0x2000ec0a</run_address>
         <size>0x22</size>
         <alignment>0x2</alignment>
         <input_file_ref idref="fl-26"/>
      </object_component>
      <object_component id="oc-1e6">
         <name>.text.IntRegister</name>
         <load_address>0x2000ec2c</load_address>
         <readonly>true</readonly>
         <executable>true</executable>
         <run_address>0x2000ec2c</run_address>
         <size>0x20</size>
         <alignment>0x2</alignment>
         <input_file_ref idref="fl-25"/>
      </object_component>
      <object_component id="oc-1d2">
         <name>.text.Power_unregisterNotify</name>
         <load_address>0x2000ec4c</load_address>
         <readonly>true</readonly>
         <executable>true</executable>
         <run_address>0x2000ec4c</run_address>
         <size>0x20</size>
         <alignment>0x4</alignment>
         <input_file_ref idref="fl-16"/>
      </object_component>
      <object_component id="oc-190">
         <name>.text.SemaphoreP_constructBinary</name>
         <load_address>0x2000ec6c</load_address>
         <readonly>true</readonly>
         <executable>true</executable>
         <run_address>0x2000ec6c</run_address>
         <size>0x20</size>
         <alignment>0x4</alignment>
         <input_file_ref idref="fl-1c"/>
      </object_component>
      <object_component id="oc-11c">
         <name>.text.SemaphoreP_createBinary</name>
         <load_address>0x2000ec8c</load_address>
         <readonly>true</readonly>
         <executable>true</executable>
         <run_address>0x2000ec8c</run_address>
         <size>0x20</size>
         <alignment>0x4</alignment>
         <input_file_ref idref="fl-1c"/>
      </object_component>
      <object_component id="oc-1d7">
         <name>.text.TimerDisable</name>
         <load_address>0x2000ecac</load_address>
         <readonly>true</readonly>
         <executable>true</executable>
         <run_address>0x2000ecac</run_address>
         <size>0x20</size>
         <alignment>0x2</alignment>
         <input_file_ref idref="fl-2a"/>
      </object_component>
      <object_component id="oc-ee">
         <name>.text.GPIO_setCallback</name>
         <load_address>0x2000eccc</load_address>
         <readonly>true</readonly>
         <executable>true</executable>
         <run_address>0x2000eccc</run_address>
         <size>0x1c</size>
         <alignment>0x4</alignment>
         <input_file_ref idref="fl-14"/>
      </object_component>
      <object_component id="oc-1eb">
         <name>.text.HwiP_dispatch</name>
         <load_address>0x2000ece8</load_address>
         <readonly>true</readonly>
         <executable>true</executable>
         <run_address>0x2000ece8</run_address>
         <size>0x1c</size>
         <alignment>0x4</alignment>
         <input_file_ref idref="fl-1e"/>
      </object_component>
      <object_component id="oc-1aa">
         <name>.text.SwiP_disable</name>
         <load_address>0x2000ed04</load_address>
         <readonly>true</readonly>
         <executable>true</executable>
         <run_address>0x2000ed04</run_address>
         <size>0x1c</size>
         <alignment>0x4</alignment>
         <input_file_ref idref="fl-21"/>
      </object_component>
      <object_component id="oc-1ca">
         <name>.text.free_list_remove</name>
         <load_address>0x2000ed20</load_address>
         <readonly>true</readonly>
         <executable>true</executable>
         <run_address>0x2000ed20</run_address>
         <size>0x1c</size>
         <alignment>0x4</alignment>
         <input_file_ref idref="fl-3b"/>
      </object_component>
      <object_component id="oc-1cf">
         <name>.text.getPowerMgrId</name>
         <load_address>0x2000ed3c</load_address>
         <readonly>true</readonly>
         <executable>true</executable>
         <run_address>0x2000ed3c</run_address>
         <size>0x1c</size>
         <alignment>0x4</alignment>
         <input_file_ref idref="fl-19"/>
      </object_component>
      <object_component id="oc-21">
         <name>.text.resetISR</name>
         <load_address>0x2000ed58</load_address>
         <readonly>true</readonly>
         <executable>true</executable>
         <run_address>0x2000ed58</run_address>
         <size>0x1c</size>
         <alignment>0x2</alignment>
         <input_file_ref idref="fl-20"/>
      </object_component>
      <object_component id="oc-1ec">
         <name>.text.GPIOIntDisable</name>
         <load_address>0x2000ed74</load_address>
         <readonly>true</readonly>
         <executable>true</executable>
         <run_address>0x2000ed74</run_address>
         <size>0x1a</size>
         <alignment>0x2</alignment>
         <input_file_ref idref="fl-23"/>
      </object_component>
      <object_component id="oc-10a">
         <name>.text.PRCMHIBRegRead</name>
         <load_address>0x2000ed8e</load_address>
         <readonly>true</readonly>
         <executable>true</executable>
         <run_address>0x2000ed8e</run_address>
         <size>0x1a</size>
         <alignment>0x2</alignment>
         <input_file_ref idref="fl-27"/>
      </object_component>
      <object_component id="oc-109">
         <name>.text.PRCMHIBRegWrite</name>
         <load_address>0x2000eda8</load_address>
         <readonly>true</readonly>
         <executable>true</executable>
         <run_address>0x2000eda8</run_address>
         <size>0x1a</size>
         <alignment>0x2</alignment>
         <input_file_ref idref="fl-27"/>
      </object_component>
      <object_component id="oc-166">
         <name>.text.PRCMLPDSWakeupSourceDisable</name>
         <load_address>0x2000edc2</load_address>
         <readonly>true</readonly>
         <executable>true</executable>
         <run_address>0x2000edc2</run_address>
         <size>0x1a</size>
         <alignment>0x2</alignment>
         <input_file_ref idref="fl-27"/>
      </object_component>
      <object_component id="oc-1fd">
         <name>.text.PinToPadGet</name>
         <load_address>0x2000eddc</load_address>
         <readonly>true</readonly>
         <executable>true</executable>
         <run_address>0x2000eddc</run_address>
         <size>0x1a</size>
         <alignment>0x2</alignment>
         <input_file_ref idref="fl-26"/>
      </object_component>
      <object_component id="oc-1e4">
         <name>.text.TimerEnable</name>
         <load_address>0x2000edf6</load_address>
         <readonly>true</readonly>
         <executable>true</executable>
         <run_address>0x2000edf6</run_address>
         <size>0x1a</size>
         <alignment>0x2</alignment>
         <input_file_ref idref="fl-2a"/>
      </object_component>
      <object_component id="oc-145">
         <name>.text.GPIOIntEnable</name>
         <load_address>0x2000ee10</load_address>
         <readonly>true</readonly>
         <executable>true</executable>
         <run_address>0x2000ee10</run_address>
         <size>0x18</size>
         <alignment>0x2</alignment>
         <input_file_ref idref="fl-23"/>
      </object_component>
      <object_component id="oc-173">
         <name>.text.SemaphoreP_create</name>
         <load_address>0x2000ee28</load_address>
         <readonly>true</readonly>
         <executable>true</executable>
         <run_address>0x2000ee28</run_address>
         <size>0x18</size>
         <alignment>0x2</alignment>
         <input_file_ref idref="fl-1c"/>
      </object_component>
      <object_component id="oc-a6">
         <name>.text.Board_init</name>
         <load_address>0x2000ee40</load_address>
         <readonly>true</readonly>
         <executable>true</executable>
         <run_address>0x2000ee40</run_address>
         <size>0x16</size>
         <alignment>0x2</alignment>
         <input_file_ref idref="fl-2"/>
      </object_component>
      <object_component id="oc-1c1">
         <name>.text.SysTickPeriodSet</name>
         <load_address>0x2000ee56</load_address>
         <readonly>true</readonly>
         <executable>true</executable>
         <run_address>0x2000ee56</run_address>
         <size>0x16</size>
         <alignment>0x2</alignment>
         <input_file_ref idref="fl-29"/>
      </object_component>
      <object_component id="oc-22b">
         <name>.text.TimerIntDisable</name>
         <load_address>0x2000ee6c</load_address>
         <readonly>true</readonly>
         <executable>true</executable>
         <run_address>0x2000ee6c</run_address>
         <size>0x16</size>
         <alignment>0x2</alignment>
         <input_file_ref idref="fl-2a"/>
      </object_component>
      <object_component id="oc-6c">
         <name>.text.CPUcpsid</name>
         <load_address>0x2000ee82</load_address>
         <readonly>true</readonly>
         <executable>true</executable>
         <run_address>0x2000ee82</run_address>
         <size>0x14</size>
         <alignment>0x2</alignment>
         <input_file_ref idref="fl-22"/>
      </object_component>
      <object_component id="oc-18b">
         <name>.text.CPUcpsie</name>
         <load_address>0x2000ee96</load_address>
         <readonly>true</readonly>
         <executable>true</executable>
         <run_address>0x2000ee96</run_address>
         <size>0x14</size>
         <alignment>0x2</alignment>
         <input_file_ref idref="fl-22"/>
      </object_component>
      <object_component id="oc-210">
         <name>.text.HwiP_destruct</name>
         <load_address>0x2000eeaa</load_address>
         <readonly>true</readonly>
         <executable>true</executable>
         <run_address>0x2000eeaa</run_address>
         <size>0x14</size>
         <alignment>0x2</alignment>
         <input_file_ref idref="fl-1e"/>
      </object_component>
      <object_component id="oc-73">
         <name>.text.IntVTableBaseSet</name>
         <load_address>0x2000eebe</load_address>
         <readonly>true</readonly>
         <executable>true</executable>
         <run_address>0x2000eebe</run_address>
         <size>0x14</size>
         <alignment>0x2</alignment>
         <input_file_ref idref="fl-25"/>
      </object_component>
      <object_component id="oc-54">
         <name>.text.nmiISR</name>
         <load_address>0x2000eed2</load_address>
         <readonly>true</readonly>
         <executable>true</executable>
         <run_address>0x2000eed2</run_address>
         <size>0x2</size>
         <alignment>0x2</alignment>
         <input_file_ref idref="fl-20"/>
      </object_component>
      <object_component id="oc-186">
         <name>.text.Power_disablePolicy</name>
         <load_address>0x2000eed4</load_address>
         <readonly>true</readonly>
         <executable>true</executable>
         <run_address>0x2000eed4</run_address>
         <size>0x14</size>
         <alignment>0x4</alignment>
         <input_file_ref idref="fl-16"/>
      </object_component>
      <object_component id="oc-1b2">
         <name>.text.Power_getTransitionLatency</name>
         <load_address>0x2000eee8</load_address>
         <readonly>true</readonly>
         <executable>true</executable>
         <run_address>0x2000eee8</run_address>
         <size>0x14</size>
         <alignment>0x4</alignment>
         <input_file_ref idref="fl-16"/>
      </object_component>
      <object_component id="oc-1c9">
         <name>.text.Power_idleFunc</name>
         <load_address>0x2000eefc</load_address>
         <readonly>true</readonly>
         <executable>true</executable>
         <run_address>0x2000eefc</run_address>
         <size>0x14</size>
         <alignment>0x4</alignment>
         <input_file_ref idref="fl-16"/>
      </object_component>
      <object_component id="oc-1e2">
         <name>.text.TimerIntEnable</name>
         <load_address>0x2000ef10</load_address>
         <readonly>true</readonly>
         <executable>true</executable>
         <run_address>0x2000ef10</run_address>
         <size>0x14</size>
         <alignment>0x2</alignment>
         <input_file_ref idref="fl-2a"/>
      </object_component>
      <object_component id="oc-1b5">
         <name>.text.__aeabi_uldivmod</name>
         <load_address>0x2000ef24</load_address>
         <readonly>true</readonly>
         <executable>true</executable>
         <run_address>0x2000ef24</run_address>
         <size>0x14</size>
         <alignment>0x4</alignment>
         <input_file_ref idref="fl-ae"/>
      </object_component>
      <object_component id="oc-179">
         <name>.text.ClockP_add</name>
         <load_address>0x2000ef38</load_address>
         <readonly>true</readonly>
         <executable>true</executable>
         <run_address>0x2000ef38</run_address>
         <size>0x12</size>
         <alignment>0x2</alignment>
         <input_file_ref idref="fl-1d"/>
      </object_component>
      <object_component id="oc-1a6">
         <name>.text.GPIOIntClear</name>
         <load_address>0x2000ef4a</load_address>
         <readonly>true</readonly>
         <executable>true</executable>
         <run_address>0x2000ef4a</run_address>
         <size>0x12</size>
         <alignment>0x2</alignment>
         <input_file_ref idref="fl-23"/>
      </object_component>
      <object_component id="oc-14d">
         <name>.text.HwiP_Params_init</name>
         <load_address>0x2000ef5c</load_address>
         <readonly>true</readonly>
         <executable>true</executable>
         <run_address>0x2000ef5c</run_address>
         <size>0x12</size>
         <alignment>0x2</alignment>
         <input_file_ref idref="fl-1e"/>
      </object_component>
      <object_component id="oc-1d4">
         <name>.text.HwiP_delete</name>
         <load_address>0x2000ef6e</load_address>
         <readonly>true</readonly>
         <executable>true</executable>
         <run_address>0x2000ef6e</run_address>
         <size>0x12</size>
         <alignment>0x2</alignment>
         <input_file_ref idref="fl-1e"/>
      </object_component>
      <object_component id="oc-1c2">
         <name>.text.SysTickEnable</name>
         <load_address>0x2000ef80</load_address>
         <readonly>true</readonly>
         <executable>true</executable>
         <run_address>0x2000ef80</run_address>
         <size>0x12</size>
         <alignment>0x2</alignment>
         <input_file_ref idref="fl-29"/>
      </object_component>
      <object_component id="oc-1b9">
         <name>.text.SysTickIntDisable</name>
         <load_address>0x2000ef92</load_address>
         <readonly>true</readonly>
         <executable>true</executable>
         <run_address>0x2000ef92</run_address>
         <size>0x12</size>
         <alignment>0x2</alignment>
         <input_file_ref idref="fl-29"/>
      </object_component>
      <object_component id="oc-1c3">
         <name>.text.SysTickIntEnable</name>
         <load_address>0x2000efa4</load_address>
         <readonly>true</readonly>
         <executable>true</executable>
         <run_address>0x2000efa4</run_address>
         <size>0x12</size>
         <alignment>0x2</alignment>
         <input_file_ref idref="fl-29"/>
      </object_component>
      <object_component id="oc-81">
         <name>.text:TI_memcpy_small</name>
         <load_address>0x2000efb6</load_address>
         <readonly>true</readonly>
         <executable>true</executable>
         <run_address>0x2000efb6</run_address>
         <size>0x12</size>
         <alignment>0x1</alignment>
         <input_file_ref idref="fl-b1"/>
      </object_component>
      <object_component id="oc-43">
         <name>.text:decompress:ZI:__TI_zero_init_nomemset</name>
         <load_address>0x2000efc8</load_address>
         <readonly>true</readonly>
         <executable>true</executable>
         <run_address>0x2000efc8</run_address>
         <size>0x12</size>
         <alignment>0x2</alignment>
         <input_file_ref idref="fl-41"/>
      </object_component>
      <object_component id="oc-191">
         <name>.text.ClockP_getCpuFreq</name>
         <load_address>0x2000efdc</load_address>
         <readonly>true</readonly>
         <executable>true</executable>
         <run_address>0x2000efdc</run_address>
         <size>0x10</size>
         <alignment>0x4</alignment>
         <input_file_ref idref="fl-1d"/>
      </object_component>
      <object_component id="oc-1b3">
         <name>.text.ClockP_getSystemTicks</name>
         <load_address>0x2000efec</load_address>
         <readonly>true</readonly>
         <executable>true</executable>
         <run_address>0x2000efec</run_address>
         <size>0x10</size>
         <alignment>0x4</alignment>
         <input_file_ref idref="fl-1d"/>
      </object_component>
      <object_component id="oc-1c0">
         <name>.text.ClockP_setTicks</name>
         <load_address>0x2000effc</load_address>
         <readonly>true</readonly>
         <executable>true</executable>
         <run_address>0x2000effc</run_address>
         <size>0x10</size>
         <alignment>0x4</alignment>
         <input_file_ref idref="fl-1d"/>
      </object_component>
      <object_component id="oc-185">
         <name>.text.HwiP_inISR</name>
         <load_address>0x2000f00c</load_address>
         <readonly>true</readonly>
         <executable>true</executable>
         <run_address>0x2000f00c</run_address>
         <size>0x10</size>
         <alignment>0x4</alignment>
         <input_file_ref idref="fl-1e"/>
      </object_component>
      <object_component id="oc-17c">
         <name>.text.Power_enablePolicy</name>
         <load_address>0x2000f01c</load_address>
         <readonly>true</readonly>
         <executable>true</executable>
         <run_address>0x2000f01c</run_address>
         <size>0x10</size>
         <alignment>0x4</alignment>
         <input_file_ref idref="fl-16"/>
      </object_component>
      <object_component id="oc-1e1">
         <name>.text.TimerIntClear</name>
         <load_address>0x2000f02c</load_address>
         <readonly>true</readonly>
         <executable>true</executable>
         <run_address>0x2000f02c</run_address>
         <size>0x10</size>
         <alignment>0x2</alignment>
         <input_file_ref idref="fl-2a"/>
      </object_component>
      <object_component id="oc-138">
         <name>.text.Timer_Params_init</name>
         <load_address>0x2000f03c</load_address>
         <readonly>true</readonly>
         <executable>true</executable>
         <run_address>0x2000f03c</run_address>
         <size>0x10</size>
         <alignment>0x4</alignment>
         <input_file_ref idref="fl-18"/>
      </object_component>
      <object_component id="oc-8f">
         <name>.text.main</name>
         <load_address>0x2000f04c</load_address>
         <readonly>true</readonly>
         <executable>true</executable>
         <run_address>0x2000f04c</run_address>
         <size>0x10</size>
         <alignment>0x2</alignment>
         <input_file_ref idref="fl-3"/>
      </object_component>
      <object_component id="oc-1c">
         <name>.text:decompress:none</name>
         <load_address>0x2000f05c</load_address>
         <readonly>true</readonly>
         <executable>true</executable>
         <run_address>0x2000f05c</run_address>
         <size>0xe</size>
         <alignment>0x2</alignment>
         <input_file_ref idref="fl-42"/>
      </object_component>
      <object_component id="oc-20a">
         <name>.text.CPUwfi</name>
         <load_address>0x2000f06a</load_address>
         <readonly>true</readonly>
         <executable>true</executable>
         <run_address>0x2000f06a</run_address>
         <size>0xc</size>
         <alignment>0x2</alignment>
         <input_file_ref idref="fl-22"/>
      </object_component>
      <object_component id="oc-206">
         <name>.text.PRCMLPDSWakeupCauseGet</name>
         <load_address>0x2000f076</load_address>
         <readonly>true</readonly>
         <executable>true</executable>
         <run_address>0x2000f076</run_address>
         <size>0xc</size>
         <alignment>0x2</alignment>
         <input_file_ref idref="fl-27"/>
      </object_component>
      <object_component id="oc-1b0">
         <name>.text.Power_getConstraintMask</name>
         <load_address>0x2000f084</load_address>
         <readonly>true</readonly>
         <executable>true</executable>
         <run_address>0x2000f084</run_address>
         <size>0xc</size>
         <alignment>0x4</alignment>
         <input_file_ref idref="fl-16"/>
      </object_component>
      <object_component id="oc-f5">
         <name>.text.gpioButtonFxn0</name>
         <load_address>0x2000f090</load_address>
         <readonly>true</readonly>
         <executable>true</executable>
         <run_address>0x2000f090</run_address>
         <size>0xc</size>
         <alignment>0x4</alignment>
         <input_file_ref idref="fl-1"/>
      </object_component>
      <object_component id="oc-198">
         <name>.text.postNotifyFxn</name>
         <load_address>0x2000f09c</load_address>
         <readonly>true</readonly>
         <executable>true</executable>
         <run_address>0x2000f09c</run_address>
         <size>0xc</size>
         <alignment>0x2</alignment>
         <input_file_ref idref="fl-19"/>
      </object_component>
      <object_component id="oc-17b">
         <name>.text.ClockP_isActive</name>
         <load_address>0x2000f0a8</load_address>
         <readonly>true</readonly>
         <executable>true</executable>
         <run_address>0x2000f0a8</run_address>
         <size>0xa</size>
         <alignment>0x2</alignment>
         <input_file_ref idref="fl-1d"/>
      </object_component>
      <object_component id="oc-4a">
         <name>.text.IntMasterDisable</name>
         <load_address>0x2000f0b2</load_address>
         <readonly>true</readonly>
         <executable>true</executable>
         <run_address>0x2000f0b2</run_address>
         <size>0xa</size>
         <alignment>0x2</alignment>
         <input_file_ref idref="fl-25"/>
      </object_component>
      <object_component id="oc-12f">
         <name>.text.IntMasterEnable</name>
[...]
         <name>ClockP_getSystemTicks</name>
         <value>0x2000efed</value>
         <object_component_ref idref="oc-1b3"/>
      </symbol>
      <symbol id="sm-1d0">
         <name>ClockP_getTicksUntilInterrupt</name>
         <value>0x2000e8a5</value>
         <object_component_ref idref="oc-1b1"/>
      </symbol>
      <symbol id="sm-1d1">
         <name>ClockP_isActive</name>
         <value>0x2000f0a9</value>
         <object_component_ref idref="oc-17b"/>
      </symbol>
      <symbol id="sm-1d2">
         <name>ClockP_setTicks</name>
         <value>0x2000effd</value>
         <object_component_ref idref="oc-1c0"/>
      </symbol>
      <symbol id="sm-1d3">
         <name>ClockP_tickPeriod</name>
         <value>0x2000f87c</value>
         <object_component_ref idref="oc-1c7"/>
      </symbol>
      <symbol id="sm-1f8">
         <name>HwiP_enable</name>
         <value>0x2000f0ef</value>
         <object_component_ref idref="oc-e5"/>
      </symbol>
      <symbol id="sm-1f9">
         <name>HwiP_disable</name>
         <value>0x2000d429</value>
         <object_component_ref idref="oc-122"/>
      </symbol>
      <symbol id="sm-1fa">
         <name>HwiP_restore</name>
         <value>0x2000f0c7</value>
         <object_component_ref idref="oc-123"/>
      </symbol>
      <symbol id="sm-1fb">
         <name>HwiP_clearInterrupt</name>
         <value>0x2000f0eb</value>
         <object_component_ref idref="oc-1d3"/>
      </symbol>
      <symbol id="sm-1fc">
         <name>HwiP_destruct</name>
         <value>0x2000eeab</value>
         <object_component_ref idref="oc-210"/>
      </symbol>
      <symbol id="sm-1fd">
         <name>HwiP_delete</name>
         <value>0x2000ef6f</value>
         <object_component_ref idref="oc-1d4"/>
      </symbol>
      <symbol id="sm-1fe">
         <name>HwiP_dispatch</name>
         <value>0x2000ece9</value>
         <object_component_ref idref="oc-1eb"/>
      </symbol>
      <symbol id="sm-1ff">
         <name>HwiP_construct</name>
         <value>0x2000d6e9</value>
         <object_component_ref idref="oc-1a3"/>
      </symbol>
      <symbol id="sm-200">
         <name>HwiP_swiPIntNum</name>
         <value>0x2000f864</value>
         <object_component_ref idref="oc-1e9"/>
      </symbol>
      <symbol id="sm-201">
         <name>HwiP_Params_init</name>
         <value>0x2000ef5d</value>
         <object_component_ref idref="oc-14d"/>
      </symbol>
      <symbol id="sm-202">
         <name>HwiP_create</name>
         <value>0x2000e9f3</value>
         <object_component_ref idref="oc-14e"/>
      </symbol>
      <symbol id="sm-203">
         <name>HwiP_post</name>
         <value>0x2000f0f3</value>
         <object_component_ref idref="oc-20b"/>
      </symbol>
      <symbol id="sm-204">
         <name>HwiP_inISR</name>
         <value>0x2000f00d</value>
         <object_component_ref idref="oc-185"/>
      </symbol>
      <symbol id="sm-214">
         <name>PowerCC32XX_initPolicy</name>
         <value>0x2000d4c7</value>
         <object_component_ref idref="oc-16b"/>
      </symbol>
      <symbol id="sm-215">
         <name>PowerCC32XX_sleepPolicy</name>
         <value>0x2000c8dd</value>
         <object_component_ref idref="oc-170"/>
      </symbol>
      <symbol id="sm-232">
         <name>resetISR</name>
         <value>0x2000ed59</value>
         <object_component_ref idref="oc-21"/>
      </symbol>
      <symbol id="sm-233">
         <name>initVectors</name>
         <value>0x2000e871</value>
         <object_component_ref idref="oc-4f"/>
      </symbol>
      <symbol id="sm-248">
         <name>SwiP_disable</name>
         <value>0x2000ed05</value>
         <object_component_ref idref="oc-1aa"/>
      </symbol>
      <symbol id="sm-249">
         <name>SwiP_restore</name>
         <value>0x2000e691</value>
         <object_component_ref idref="oc-1c5"/>
      </symbol>
      <symbol id="sm-260">
         <name>CPUcpsid</name>
         <value>0x2000ee83</value>
         <object_component_ref idref="oc-6c"/>
      </symbol>
      <symbol id="sm-261">
         <name>CPUcpsie</name>
         <value>0x2000ee97</value>
         <object_component_ref idref="oc-18b"/>
      </symbol>
      <symbol id="sm-262">
         <name>CPUwfi</name>
         <value>0x2000f06b</value>
         <object_component_ref idref="oc-20a"/>
      </symbol>
      <symbol id="sm-29b">
         <name>GPIODirModeSet</name>
         <value>0x2000e1cb</value>
         <object_component_ref idref="oc-14f"/>
      </symbol>
      <symbol id="sm-29c">
         <name>GPIOIntClear</name>
         <value>0x2000ef4b</value>
         <object_component_ref idref="oc-1a6"/>
      </symbol>
      <symbol id="sm-29d">
         <name>GPIOIntDisable</name>
         <value>0x2000ed75</value>
         <object_component_ref idref="oc-1ec"/>
      </symbol>
      <symbol id="sm-29e">
         <name>GPIOIntEnable</name>
         <value>0x2000ee11</value>
         <object_component_ref idref="oc-145"/>
      </symbol>
      <symbol id="sm-29f">
         <name>GPIOIntStatus</name>
         <value>0x2000e9c5</value>
         <object_component_ref idref="oc-1a7"/>
      </symbol>
      <symbol id="sm-2a0">
         <name>GPIOIntTypeSet</name>
         <value>0x2000d105</value>
         <object_component_ref idref="oc-1a4"/>
      </symbol>
      <symbol id="sm-2a1">
         <name>GPIOPinWrite</name>
         <value>0x2000ebe9</value>
         <object_component_ref idref="oc-150"/>
      </symbol>
      <symbol id="sm-2f1">
         <name>IntDisable</name>
         <value>0x2000cec5</value>
         <object_component_ref idref="oc-22e"/>
      </symbol>
      <symbol id="sm-2f2">
         <name>IntEnable</name>
         <value>0x2000cf8d</value>
         <object_component_ref idref="oc-1e8"/>
      </symbol>
      <symbol id="sm-2f3">
         <name>IntMasterDisable</name>
         <value>0x2000f0b3</value>
         <object_component_ref idref="oc-4a"/>
      </symbol>
      <symbol id="sm-2f4">
         <name>IntMasterEnable</name>
         <value>0x2000f0bd</value>
         <object_component_ref idref="oc-12f"/>
      </symbol>
      <symbol id="sm-2f5">
         <name>IntPendClear</name>
         <value>0x2000da5b</value>
         <object_component_ref idref="oc-20f"/>
      </symbol>
      <symbol id="sm-2f6">
         <name>IntPendSet</name>
         <value>0x2000d1b1</value>
         <object_component_ref idref="oc-22a"/>
      </symbol>
      <symbol id="sm-2f7">
         <name>IntPrioritySet</name>
         <value>0x2000dced</value>
         <object_component_ref idref="oc-1e7"/>
      </symbol>
      <symbol id="sm-2f8">
         <name>IntRegister</name>
         <value>0x2000ec2d</value>
         <object_component_ref idref="oc-1e6"/>
      </symbol>
      <symbol id="sm-2f9">
         <name>IntUnregister</name>
         <value>0x2000eb11</value>
         <object_component_ref idref="oc-22f"/>
      </symbol>
      <symbol id="sm-2fa">
         <name>IntVTableBaseSet</name>
         <value>0x2000eebf</value>
         <object_component_ref idref="oc-73"/>
      </symbol>
      <symbol id="sm-340">
         <name>PinConfigGet</name>
         <value>0x2000e13d</value>
         <object_component_ref idref="oc-220"/>
      </symbol>
      <symbol id="sm-341">
         <name>PinConfigSet</name>
         <value>0x2000d255</value>
         <object_component_ref idref="oc-14b"/>
      </symbol>
      <symbol id="sm-342">
         <name>PinDirModeGet</name>
         <value>0x2000e7a1</value>
         <object_component_ref idref="oc-221"/>
      </symbol>
      <symbol id="sm-343">
         <name>PinDirModeSet</name>
         <value>0x2000e52d</value>
         <object_component_ref idref="oc-222"/>
      </symbol>
      <symbol id="sm-344">
         <name>PinLock</name>
         <value>0x2000e701</value>
         <object_component_ref idref="oc-1fe"/>
      </symbol>
      <symbol id="sm-345">
         <name>PinLockLevelSet</name>
         <value>0x2000d841</value>
         <object_component_ref idref="oc-1fc"/>
      </symbol>
      <symbol id="sm-346">
         <name>PinModeGet</name>
         <value>0x2000e7d5</value>
         <object_component_ref idref="oc-10e"/>
      </symbol>
      <symbol id="sm-347">
         <name>PinModeSet</name>
         <value>0x2000e365</value>
         <object_component_ref idref="oc-113"/>
      </symbol>
      <symbol id="sm-348">
         <name>PinToPadGet</name>
         <value>0x2000eddd</value>
         <object_component_ref idref="oc-1fd"/>
      </symbol>
      <symbol id="sm-349">
         <name>PinUnlock</name>
         <value>0x2000ec0b</value>
         <object_component_ref idref="oc-204"/>
      </symbol>
      <symbol id="sm-3fb">
         <name>PRCMCC3200MCUInit</name>
         <value>0x2000c041</value>
         <object_component_ref idref="oc-d2"/>
      </symbol>
      <symbol id="sm-3fc">
         <name>PRCMHIBRegRead</name>
         <value>0x2000ed8f</value>
         <object_component_ref idref="oc-10a"/>
      </symbol>
      <symbol id="sm-3fd">
         <name>PRCMHIBRegWrite</name>
         <value>0x2000eda9</value>
         <object_component_ref idref="oc-109"/>
      </symbol>
      <symbol id="sm-3fe">
         <name>PRCMHibernateWakeUpGPIOSelect</name>
         <value>0x2000d75d</value>
         <object_component_ref idref="oc-168"/>
      </symbol>
      <symbol id="sm-3ff">
         <name>PRCMHibernateWakeupSourceDisable</name>
         <value>0x2000db81</value>
         <object_component_ref idref="oc-16a"/>
      </symbol>
      <symbol id="sm-400">
         <name>PRCMHibernateWakeupSourceEnable</name>
         <value>0x2000de95</value>
         <object_component_ref idref="oc-169"/>
      </symbol>
      <symbol id="sm-401">
         <name>PRCMIntEnable</name>
         <value>0x2000e0ad</value>
         <object_component_ref idref="oc-203"/>
      </symbol>
      <symbol id="sm-402">
         <name>PRCMLPDSEnter</name>
         <value>0x2000dd45</value>
         <object_component_ref idref="oc-209"/>
      </symbol>
      <symbol id="sm-403">
         <name>PRCMLPDSEnterKeepDebugIf</name>
         <value>0x2000e185</value>
         <object_component_ref idref="oc-208"/>
      </symbol>
      <symbol id="sm-404">
         <name>PRCMLPDSIntervalSet</name>
         <value>0x2000e8d5</value>
         <object_component_ref idref="oc-1be"/>
      </symbol>
      <symbol id="sm-405">
         <name>PRCMLPDSRestoreInfoSet</name>
         <value>0x2000df81</value>
         <object_component_ref idref="oc-223"/>
      </symbol>
      <symbol id="sm-406">
         <name>PRCMLPDSWakeUpGPIOSelect</name>
         <value>0x2000ea1d</value>
         <object_component_ref idref="oc-167"/>
      </symbol>
      <symbol id="sm-407">
         <name>PRCMLPDSWakeupCauseGet</name>
         <value>0x2000f077</value>
         <object_component_ref idref="oc-206"/>
      </symbol>
      <symbol id="sm-408">
         <name>PRCMLPDSWakeupSourceDisable</name>
         <value>0x2000edc3</value>
         <object_component_ref idref="oc-166"/>
      </symbol>
      <symbol id="sm-409">
         <name>PRCMLPDSWakeupSourceEnable</name>
         <value>0x2000eb59</value>
         <object_component_ref idref="oc-165"/>
      </symbol>
      <symbol id="sm-40a">
         <name>PRCMPeripheralClkDisable</name>
         <value>0x2000ea47</value>
         <object_component_ref idref="oc-10d"/>
      </symbol>
      <symbol id="sm-40b">
         <name>PRCMPeripheralClkEnable</name>
         <value>0x2000dc39</value>
         <object_component_ref idref="oc-10b"/>
      </symbol>
      <symbol id="sm-40c">
         <name>PRCMPeripheralReset</name>
         <value>0x2000d9f1</value>
         <object_component_ref idref="oc-10c"/>
      </symbol>
      <symbol id="sm-40d">
         <name>PRCMPeripheralStatusGet</name>
         <value>0x2000e0f5</value>
         <object_component_ref idref="oc-1a1"/>
      </symbol>
      <symbol id="sm-40e">
         <name>PRCMSRAMRetentionEnable</name>
         <value>0x2000ea99</value>
         <object_component_ref idref="oc-1fa"/>
      </symbol>
      <symbol id="sm-40f">
         <name>PRCMSleepEnter</name>
         <value>0x2000f0cf</value>
         <object_component_ref idref="oc-1c4"/>
      </symbol>
      <symbol id="sm-410">
         <name>PRCMSlowClkCtrFastGet</name>
         <value>0x2000e905</value>
         <object_component_ref idref="oc-1f1"/>
      </symbol>
      <symbol id="sm-411">
         <name>PRCMSysResetCauseGet</name>
         <value>0x2000d559</value>
         <object_component_ref idref="oc-104"/>
      </symbol>
      <symbol id="sm-42f">
         <name>SysTickEnable</name>
         <value>0x2000ef81</value>
         <object_component_ref idref="oc-1c2"/>
      </symbol>
      <symbol id="sm-430">
         <name>SysTickIntDisable</name>
         <value>0x2000ef93</value>
         <object_component_ref idref="oc-1b9"/>
      </symbol>
      <symbol id="sm-431">
         <name>SysTickIntEnable</name>
         <value>0x2000efa5</value>
         <object_component_ref idref="oc-1c3"/>
      </symbol>
      <symbol id="sm-432">
         <name>SysTickPeriodSet</name>
         <value>0x2000ee57</value>
         <object_component_ref idref="oc-1c1"/>
      </symbol>
      <symbol id="sm-471">
         <name>TimerControlStall</name>
         <value>0x2000e3a7</value>
         <object_component_ref idref="oc-1de"/>
      </symbol>
      <symbol id="sm-472">
         <name>TimerDisable</name>
         <value>0x2000ecad</value>
         <object_component_ref idref="oc-1d7"/>
      </symbol>
      <symbol id="sm-473">
         <name>TimerEnable</name>
         <value>0x2000edf7</value>
         <object_component_ref idref="oc-1e4"/>
      </symbol>
      <symbol id="sm-474">
         <name>TimerIntClear</name>
         <value>0x2000f02d</value>
         <object_component_ref idref="oc-1e1"/>
      </symbol>
      <symbol id="sm-475">
         <name>TimerIntDisable</name>
         <value>0x2000ee6d</value>
         <object_component_ref idref="oc-22b"/>
      </symbol>
      <symbol id="sm-476">
         <name>TimerIntEnable</name>
         <value>0x2000ef11</value>
         <object_component_ref idref="oc-1e2"/>
      </symbol>
      <symbol id="sm-477">
         <name>TimerLoadSet</name>
         <value>0x2000e935</value>
         <object_component_ref idref="oc-1dd"/>
      </symbol>
      <symbol id="sm-478">
         <name>TimerPrescaleSet</name>
         <value>0x2000e965</value>
         <object_component_ref idref="oc-1dc"/>
      </symbol>
      <symbol id="sm-483">
         <name>UtilsDelay</name>
         <value>0x2000f0d7</value>
         <object_component_ref idref="oc-105"/>
      </symbol>
      <symbol id="sm-4b0">
         <name>FlashDisable</name>
         <value>0x2000db25</value>
         <object_component_ref idref="oc-225"/>
      </symbol>
      <symbol id="sm-4d0">
         <name>malloc</name>
         <value>0x2000f0df</value>
         <object_component_ref idref="oc-1a2"/>
      </symbol>
      <symbol id="sm-4d1">
         <name>aligned_alloc</name>
         <value>0x2000ccb5</value>
         <object_component_ref idref="oc-1e5"/>
      </symbol>
      <symbol id="sm-4d2">
         <name>free</name>
         <value>0x2000cdd5</value>
         <object_component_ref idref="oc-177"/>
      </symbol>
      <symbol id="sm-4d3">
         <name>_sys_memory</name>
         <value>0x20004040</value>
         <object_component_ref idref="oc-31"/>
      </symbol>
      <symbol id="sm-4d4">
         <name>memalign</name>
         <value>0x2000ccb5</value>
         <object_component_ref idref="oc-1e5"/>
      </symbol>
      <symbol id="sm-4df">
         <name>_c_int00_noargs</name>
         <value>0x2000ebc5</value>
         <object_component_ref idref="oc-76"/>
      </symbol>
      <symbol id="sm-4e0">
         <name>__stack</name>
         <value>0x20003000</value>
         <object_component_ref idref="oc-16"/>
      </symbol>
      <symbol id="sm-4ec">
         <name>__TI_auto_init_nobinit_nopinit</name>
         <value>0x2000e6c9</value>
         <object_component_ref idref="oc-bf"/>
      </symbol>
      <symbol id="sm-4f4">
         <name>_system_pre_init</name>
         <value>0x2000f109</value>
         <object_component_ref idref="oc-8b"/>
      </symbol>
      <symbol id="sm-4ff">
         <name>__TI_zero_init_nomemset</name>
         <value>0x2000efc9</value>
         <object_component_ref idref="oc-43"/>
      </symbol>
      <symbol id="sm-508">
         <name>__TI_decompress_none</name>
         <value>0x2000f05d</value>
         <object_component_ref idref="oc-1c"/>
      </symbol>
      <symbol id="sm-512">
         <name>__TI_decompress_lzss</name>
         <value>0x2000d7d1</value>
         <object_component_ref idref="oc-18"/>
      </symbol>
      <symbol id="sm-51c">
         <name>abort</name>
         <value>0x2000f10d</value>
         <object_component_ref idref="oc-b8"/>
      </symbol>
      <symbol id="sm-51d">
         <name>C$$EXIT</name>
         <value>0x2000f10c</value>
         <object_component_ref idref="oc-b8"/>
      </symbol>
      <symbol id="sm-526">
         <name>_nop</name>
         <value>0x2000dd9b</value>
         <object_component_ref idref="oc-156"/>
      </symbol>
      <symbol id="sm-527">
         <name>_lock</name>
         <value>0x2000f880</value>
         <object_component_ref idref="oc-fa"/>
      </symbol>
      <symbol id="sm-528">
         <name>_unlock</name>
         <value>0x2000f884</value>
         <object_component_ref idref="oc-fd"/>
      </symbol>
      <symbol id="sm-52f">
         <name>__aeabi_memcpy</name>
         <value>0x2000f105</value>
         <object_component_ref idref="oc-3c"/>
      </symbol>
      <symbol id="sm-530">
         <name>__aeabi_memcpy4</name>
         <value>0x2000f105</value>
         <object_component_ref idref="oc-3c"/>
      </symbol>
      <symbol id="sm-531">
         <name>__aeabi_memcpy8</name>
         <value>0x2000f105</value>
         <object_component_ref idref="oc-3c"/>
      </symbol>
      <symbol id="sm-537">
         <name>__aeabi_uldivmod</name>
         <value>0x2000ef25</value>
         <object_component_ref idref="oc-1b5"/>
      </symbol>
      <symbol id="sm-53d">
         <name>__udivmoddi4</name>
         <value>0x2000d055</value>
         <object_component_ref idref="oc-1f2"/>
      </symbol>
      <symbol id="sm-547">
         <name>__aeabi_ldiv0</name>
         <value>0x2000dc93</value>
         <object_component_ref idref="oc-219"/>
      </symbol>
      <symbol id="sm-54f">
         <name>TI_memcpy_small</name>
         <value>0x2000efb7</value>
         <object_component_ref idref="oc-81"/>
      </symbol>
      <symbol id="sm-550">
         <name>__TI_static_base__</name>
         <value>0x2000ff14</value>
      </symbol>
      <symbol id="sm-553">
         <name>ITM_flush</name>
         <value>0x0</value>
      </symbol>
      <symbol id="sm-554">
         <name>ITM_restore</name>
         <value>0x0</value>
      </symbol>
      <symbol id="sm-555">
         <name>__mpu_init</name>
         <value>0x0</value>
      </symbol>
      <symbol id="sm-556">
         <name>_system_post_cinit</name>
         <value>0x0</value>
      </symbol>
   </symbol_table>
   <title>Link successful</title>
</link_info>
