******************************************************************************
            TI ARM Clang Linker PC v3.2.2                      
******************************************************************************
>> Linked Sat Oct  5 14:11:13 2024

OUTPUT FILE NAME:   <gpiointerrupt_CC3220S_LAUNCHXL_nortos_ticlang.out>
ENTRY POINT SYMBOL: "resetISR"  address: 2000ed59


MEMORY CONFIGURATION

         name            origin    length      used     unused   attr    fill
----------------------  --------  ---------  --------  --------  ----  --------
  SRAM2                 20000000   00004000  0000130c  00002cf4  RW X
  SRAM                  20004000   0003c000  0000c03d  0002ffc3  RW X
  LOG_DATA              90000000   00040000  00000000  00040000  R   
  LOG_PTR               94000008   00040000  00000000  00040000  R   


SEGMENT ALLOCATION MAP

run origin  load origin   length   init length attrs members
----------  ----------- ---------- ----------- ----- -------
20003000    20003000    00001000   00000000    rw-
  20003000    20003000    00001000   00000000    rw- .stack
20004000    20004000    00000040   00000040    r--
  20004000    20004000    00000040   00000040    r-- .resetVecs
20004040    20004040    00008000   00000000    rw-
  20004040    20004040    00008000   00000000    rw- .sysmem
2000c040    2000c040    000030d0   000030d0    r-x
  2000c040    2000c040    000030d0   000030d0    r-x .text
2000f110    2000f110    0000077d   00000000    rw-
  2000f110    2000f110    0000077d   00000000    rw- .data
2000f890    2000f890    000003ac   000003ac    r--
  2000f890    2000f890    000003ac   000003ac    r-- .rodata
2000fc40    2000fc40    000002d4   00000000    rw-
  2000fc40    2000fc40    000002d4   00000000    rw- .bss
2000ff14    2000ff14    00000130   00000130    r--
  2000ff14    2000ff14    00000130   00000130    r-- .cinit


SECTION ALLOCATION MAP

 output                                  attributes/
section   page    origin      length       input sections
--------  ----  ----------  ----------   ----------------
.text      0    2000c040    000030d0     
                  2000c040    000004b8     driverlib.a : prcm.obj (.text.PRCMCC3200MCUInit)
                  2000c4f8    000003e4     drivers_cc32xx.a : PowerCC32XX.c.obj (.text.Power_sleep)
                  2000c8dc    00000150     nortos_cc32xx.a : PowerCC32XX_nortos.c.obj (.text.PowerCC32XX_sleepPolicy)
                  2000ca2c    00000148     drivers_cc32xx.a : TimerCC32XX.c.obj (.text.Timer_open)
                  2000cb74    00000140                      : GPIOCC32XX.c.obj (.text.GPIO_setConfig)
                  2000ccb4    00000120     libc.a : memory.c.obj (.text.aligned_alloc)
                  2000cdd4    000000f0            : memory.c.obj (.text.free)
                  2000cec4    000000c8     driverlib.a : interrupt.obj (.text.IntDisable)
                  2000cf8c    000000c8                 : interrupt.obj (.text.IntEnable)
                  2000d054    000000b0     libclang_rt.builtins.a : udivmoddi4.S.obj (.text)
                  2000d104    000000ac     driverlib.a : gpio.obj (.text.GPIOIntTypeSet)
                  2000d1b0    000000a4                 : interrupt.obj (.text.IntPendSet)
                  2000d254    000000a2                 : pin.obj (.text.PinConfigSet)
                  2000d2f6    00000002     ti_drivers_config.o (.text.Board_initHook)
                  2000d2f8    00000098     nortos_cc32xx.a : SemaphoreP_nortos.c.obj (.text.SemaphoreP_pend)
                  2000d390    00000098     gpiointerrupt.o (.text.timerCallback)
                  2000d428    00000008     nortos_cc32xx.a : HwiPCC32XX_nortos.c.obj (.text.HwiP_disable)
                  2000d430    00000096     drivers_cc32xx.a : PowerCC32XX_ticlang.asm.obj (.text)
                  2000d4c6    00000002     nortos_cc32xx.a : PowerCC32XX_nortos.c.obj (.text.PowerCC32XX_initPolicy)
                  2000d4c8    00000090     drivers_cc32xx.a : GPIOCC32XX.c.obj (.text.GPIO_init)
                  2000d558    0000008e     driverlib.a : prcm.obj (.text.PRCMSysResetCauseGet)
                  2000d5e6    00000002     nortos_cc32xx.a : SemaphoreP_nortos.c.obj (.text.SemaphoreP_destruct)
                  2000d5e8    00000088     drivers_cc32xx.a : PowerCC32XX.c.obj (.text.PowerCC32XX_configureWakeup)
                  2000d670    00000078                      : PowerCC32XX.c.obj (.text.Power_init)
                  2000d6e8    00000074     nortos_cc32xx.a : HwiPCC32XX_nortos.c.obj (.text.HwiP_construct)
                  2000d75c    00000074     driverlib.a : prcm.obj (.text.PRCMHibernateWakeUpGPIOSelect)
                  2000d7d0    00000070     libc.a : copy_decompress_lzss.c.obj (.text:decompress:lzss)
                  2000d840    0000006c     driverlib.a : pin.obj (.text.PinLockLevelSet)
                  2000d8ac    0000006c     drivers_cc32xx.a : PowerCC32XX.c.obj (.text.Power_setDependency)
                  2000d918    0000006c                      : GPIOCC32XX.c.obj (.text.powerNotifyFxn)
                  2000d984    0000006c     libc.a : memory.c.obj (.text.split)
                  2000d9f0    0000006a     driverlib.a : prcm.obj (.text.PRCMPeripheralReset)
                  2000da5a    00000068                 : interrupt.obj (.text.IntPendClear)
                  2000dac2    00000002     drivers_cc32xx.a : Timer.c.obj (.text.Timer_init)
                  2000dac4    00000060                      : GPIOCC32XX.c.obj (.text.GPIO_write)
                  2000db24    0000005c     driverlib.a : flash.obj (.text.FlashDisable)
                  2000db80    0000005c                 : prcm.obj (.text.PRCMHibernateWakeupSourceDisable)
                  2000dbdc    0000005c     drivers_cc32xx.a : TimerCC32XX.c.obj (.text.TimerCC32XX_allocateTimerResource)
                  2000dc38    0000005a     driverlib.a : prcm.obj (.text.PRCMPeripheralClkEnable)
                  2000dc92    00000002     libclang_rt.builtins.a : aeabi_div0.c.obj (.text.__aeabi_ldiv0)
                  2000dc94    00000058     nortos_cc32xx.a : ClockPSysTick_nortos.c.obj (.text.ClockP_startup)
                  2000dcec    00000058     driverlib.a : interrupt.obj (.text.IntPrioritySet)
                  2000dd44    00000056                 : prcm.obj (.text.PRCMLPDSEnter)
                  2000dd9a    00000002     libc.a : _lock.c.obj (.text._nop)
                  2000dd9c    00000054     drivers_cc32xx.a : PowerCC32XX.c.obj (.text.PowerCC32XX_setParkState)
                  2000ddf0    00000054                      : PowerCC32XX.c.obj (.text.Power_releaseDependency)
                  2000de44    00000050                      : GPIOCC32XX.c.obj (.text.GPIO_hwiIntFxn)
                  2000de94    00000050     driverlib.a : prcm.obj (.text.PRCMHibernateWakeupSourceEnable)
                  2000dee4    00000050     nortos_cc32xx.a : SemaphoreP_nortos.c.obj (.text.SemaphoreP_construct)
                  2000df34    0000004c     drivers_cc32xx.a : GPIOCC32XX.c.obj (.text.GPIO_setInterruptConfig)
                  2000df80    0000004c     driverlib.a : prcm.obj (.text.PRCMLPDSRestoreInfoSet)
                  2000dfcc    0000004c     drivers_cc32xx.a : TimerCC32XX.c.obj (.text.initHw)
                  2000e018    0000004a                      : TimerCC32XX.c.obj (.text.getPrescaler)
                  2000e062    00000002     nortos_cc32xx.a : startup_cc32xx_ticlang.c.obj (.text.busFaultHandler)
                  2000e064    00000048                     : ClockPSysTick_nortos.c.obj (.text.ClockP_sysTickHandler)
                  2000e0ac    00000048     driverlib.a : prcm.obj (.text.PRCMIntEnable)
                  2000e0f4    00000048                 : prcm.obj (.text.PRCMPeripheralStatusGet)
                  2000e13c    00000048                 : pin.obj (.text.PinConfigGet)
                  2000e184    00000046                 : prcm.obj (.text.PRCMLPDSEnterKeepDebugIf)
                  2000e1ca    00000044                 : gpio.obj (.text.GPIODirModeSet)
                  2000e20e    00000002     nortos_cc32xx.a : SemaphoreP_nortos.c.obj (.text.clkFxn)
                  2000e210    00000044     drivers_cc32xx.a : GPIOCC32XX.c.obj (.text.GPIO_disableInt)
                  2000e254    00000044                      : GPIOCC32XX.c.obj (.text.GPIO_enableInt)
                  2000e298    00000044                      : PowerCC32XX.c.obj (.text.Power_releaseConstraint)
                  2000e2dc    00000044                      : Timer.c.obj (.text.Timer_start)
                  2000e320    00000044     nortos_cc32xx.a : ClockPSysTick_nortos.c.obj (.text.addToList)
                  2000e364    00000042     driverlib.a : pin.obj (.text.PinModeSet)
                  2000e3a6    00000042                 : timer.obj (.text.TimerControlStall)
                  2000e3e8    00000042     drivers_cc32xx.a : TimerCC32XX.c.obj (.text.Timer_close)
                  2000e42a    00000042     nortos_cc32xx.a : PowerCC32XX_nortos.c.obj (.text.getCountsRTC)
                  2000e46c    00000040                     : SemaphoreP_nortos.c.obj (.text.SemaphoreP_post)
                  2000e4ac    00000040     drivers_cc32xx.a : Timer.c.obj (.text.Timer_stop)
                  2000e4ec    00000040     gpiointerrupt.o (.text.mainThread)
                  2000e52c    0000003e     driverlib.a : pin.obj (.text.PinDirModeSet)
                  2000e56a    00000002     nortos_cc32xx.a : startup_cc32xx_ticlang.c.obj (.text.defaultHandler)
                  2000e56c    0000003c                     : ClockPSysTick_nortos.c.obj (.text.ClockP_stop)
                  2000e5a8    0000003c     gpiointerrupt.o (.text.initTimer)
                  2000e5e4    0000003a     drivers_cc32xx.a : TimerCC32XX.c.obj (.text.TimerSupport_timerEnable)
                  2000e61e    00000002     nortos_cc32xx.a : startup_cc32xx_ticlang.c.obj (.text.faultISR)
                  2000e620    00000038                     : ClockPSysTick_nortos.c.obj (.text.ClockP_destruct)
                  2000e658    00000038     drivers_cc32xx.a : PowerCC32XX.c.obj (.text.Power_setConstraint)
                  2000e690    00000038     nortos_cc32xx.a : SwiP_nortos.c.obj (.text.SwiP_restore)
                  2000e6c8    00000038     libc.a : autoinit.c.obj (.text:__TI_auto_init_nobinit_nopinit)
                  2000e700    00000036     driverlib.a : pin.obj (.text.PinLock)
                  2000e736    00000036     drivers_cc32xx.a : TimerCC32XX.c.obj (.text.TimerCC32XX_hwiIntFunction)
                  2000e76c    00000034     nortos_cc32xx.a : ClockPSysTick_nortos.c.obj (.text.ClockP_start)
                  2000e7a0    00000034     driverlib.a : pin.obj (.text.PinDirModeGet)
                  2000e7d4    00000034                 : pin.obj (.text.PinModeGet)
                  2000e808    00000034     drivers_cc32xx.a : PowerCC32XX.c.obj (.text.PowerCC32XX_parkPin)
                  2000e83c    00000034                      : TimerCC32XX.c.obj (.text.TimerCC32XX_freeTimerResource)
                  2000e870    00000034     nortos_cc32xx.a : startup_cc32xx_ticlang.c.obj (.text.initVectors)
                  2000e8a4    00000030                     : ClockPSysTick_nortos.c.obj (.text.ClockP_getTicksUntilInterrupt)
                  2000e8d4    00000030     driverlib.a : prcm.obj (.text.PRCMLPDSIntervalSet)
                  2000e904    00000030                 : prcm.obj (.text.PRCMSlowClkCtrFastGet)
                  2000e934    00000030                 : timer.obj (.text.TimerLoadSet)
                  2000e964    00000030                 : timer.obj (.text.TimerPrescaleSet)
                  2000e994    00000030     drivers_cc32xx.a : PowerCC32XX.c.obj (.text.notify)
                  2000e9c4    0000002e     driverlib.a : gpio.obj (.text.GPIOIntStatus)
                  2000e9f2    0000002a     nortos_cc32xx.a : HwiPCC32XX_nortos.c.obj (.text.HwiP_create)
                  2000ea1c    0000002a     driverlib.a : prcm.obj (.text.PRCMLPDSWakeUpGPIOSelect)
                  2000ea46    0000002a                 : prcm.obj (.text.PRCMPeripheralClkDisable)
                  2000ea70    00000028     drivers_cc32xx.a : List.c.obj (.text.List_remove)
                  2000ea98    00000028     driverlib.a : prcm.obj (.text.PRCMSRAMRetentionEnable)
                  2000eac0    00000028     drivers_cc32xx.a : TimerCC32XX.c.obj (.text.TimerSupport_timerDisable)
                  2000eae8    00000028     libc.a : memory.c.obj (.text.free_list_insert)
                  2000eb10    00000024     driverlib.a : interrupt.obj (.text.IntUnregister)
                  2000eb34    00000024     drivers_cc32xx.a : List.c.obj (.text.List_put)
                  2000eb58    00000024     driverlib.a : prcm.obj (.text.PRCMLPDSWakeupSourceEnable)
                  2000eb7c    00000024     drivers_cc32xx.a : PowerCC32XX.c.obj (.text.PowerCC32XX_restoreParkedPin)
                  2000eba0    00000024                      : PowerCC32XX.c.obj (.text.Power_registerNotify)
                  2000ebc4    00000024     libc.a : boot_cortex_m.c.obj (.text:_c_int00_noargs)
                  2000ebe8    00000022     driverlib.a : gpio.obj (.text.GPIOPinWrite)
                  2000ec0a    00000022                 : pin.obj (.text.PinUnlock)
                  2000ec2c    00000020                 : interrupt.obj (.text.IntRegister)
                  2000ec4c    00000020     drivers_cc32xx.a : PowerCC32XX.c.obj (.text.Power_unregisterNotify)
                  2000ec6c    00000020     nortos_cc32xx.a : SemaphoreP_nortos.c.obj (.text.SemaphoreP_constructBinary)
                  2000ec8c    00000020                     : SemaphoreP_nortos.c.obj (.text.SemaphoreP_createBinary)
                  2000ecac    00000020     driverlib.a : timer.obj (.text.TimerDisable)
                  2000eccc    0000001c     drivers_cc32xx.a : GPIO.c.obj (.text.GPIO_setCallback)
                  2000ece8    0000001c     nortos_cc32xx.a : HwiPCC32XX_nortos.c.obj (.text.HwiP_dispatch)
                  2000ed04    0000001c                     : SwiP_nortos.c.obj (.text.SwiP_disable)
                  2000ed20    0000001c     libc.a : memory.c.obj (.text.free_list_remove)
                  2000ed3c    0000001c     drivers_cc32xx.a : TimerCC32XX.c.obj (.text.getPowerMgrId)
                  2000ed58    0000001c     nortos_cc32xx.a : startup_cc32xx_ticlang.c.obj (.text.resetISR)
                  2000ed74    0000001a     driverlib.a : gpio.obj (.text.GPIOIntDisable)
                  2000ed8e    0000001a                 : prcm.obj (.text.PRCMHIBRegRead)
                  2000eda8    0000001a                 : prcm.obj (.text.PRCMHIBRegWrite)
                  2000edc2    0000001a                 : prcm.obj (.text.PRCMLPDSWakeupSourceDisable)
                  2000eddc    0000001a                 : pin.obj (.text.PinToPadGet)
                  2000edf6    0000001a                 : timer.obj (.text.TimerEnable)
                  2000ee10    00000018                 : gpio.obj (.text.GPIOIntEnable)
                  2000ee28    00000018     nortos_cc32xx.a : SemaphoreP_nortos.c.obj (.text.SemaphoreP_create)
                  2000ee40    00000016     ti_drivers_config.o (.text.Board_init)
                  2000ee56    00000016     driverlib.a : systick.obj (.text.SysTickPeriodSet)
                  2000ee6c    00000016                 : timer.obj (.text.TimerIntDisable)
                  2000ee82    00000014                 : cpu.obj (.text.CPUcpsid)
                  2000ee96    00000014                 : cpu.obj (.text.CPUcpsie)
                  2000eeaa    00000014     nortos_cc32xx.a : HwiPCC32XX_nortos.c.obj (.text.HwiP_destruct)
                  2000eebe    00000014     driverlib.a : interrupt.obj (.text.IntVTableBaseSet)
                  2000eed2    00000002     nortos_cc32xx.a : startup_cc32xx_ticlang.c.obj (.text.nmiISR)
                  2000eed4    00000014     drivers_cc32xx.a : PowerCC32XX.c.obj (.text.Power_disablePolicy)
                  2000eee8    00000014                      : PowerCC32XX.c.obj (.text.Power_getTransitionLatency)
                  2000eefc    00000014                      : PowerCC32XX.c.obj (.text.Power_idleFunc)
                  2000ef10    00000014     driverlib.a : timer.obj (.text.TimerIntEnable)
                  2000ef24    00000014     libclang_rt.builtins.a : aeabi_uldivmod.S.obj (.text.__aeabi_uldivmod)
                  2000ef38    00000012     nortos_cc32xx.a : ClockPSysTick_nortos.c.obj (.text.ClockP_add)
                  2000ef4a    00000012     driverlib.a : gpio.obj (.text.GPIOIntClear)
                  2000ef5c    00000012     nortos_cc32xx.a : HwiPCC32XX_nortos.c.obj (.text.HwiP_Params_init)
                  2000ef6e    00000012                     : HwiPCC32XX_nortos.c.obj (.text.HwiP_delete)
                  2000ef80    00000012     driverlib.a : systick.obj (.text.SysTickEnable)
                  2000ef92    00000012                 : systick.obj (.text.SysTickIntDisable)
                  2000efa4    00000012                 : systick.obj (.text.SysTickIntEnable)
                  2000efb6    00000012     libc.a : memcpy_t2.S.obj (.text:TI_memcpy_small)
                  2000efc8    00000012            : copy_zero_init.c.obj (.text:decompress:ZI:__TI_zero_init_nomemset)
                  2000efda    00000002     --HOLE-- [fill = 0]
                  2000efdc    00000010     nortos_cc32xx.a : ClockPSysTick_nortos.c.obj (.text.ClockP_getCpuFreq)
                  2000efec    00000010                     : ClockPSysTick_nortos.c.obj (.text.ClockP_getSystemTicks)
                  2000effc    00000010                     : ClockPSysTick_nortos.c.obj (.text.ClockP_setTicks)
                  2000f00c    00000010                     : HwiPCC32XX_nortos.c.obj (.text.HwiP_inISR)
                  2000f01c    00000010     drivers_cc32xx.a : PowerCC32XX.c.obj (.text.Power_enablePolicy)
                  2000f02c    00000010     driverlib.a : timer.obj (.text.TimerIntClear)
                  2000f03c    00000010     drivers_cc32xx.a : Timer.c.obj (.text.Timer_Params_init)
                  2000f04c    00000010     main_nortos.o (.text.main)
                  2000f05c    0000000e     libc.a : copy_decompress_none.c.obj (.text:decompress:none)
                  2000f06a    0000000c     driverlib.a : cpu.obj (.text.CPUwfi)
                  2000f076    0000000c                 : prcm.obj (.text.PRCMLPDSWakeupCauseGet)
                  2000f082    00000002     --HOLE-- [fill = 0]
                  2000f084    0000000c     drivers_cc32xx.a : PowerCC32XX.c.obj (.text.Power_getConstraintMask)
                  2000f090    0000000c     gpiointerrupt.o (.text.gpioButtonFxn0)
                  2000f09c    0000000c     drivers_cc32xx.a : TimerCC32XX.c.obj (.text.postNotifyFxn)
                  2000f0a8    0000000a     nortos_cc32xx.a : ClockPSysTick_nortos.c.obj (.text.ClockP_isActive)
                  2000f0b2    0000000a     driverlib.a : interrupt.obj (.text.IntMasterDisable)
                  2000f0bc    0000000a                 : interrupt.obj (.text.IntMasterEnable)
                  2000f0c6    00000008     nortos_cc32xx.a : HwiPCC32XX_nortos.c.obj (.text.HwiP_restore)
                  2000f0ce    00000008     driverlib.a : prcm.obj (.text.PRCMSleepEnter)
                  2000f0d6    00000008                 : utils.obj (.text.UtilsDelay)
                  2000f0de    00000008     libc.a : memory.c.obj (.text.malloc)
                  2000f0e6    00000004     nortos_cc32xx.a : ClockPSysTick_nortos.c.obj (.text.ClockP_doTick)
                  2000f0ea    00000004                     : HwiPCC32XX_nortos.c.obj (.text.HwiP_clearInterrupt)
                  2000f0ee    00000004                     : HwiPCC32XX_nortos.c.obj (.text.HwiP_enable)
                  2000f0f2    00000004                     : HwiPCC32XX_nortos.c.obj (.text.HwiP_post)
                  2000f0f6    00000004     driverlib.a : interrupt.obj (.text.IntDefaultHandler)
                  2000f0fa    00000004     nortos_cc32xx.a : NoRTOS.c.obj (.text.NoRTOS_start)
                  2000f0fe    00000004                     : SemaphoreP_nortos.c.obj (.text.SemaphoreP_delete)
                  2000f102    00000002     --HOLE-- [fill = 0]
                  2000f104    00000004     libclang_rt.builtins.a : aeabi_memcpy.S.obj (.text.__aeabi_memcpy)
                  2000f108    00000004     libc.a : pre_init.c.obj (.text._system_pre_init)
                  2000f10c    00000004            : exit.c.obj (.text:abort)

.ramVecs   0    20000000    0000030c     NOLOAD SECTION
                  20000000    0000030c     nortos_cc32xx.a : startup_cc32xx_ticlang.c.obj (.ramVecs)

.stack     0    20003000    00001000     UNINITIALIZED
                  20003000    00000004     libc.a : boot_cortex_m.c.obj (.stack)
                  20003004    00000ffc     --HOLE--

.resetVecs 
*          0    20004000    00000040     
                  20004000    00000040     nortos_cc32xx.a : startup_cc32xx_ticlang.c.obj (.resetVecs)

.sysmem    0    20004040    00008000     UNINITIALIZED
                  20004040    00000010     libc.a : memory.c.obj (.sysmem)
                  20004050    00007ff0     --HOLE--

.rodata    0    2000f890    000003ac     
                  2000f890    00000100     driverlib.a : pin.obj (.rodata.g_ulPinToPadMap)
                  2000f990    000000d4                 : interrupt.obj (.rodata.g_pulRegs)
                  2000fa64    000000a8                 : prcm.obj (.rodata.PRCM_PeriphRegsList)
                  2000fb0c    00000044     ti_drivers_config.o (.rodata.PowerCC32XX_config)
                  2000fb50    00000028     drivers_cc32xx.a : GPIOCC32XX.c.obj (.rodata.portConfigs)
                  2000fb78    00000021                      : GPIOCC32XX.c.obj (.rodata.pinTable)
                  2000fb99    00000001     ti_drivers_config.o (.rodata.GPIO_pinUpperBound)
                  2000fb9a    00000001     ti_drivers_config.o (.rodata.Timer_count)
                  2000fb9b    00000001     --HOLE-- [fill = 0]
                  2000fb9c    00000018     driverlib.a : interrupt.obj (.rodata.g_pulDisRegs)
                  2000fbb4    00000018                 : interrupt.obj (.rodata.g_pulEnRegs)
                  2000fbcc    00000018                 : interrupt.obj (.rodata.g_pulPendRegs)
                  2000fbe4    00000018                 : interrupt.obj (.rodata.g_pulUnpendRegs)
                  2000fbfc    00000010     ti_drivers_config.o (.rodata.GPIO_config)
                  2000fc0c    00000010     ti_drivers_config.o (.rodata.timerCC32XXHWAttrs)
                  2000fc1c    0000000c     drivers_cc32xx.a : Timer.c.obj (.rodata.defaultParams)
                  2000fc28    0000000c                      : TimerCC32XX.c.obj (.rodata.defaultParams)
                  2000fc34    00000008     ti_drivers_config.o (.rodata.Timer_config)

.cinit     0    2000ff14    00000130     
                  2000ff14    0000010b     (.cinit..data.load) [load image, compression = lzss]
                  2001001f    00000001     --HOLE-- [fill = 0]
                  20010020    0000000c     (__TI_handler_table)
                  2001002c    00000008     (.cinit..bss.load) [load image, compression = zero_init]
                  20010034    00000010     (__TI_cinit_table)

.init_array 
*          0    20004000    00000000     UNINITIALIZED

.data      0    2000f110    0000077d     UNINITIALIZED
                  2000f110    0000030c     nortos_cc32xx.a : HwiPCC32XX_nortos.c.obj (.data.HwiP_dispatchTable)
                  2000f41c    0000016c     drivers_cc32xx.a : PowerCC32XX.c.obj (.data.PowerCC32XX_module)
                  2000f588    000000f8     ti_drivers_config.o (.data.parkInfo)
                  2000f680    00000090     gpiointerrupt.o (.data.sosPattern)
                  2000f710    00000084     ti_drivers_config.o (.data.gpioPinConfigs)
                  2000f794    0000006c     gpiointerrupt.o (.data..L_MergedGlobals)
                  2000f800    0000004c     nortos_cc32xx.a : SwiP_nortos.c.obj (.data..L_MergedGlobals)
                  2000f84c    00000018     drivers_cc32xx.a : GPIOCC32XX.c.obj (.data..L_MergedGlobals)
                  2000f864    00000004     nortos_cc32xx.a : HwiPCC32XX_nortos.c.obj (.data.HwiP_swiPIntNum)
                  2000f868    00000010                     : SemaphoreP_nortos.c.obj (.data..L_MergedGlobals)
                  2000f878    00000008                     : ClockPSysTick_nortos.c.obj (.data..L_MergedGlobals)
                  2000f880    00000004     libc.a : _lock.c.obj (.data._lock)
                  2000f884    00000004            : _lock.c.obj (.data._unlock)
                  2000f888    00000001     drivers_cc32xx.a : GPIOCC32XX.c.obj (.data.initCalled)
                  2000f889    00000001                      : GPIOCC32XX.c.obj (.data.portHwiCreatedBitMask)
                  2000f88a    00000002     --HOLE--
                  2000f88c    00000001     libc.a : memory.c.obj (.data.memory_is_initialized)

.bss       0    2000fc40    000002d4     UNINITIALIZED
                  2000fc40    0000012c     (.common:PowerCC32XX_contextSave)
                  2000fd6c    00000084     (.common:gpioCallbackFunctions)
                  2000fdf0    00000084     (.common:gpioUserArgs)
                  2000fe74    00000084     (.common:timerCC32XXObjects)
                  2000fef8    00000010     (.common:ClockP_ctrl)
                  2000ff08    00000004     nortos_cc32xx.a : ClockPSysTick_nortos.c.obj (.bss.sysTickPeriod)
                  2000ff0c    00000004     libc.a : memory.c.obj (.bss.sys_free)
                  2000ff10    00000004     drivers_cc32xx.a : TimerCC32XX.c.obj (.bss.timerState.0)

.log_data 
*          0    90000000    00000000     COPY SECTION

.log_ptr   0    94000008    00000000     COPY SECTION

__llvm_prf_cnts 
*          0    20004000    00000000     UNINITIALIZED

__llvm_prf_bits 
*          0    20004000    00000000     UNINITIALIZED

MODULE SUMMARY

       Module                         code    ro data   rw data
       ------                         ----    -------   -------
    .\
       gpiointerrupt.o                288     0         252    
       main_nortos.o                  16      0         0      
    +--+------------------------------+-------+---------+---------+
       Total:                         304     0         252    
                                                               
    .\syscfg\
       ti_drivers_config.o            24      110       776    
    +--+------------------------------+-------+---------+---------+
       Total:                         24      110       776    
                                                               
    C:/ti/simplelink_cc32xx_sdk_7_10_00_13/kernel/nortos/lib/ticlang/m4/nortos_cc32xx.a
       HwiPCC32XX_nortos.c.obj        286     0         784    
       startup_cc32xx_ticlang.c.obj   88      64        780    
       ClockPSysTick_nortos.c.obj     524     0         28     
       SemaphoreP_nortos.c.obj        392     0         16     
       PowerCC32XX_nortos.c.obj       404     0         0      
       SwiP_nortos.c.obj              84      0         76     
       NoRTOS.c.obj                   4       0         0      
    +--+------------------------------+-------+---------+---------+
       Total:                         1782    64        1684   
                                                               
    C:/ti/simplelink_cc32xx_sdk_7_10_00_13/source/ti/devices/cc32xx/driverlib/ticlang/Release/driverlib.a
       prcm.obj                       2564    168       0      
       interrupt.obj                  868     308       0      
       pin.obj                        688     256       0      
       gpio.obj                       388     0         0      
       timer.obj                      278     0         0      
       flash.obj                      92      0         0      
       systick.obj                    76      0         0      
       cpu.obj                        52      0         0      
       utils.obj                      8       0         0      
    +--+------------------------------+-------+---------+---------+
       Total:                         5014    732       0      
                                                               
    C:/ti/simplelink_cc32xx_sdk_7_10_00_13/source/ti/drivers/lib/ticlang/m4/drivers_cc32xx.a
       PowerCC32XX.c.obj              1944    0         664    
       GPIOCC32XX.c.obj               960     73        26     
       TimerCC32XX.c.obj              880     12        4      
       Timer.c.obj                    150     12        0      
       PowerCC32XX_ticlang.asm.obj    150     0         0      
       List.c.obj                     76      0         0      
       GPIO.c.obj                     28      0         0      
    +--+------------------------------+-------+---------+---------+
       Total:                         4188    97        694    
                                                               
    C:\ti\ccs1280\ccs\tools\compiler\ti-cgt-armllvm_3.2.2.LTS\lib\armv7em-ti-none-eabi/c/libc.a
       memory.c.obj                   712     0         5      
       copy_decompress_lzss.c.obj     112     0         0      
       autoinit.c.obj                 56      0         0      
       boot_cortex_m.c.obj            36      0         0      
       copy_zero_init.c.obj           18      0         0      
       memcpy_t2.S.obj                18      0         0      
       copy_decompress_none.c.obj     14      0         0      
       _lock.c.obj                    2       0         8      
       exit.c.obj                     4       0         0      
       pre_init.c.obj                 4       0         0      
    +--+------------------------------+-------+---------+---------+
       Total:                         976     0         13     
                                                               
    C:\ti\ccs1280\ccs\tools\compiler\ti-cgt-armllvm_3.2.2.LTS\lib\clang/15.0.7/lib/armv7em-ti-none-eabi/libclang_rt.builtins.a
       udivmoddi4.S.obj               176     0         0      
       aeabi_uldivmod.S.obj           20      0         0      
       aeabi_memcpy.S.obj             4       0         0      
       aeabi_div0.c.obj               2       0         0      
    +--+------------------------------+-------+---------+---------+
       Total:                         202     0         0      
                                                               
       Heap:                          0       0         32768  
       Stack:                         0       0         4096   
       Linker Generated:              0       303       0      
    +--+------------------------------+-------+---------+---------+
       Grand Total:                   12490   1306      40283  


LINKER GENERATED COPY TABLES

__TI_cinit_table @ 20010034 records: 2, size/record: 8, table size: 16
	.data: load addr=2000ff14, load size=0000010b bytes, run addr=2000f110, run size=0000077d bytes, compression=lzss
	.bss: load addr=2001002c, load size=00000008 bytes, run addr=2000fc40, run size=000002d4 bytes, compression=zero_init


LINKER GENERATED HANDLER TABLE

__TI_handler_table @ 20010020 records: 3, size/record: 4, table size: 12
	index: 0, handler: __TI_decompress_lzss
	index: 1, handler: __TI_decompress_none
	index: 2, handler: __TI_zero_init


GLOBAL SYMBOLS: SORTED ALPHABETICALLY BY Name 

address   name                             
-------   ----                             
2000ee41  Board_init                       
2000d2f7  Board_initHook                   
2000f10c  C$$EXIT                          
2000ee83  CPUcpsid                         
2000ee97  CPUcpsie                         
2000f06b  CPUwfi                           
2000ef39  ClockP_add                       
2000fef8  ClockP_ctrl                      
2000e621  ClockP_destruct                  
2000f0e7  ClockP_doTick                    
2000efdd  ClockP_getCpuFreq                
2000efed  ClockP_getSystemTicks            
2000e8a5  ClockP_getTicksUntilInterrupt    
2000f0a9  ClockP_isActive                  
2000effd  ClockP_setTicks                  
2000e76d  ClockP_start                     
2000dc95  ClockP_startup                   
2000e56d  ClockP_stop                      
2000e065  ClockP_sysTickHandler            
2000f87c  ClockP_tickPeriod                
2000db25  FlashDisable                     
2000e1cb  GPIODirModeSet                   
2000ef4b  GPIOIntClear                     
2000ed75  GPIOIntDisable                   
2000ee11  GPIOIntEnable                    
2000e9c5  GPIOIntStatus                    
2000d105  GPIOIntTypeSet                   
2000ebe9  GPIOPinWrite                     
2000fbfc  GPIO_config                      
2000e211  GPIO_disableInt                  
2000e255  GPIO_enableInt                   
2000de45  GPIO_hwiIntFxn                   
2000d4c9  GPIO_init                        
2000fb99  GPIO_pinUpperBound               
2000eccd  GPIO_setCallback                 
2000cb75  GPIO_setConfig                   
2000df35  GPIO_setInterruptConfig          
2000dac5  GPIO_write                       
2000ef5d  HwiP_Params_init                 
2000f0eb  HwiP_clearInterrupt              
2000d6e9  HwiP_construct                   
2000e9f3  HwiP_create                      
2000ef6f  HwiP_delete                      
2000eeab  HwiP_destruct                    
2000d429  HwiP_disable                     
2000ece9  HwiP_dispatch                    
2000f0ef  HwiP_enable                      
2000f00d  HwiP_inISR                       
2000f0f3  HwiP_post                        
2000f0c7  HwiP_restore                     
2000f864  HwiP_swiPIntNum                  
UNDEFED   ITM_flush                        
UNDEFED   ITM_restore                      
2000cec5  IntDisable                       
2000cf8d  IntEnable                        
2000f0b3  IntMasterDisable                 
2000f0bd  IntMasterEnable                  
2000da5b  IntPendClear                     
2000d1b1  IntPendSet                       
2000dced  IntPrioritySet                   
2000ec2d  IntRegister                      
2000eb11  IntUnregister                    
2000eebf  IntVTableBaseSet                 
2000eb35  List_put                         
2000ea71  List_remove                      
2000f0fb  NoRTOS_start                     
2000c041  PRCMCC3200MCUInit                
2000ed8f  PRCMHIBRegRead                   
2000eda9  PRCMHIBRegWrite                  
2000d75d  PRCMHibernateWakeUpGPIOSelect    
2000db81  PRCMHibernateWakeupSourceDisable 
2000de95  PRCMHibernateWakeupSourceEnable  
2000e0ad  PRCMIntEnable                    
2000dd45  PRCMLPDSEnter                    
2000e185  PRCMLPDSEnterKeepDebugIf         
2000e8d5  PRCMLPDSIntervalSet              
2000df81  PRCMLPDSRestoreInfoSet           
2000ea1d  PRCMLPDSWakeUpGPIOSelect         
2000f077  PRCMLPDSWakeupCauseGet           
2000edc3  PRCMLPDSWakeupSourceDisable      
2000eb59  PRCMLPDSWakeupSourceEnable       
2000ea47  PRCMPeripheralClkDisable         
2000dc39  PRCMPeripheralClkEnable          
2000d9f1  PRCMPeripheralReset              
2000e0f5  PRCMPeripheralStatusGet          
2000ea99  PRCMSRAMRetentionEnable          
2000f0cf  PRCMSleepEnter                   
2000e905  PRCMSlowClkCtrFastGet            
2000d559  PRCMSysResetCauseGet             
2000e13d  PinConfigGet                     
2000d255  PinConfigSet                     
2000e7a1  PinDirModeGet                    
2000e52d  PinDirModeSet                    
2000e701  PinLock                          
2000d841  PinLockLevelSet                  
2000e7d5  PinModeGet                       
2000e365  PinModeSet                       
2000eddd  PinToPadGet                      
2000ec0b  PinUnlock                        
2000fb0c  PowerCC32XX_config               
2000d5e9  PowerCC32XX_configureWakeup      
2000fc40  PowerCC32XX_contextSave          
2000d431  PowerCC32XX_enterLPDS            
2000d4c7  PowerCC32XX_initPolicy           
2000f41c  PowerCC32XX_module               
2000e809  PowerCC32XX_parkPin              
2000eb7d  PowerCC32XX_restoreParkedPin     
2000d475  PowerCC32XX_resumeLPDS           
2000dd9d  PowerCC32XX_setParkState         
2000c8dd  PowerCC32XX_sleepPolicy          
2000eed5  Power_disablePolicy              
2000f01d  Power_enablePolicy               
2000f085  Power_getConstraintMask          
2000eee9  Power_getTransitionLatency       
2000eefd  Power_idleFunc                   
2000d671  Power_init                       
2000eba1  Power_registerNotify             
2000e299  Power_releaseConstraint          
2000ddf1  Power_releaseDependency          
2000e659  Power_setConstraint              
2000d8ad  Power_setDependency              
2000c4f9  Power_sleep                      
2000ec4d  Power_unregisterNotify           
2000dee5  SemaphoreP_construct             
2000ec6d  SemaphoreP_constructBinary       
2000ee29  SemaphoreP_create                
2000ec8d  SemaphoreP_createBinary          
2000f870  SemaphoreP_defaultParams         
2000f0ff  SemaphoreP_delete                
2000d5e7  SemaphoreP_destruct              
2000d2f9  SemaphoreP_pend                  
2000e46d  SemaphoreP_post                  
2000ed05  SwiP_disable                     
2000e691  SwiP_restore                     
2000ef81  SysTickEnable                    
2000ef93  SysTickIntDisable                
2000efa5  SysTickIntEnable                 
2000ee57  SysTickPeriodSet                 
2000efb7  TI_memcpy_small                  
2000dbdd  TimerCC32XX_allocateTimerResource
2000e83d  TimerCC32XX_freeTimerResource    
2000e3a7  TimerControlStall                
2000ecad  TimerDisable                     
2000edf7  TimerEnable                      
2000f02d  TimerIntClear                    
2000ee6d  TimerIntDisable                  
2000ef11  TimerIntEnable                   
2000e935  TimerLoadSet                     
2000e965  TimerPrescaleSet                 
2000eac1  TimerSupport_timerDisable        
2000e5e5  TimerSupport_timerEnable         
2000f03d  Timer_Params_init                
2000e3e9  Timer_close                      
2000fc34  Timer_config                     
2000fb9a  Timer_count                      
2000dac3  Timer_init                       
2000ca2d  Timer_open                       
2000e2dd  Timer_start                      
2000e4ad  Timer_stop                       
2000f0d7  UtilsDelay                       
20004000  __STACK_END                      
00001000  __STACK_SIZE                     
00008000  __SYSMEM_SIZE                    
00000000  __TI_ATRegion0_region_sz         
00000000  __TI_ATRegion0_src_addr          
00000000  __TI_ATRegion0_trg_addr          
00000000  __TI_ATRegion1_region_sz         
00000000  __TI_ATRegion1_src_addr          
00000000  __TI_ATRegion1_trg_addr          
00000000  __TI_ATRegion2_region_sz         
00000000  __TI_ATRegion2_src_addr          
00000000  __TI_ATRegion2_trg_addr          
20010034  __TI_CINIT_Base                  
20010044  __TI_CINIT_Limit                 
20010044  __TI_CINIT_Warm                  
20010020  __TI_Handler_Table_Base          
2001002c  __TI_Handler_Table_Limit         
2000e6c9  __TI_auto_init_nobinit_nopinit   
2000d7d1  __TI_decompress_lzss             
2000f05d  __TI_decompress_none             
ffffffff  __TI_pprof_out_hndl              
ffffffff  __TI_prof_data_size              
ffffffff  __TI_prof_data_start             
2000ff14  __TI_static_base__               
2000efc9  __TI_zero_init_nomemset          
2000dc93  __aeabi_ldiv0                    
2000f105  __aeabi_memcpy                   
2000f105  __aeabi_memcpy4                  
2000f105  __aeabi_memcpy8                  
2000ef25  __aeabi_uldivmod                 
ffffffff  __binit__                        
UNDEFED   __mpu_init                       
20003000  __stack                          
20004000  __start___llvm_prf_bits          
20004000  __start___llvm_prf_cnts          
20004000  __stop___llvm_prf_bits           
20004000  __stop___llvm_prf_cnts           
2000d055  __udivmoddi4                     
2000ebc5  _c_int00_noargs                  
2000f880  _lock                            
2000dd9b  _nop                             
20004040  _sys_memory                      
UNDEFED   _system_post_cinit               
2000f109  _system_pre_init                 
2000f884  _unlock                          
2000f10d  abort                            
2000ccb5  aligned_alloc                    
ffffffff  binit                            
2000f795  buttonPressed                    
2000e20f  clkFxn                           
2000cdd5  free                             
2000f091  gpioButtonFxn0                   
2000fd6c  gpioCallbackFunctions            
2000f710  gpioPinConfigs                   
2000fdf0  gpioUserArgs                     
2000e5a9  initTimer                        
2000e871  initVectors                      
2000f04d  main                             
2000e4ed  mainThread                       
2000f0df  malloc                           
2000ccb5  memalign                         
2000f7a0  okPattern                        
2000f588  parkInfo                         
2000ed59  resetISR                         
2000f794  sosMode                          
2000f680  sosPattern                       
2000fc0c  timerCC32XXHWAttrs               
2000fe74  timerCC32XXObjects               
2000d391  timerCallback                    


GLOBAL SYMBOLS: SORTED BY Symbol Address 

address   name                             
-------   ----                             
00000000  __TI_ATRegion0_region_sz         
00000000  __TI_ATRegion0_src_addr          
00000000  __TI_ATRegion0_trg_addr          
00000000  __TI_ATRegion1_region_sz         
00000000  __TI_ATRegion1_src_addr          
00000000  __TI_ATRegion1_trg_addr          
00000000  __TI_ATRegion2_region_sz         
00000000  __TI_ATRegion2_src_addr          
00000000  __TI_ATRegion2_trg_addr          
00001000  __STACK_SIZE                     
00008000  __SYSMEM_SIZE                    
20003000  __stack                          
20004000  __STACK_END                      
20004000  __start___llvm_prf_bits          
20004000  __start___llvm_prf_cnts          
20004000  __stop___llvm_prf_bits           
20004000  __stop___llvm_prf_cnts           
20004040  _sys_memory                      
2000c041  PRCMCC3200MCUInit                
2000c4f9  Power_sleep                      
2000c8dd  PowerCC32XX_sleepPolicy          
2000ca2d  Timer_open                       
2000cb75  GPIO_setConfig                   
2000ccb5  aligned_alloc                    
2000ccb5  memalign                         
2000cdd5  free                             
2000cec5  IntDisable                       
2000cf8d  IntEnable                        
2000d055  __udivmoddi4                     
2000d105  GPIOIntTypeSet                   
2000d1b1  IntPendSet                       
2000d255  PinConfigSet                     
2000d2f7  Board_initHook                   
2000d2f9  SemaphoreP_pend                  
2000d391  timerCallback                    
2000d429  HwiP_disable                     
2000d431  PowerCC32XX_enterLPDS            
2000d475  PowerCC32XX_resumeLPDS           
2000d4c7  PowerCC32XX_initPolicy           
2000d4c9  GPIO_init                        
2000d559  PRCMSysResetCauseGet             
2000d5e7  SemaphoreP_destruct              
2000d5e9  PowerCC32XX_configureWakeup      
2000d671  Power_init                       
2000d6e9  HwiP_construct                   
2000d75d  PRCMHibernateWakeUpGPIOSelect    
2000d7d1  __TI_decompress_lzss             
2000d841  PinLockLevelSet                  
2000d8ad  Power_setDependency              
2000d9f1  PRCMPeripheralReset              
2000da5b  IntPendClear                     
2000dac3  Timer_init                       
2000dac5  GPIO_write                       
2000db25  FlashDisable                     
2000db81  PRCMHibernateWakeupSourceDisable 
2000dbdd  TimerCC32XX_allocateTimerResource
2000dc39  PRCMPeripheralClkEnable          
2000dc93  __aeabi_ldiv0                    
2000dc95  ClockP_startup                   
2000dced  IntPrioritySet                   
2000dd45  PRCMLPDSEnter                    
2000dd9b  _nop                             
2000dd9d  PowerCC32XX_setParkState         
2000ddf1  Power_releaseDependency          
2000de45  GPIO_hwiIntFxn                   
2000de95  PRCMHibernateWakeupSourceEnable  
2000dee5  SemaphoreP_construct             
2000df35  GPIO_setInterruptConfig          
2000df81  PRCMLPDSRestoreInfoSet           
2000e065  ClockP_sysTickHandler            
2000e0ad  PRCMIntEnable                    
2000e0f5  PRCMPeripheralStatusGet          
2000e13d  PinConfigGet                     
2000e185  PRCMLPDSEnterKeepDebugIf         
2000e1cb  GPIODirModeSet                   
2000e20f  clkFxn                           
2000e211  GPIO_disableInt                  
2000e255  GPIO_enableInt                   
2000e299  Power_releaseConstraint          
2000e2dd  Timer_start                      
2000e365  PinModeSet                       
2000e3a7  TimerControlStall                
2000e3e9  Timer_close                      
2000e46d  SemaphoreP_post                  
2000e4ad  Timer_stop                       
2000e4ed  mainThread                       
2000e52d  PinDirModeSet                    
2000e56d  ClockP_stop                      
2000e5a9  initTimer                        
2000e5e5  TimerSupport_timerEnable         
2000e621  ClockP_destruct                  
2000e659  Power_setConstraint              
2000e691  SwiP_restore                     
2000e6c9  __TI_auto_init_nobinit_nopinit   
2000e701  PinLock                          
2000e76d  ClockP_start                     
2000e7a1  PinDirModeGet                    
2000e7d5  PinModeGet                       
2000e809  PowerCC32XX_parkPin              
2000e83d  TimerCC32XX_freeTimerResource    
2000e871  initVectors                      
2000e8a5  ClockP_getTicksUntilInterrupt    
2000e8d5  PRCMLPDSIntervalSet              
2000e905  PRCMSlowClkCtrFastGet            
2000e935  TimerLoadSet                     
2000e965  TimerPrescaleSet                 
2000e9c5  GPIOIntStatus                    
2000e9f3  HwiP_create                      
2000ea1d  PRCMLPDSWakeUpGPIOSelect         
2000ea47  PRCMPeripheralClkDisable         
2000ea71  List_remove                      
2000ea99  PRCMSRAMRetentionEnable          
2000eac1  TimerSupport_timerDisable        
2000eb11  IntUnregister                    
2000eb35  List_put                         
2000eb59  PRCMLPDSWakeupSourceEnable       
2000eb7d  PowerCC32XX_restoreParkedPin     
2000eba1  Power_registerNotify             
2000ebc5  _c_int00_noargs                  
2000ebe9  GPIOPinWrite                     
2000ec0b  PinUnlock                        
2000ec2d  IntRegister                      
2000ec4d  Power_unregisterNotify           
2000ec6d  SemaphoreP_constructBinary       
2000ec8d  SemaphoreP_createBinary          
2000ecad  TimerDisable                     
2000eccd  GPIO_setCallback                 
2000ece9  HwiP_dispatch                    
2000ed05  SwiP_disable                     
2000ed59  resetISR                         
2000ed75  GPIOIntDisable                   
2000ed8f  PRCMHIBRegRead                   
2000eda9  PRCMHIBRegWrite                  
2000edc3  PRCMLPDSWakeupSourceDisable      
2000eddd  PinToPadGet                      
2000edf7  TimerEnable                      
2000ee11  GPIOIntEnable                    
2000ee29  SemaphoreP_create                
2000ee41  Board_init                       
2000ee57  SysTickPeriodSet                 
2000ee6d  TimerIntDisable                  
2000ee83  CPUcpsid                         
2000ee97  CPUcpsie                         
2000eeab  HwiP_destruct                    
2000eebf  IntVTableBaseSet                 
2000eed5  Power_disablePolicy              
2000eee9  Power_getTransitionLatency       
2000eefd  Power_idleFunc                   
2000ef11  TimerIntEnable                   
2000ef25  __aeabi_uldivmod                 
2000ef39  ClockP_add                       
2000ef4b  GPIOIntClear                     
2000ef5d  HwiP_Params_init                 
2000ef6f  HwiP_delete                      
2000ef81  SysTickEnable                    
2000ef93  SysTickIntDisable                
2000efa5  SysTickIntEnable                 
2000efb7  TI_memcpy_small                  
2000efc9  __TI_zero_init_nomemset          
2000efdd  ClockP_getCpuFreq                
2000efed  ClockP_getSystemTicks            
2000effd  ClockP_setTicks                  
2000f00d  HwiP_inISR                       
2000f01d  Power_enablePolicy               
2000f02d  TimerIntClear                    
2000f03d  Timer_Params_init                
2000f04d  main                             
2000f05d  __TI_decompress_none             
2000f06b  CPUwfi                           
2000f077  PRCMLPDSWakeupCauseGet           
2000f085  Power_getConstraintMask          
2000f091  gpioButtonFxn0                   
2000f0a9  ClockP_isActive                  
2000f0b3  IntMasterDisable                 
2000f0bd  IntMasterEnable                  
2000f0c7  HwiP_restore                     
2000f0cf  PRCMSleepEnter                   
2000f0d7  UtilsDelay                       
2000f0df  malloc                           
2000f0e7  ClockP_doTick                    
2000f0eb  HwiP_clearInterrupt              
2000f0ef  HwiP_enable                      
2000f0f3  HwiP_post                        
2000f0fb  NoRTOS_start                     
2000f0ff  SemaphoreP_delete                
2000f105  __aeabi_memcpy                   
2000f105  __aeabi_memcpy4                  
2000f105  __aeabi_memcpy8                  
2000f109  _system_pre_init                 
2000f10c  C$$EXIT                          
2000f10d  abort                            
2000f41c  PowerCC32XX_module               
2000f588  parkInfo                         
2000f680  sosPattern                       
2000f710  gpioPinConfigs                   
2000f794  sosMode                          
2000f795  buttonPressed                    
2000f7a0  okPattern                        
2000f864  HwiP_swiPIntNum                  
2000f870  SemaphoreP_defaultParams         
2000f87c  ClockP_tickPeriod                
2000f880  _lock                            
2000f884  _unlock                          
2000fb0c  PowerCC32XX_config               
2000fb99  GPIO_pinUpperBound               
2000fb9a  Timer_count                      
2000fbfc  GPIO_config                      
2000fc0c  timerCC32XXHWAttrs               
2000fc34  Timer_config                     
2000fc40  PowerCC32XX_contextSave          
2000fd6c  gpioCallbackFunctions            
2000fdf0  gpioUserArgs                     
2000fe74  timerCC32XXObjects               
2000fef8  ClockP_ctrl                      
2000ff14  __TI_static_base__               
20010020  __TI_Handler_Table_Base          
2001002c  __TI_Handler_Table_Limit         
20010034  __TI_CINIT_Base                  
20010044  __TI_CINIT_Limit                 
20010044  __TI_CINIT_Warm                  
ffffffff  __TI_pprof_out_hndl              
ffffffff  __TI_prof_data_size              
ffffffff  __TI_prof_data_start             
ffffffff  __binit__                        
ffffffff  binit                            
UNDEFED   ITM_flush                        
UNDEFED   ITM_restore                      
UNDEFED   __mpu_init                       
UNDEFED   _system_post_cinit               

[229 symbols]
